Archive member included to satisfy reference by file (symbol)

C:/ST/STM32CubeIDE_1.16.0/STM32CubeIDE/plugins/com.st.stm32cube.ide.mcu.externaltools.gnu-tools-for-stm32.12.3.rel1.win32_1.0.200.202406191623/tools/bin/../lib/gcc/arm-none-eabi/12.3.1/../../../../arm-none-eabi/lib/thumb/v7-m/nofp\libc_nano.a(libc_a-exit.o)
                              C:/ST/STM32CubeIDE_1.16.0/STM32CubeIDE/plugins/com.st.stm32cube.ide.mcu.externaltools.gnu-tools-for-stm32.12.3.rel1.win32_1.0.200.202406191623/tools/bin/../lib/gcc/arm-none-eabi/12.3.1/../../../../arm-none-eabi/lib/thumb/v7-m/nofp/crt0.o (exit)
C:/ST/STM32CubeIDE_1.16.0/STM32CubeIDE/plugins/com.st.stm32cube.ide.mcu.externaltools.gnu-tools-for-stm32.12.3.rel1.win32_1.0.200.202406191623/tools/bin/../lib/gcc/arm-none-eabi/12.3.1/../../../../arm-none-eabi/lib/thumb/v7-m/nofp\libc_nano.a(libc_a-malloc.o)
                              ./Core/Src/MyDriversSrc/le910r1br.o (malloc)
C:/ST/STM32CubeIDE_1.16.0/STM32CubeIDE/plugins/com.st.stm32cube.ide.mcu.externaltools.gnu-tools-for-stm32.12.3.rel1.win32_1.0.200.202406191623/tools/bin/../lib/gcc/arm-none-eabi/12.3.1/../../../../arm-none-eabi/lib/thumb/v7-m/nofp\libc_nano.a(libc_a-mallocr.o)
                              C:/ST/STM32CubeIDE_1.16.0/STM32CubeIDE/plugins/com.st.stm32cube.ide.mcu.externaltools.gnu-tools-for-stm32.12.3.rel1.win32_1.0.200.202406191623/tools/bin/../lib/gcc/arm-none-eabi/12.3.1/../../../../arm-none-eabi/lib/thumb/v7-m/nofp\libc_nano.a(libc_a-malloc.o) (_malloc_r)
C:/ST/STM32CubeIDE_1.16.0/STM32CubeIDE/plugins/com.st.stm32cube.ide.mcu.externaltools.gnu-tools-for-stm32.12.3.rel1.win32_1.0.200.202406191623/tools/bin/../lib/gcc/arm-none-eabi/12.3.1/../../../../arm-none-eabi/lib/thumb/v7-m/nofp\libc_nano.a(libc_a-mlock.o)
                              C:/ST/STM32CubeIDE_1.16.0/STM32CubeIDE/plugins/com.st.stm32cube.ide.mcu.externaltools.gnu-tools-for-stm32.12.3.rel1.win32_1.0.200.202406191623/tools/bin/../lib/gcc/arm-none-eabi/12.3.1/../../../../arm-none-eabi/lib/thumb/v7-m/nofp\libc_nano.a(libc_a-mallocr.o) (__malloc_lock)
C:/ST/STM32CubeIDE_1.16.0/STM32CubeIDE/plugins/com.st.stm32cube.ide.mcu.externaltools.gnu-tools-for-stm32.12.3.rel1.win32_1.0.200.202406191623/tools/bin/../lib/gcc/arm-none-eabi/12.3.1/../../../../arm-none-eabi/lib/thumb/v7-m/nofp\libc_nano.a(libc_a-nano-vfprintf_float.o)
                              (_printf_float)
C:/ST/STM32CubeIDE_1.16.0/STM32CubeIDE/plugins/com.st.stm32cube.ide.mcu.externaltools.gnu-tools-for-stm32.12.3.rel1.win32_1.0.200.202406191623/tools/bin/../lib/gcc/arm-none-eabi/12.3.1/../../../../arm-none-eabi/lib/thumb/v7-m/nofp\libc_nano.a(libc_a-nano-vfprintf_i.o)
                              C:/ST/STM32CubeIDE_1.16.0/STM32CubeIDE/plugins/com.st.stm32cube.ide.mcu.externaltools.gnu-tools-for-stm32.12.3.rel1.win32_1.0.200.202406191623/tools/bin/../lib/gcc/arm-none-eabi/12.3.1/../../../../arm-none-eabi/lib/thumb/v7-m/nofp\libc_nano.a(libc_a-nano-vfprintf_float.o) (_printf_common)
C:/ST/STM32CubeIDE_1.16.0/STM32CubeIDE/plugins/com.st.stm32cube.ide.mcu.externaltools.gnu-tools-for-stm32.12.3.rel1.win32_1.0.200.202406191623/tools/bin/../lib/gcc/arm-none-eabi/12.3.1/../../../../arm-none-eabi/lib/thumb/v7-m/nofp\libc_nano.a(libc_a-findfp.o)
                              C:/ST/STM32CubeIDE_1.16.0/STM32CubeIDE/plugins/com.st.stm32cube.ide.mcu.externaltools.gnu-tools-for-stm32.12.3.rel1.win32_1.0.200.202406191623/tools/bin/../lib/gcc/arm-none-eabi/12.3.1/../../../../arm-none-eabi/lib/thumb/v7-m/nofp\libc_nano.a(libc_a-exit.o) (__stdio_exit_handler)
C:/ST/STM32CubeIDE_1.16.0/STM32CubeIDE/plugins/com.st.stm32cube.ide.mcu.externaltools.gnu-tools-for-stm32.12.3.rel1.win32_1.0.200.202406191623/tools/bin/../lib/gcc/arm-none-eabi/12.3.1/../../../../arm-none-eabi/lib/thumb/v7-m/nofp\libc_nano.a(libc_a-fwalk.o)
                              C:/ST/STM32CubeIDE_1.16.0/STM32CubeIDE/plugins/com.st.stm32cube.ide.mcu.externaltools.gnu-tools-for-stm32.12.3.rel1.win32_1.0.200.202406191623/tools/bin/../lib/gcc/arm-none-eabi/12.3.1/../../../../arm-none-eabi/lib/thumb/v7-m/nofp\libc_nano.a(libc_a-findfp.o) (_fwalk_sglue)
C:/ST/STM32CubeIDE_1.16.0/STM32CubeIDE/plugins/com.st.stm32cube.ide.mcu.externaltools.gnu-tools-for-stm32.12.3.rel1.win32_1.0.200.202406191623/tools/bin/../lib/gcc/arm-none-eabi/12.3.1/../../../../arm-none-eabi/lib/thumb/v7-m/nofp\libc_nano.a(libc_a-snprintf.o)
                              ./Core/Src/MyServicesSrc/state_machine.o (snprintf)
C:/ST/STM32CubeIDE_1.16.0/STM32CubeIDE/plugins/com.st.stm32cube.ide.mcu.externaltools.gnu-tools-for-stm32.12.3.rel1.win32_1.0.200.202406191623/tools/bin/../lib/gcc/arm-none-eabi/12.3.1/../../../../arm-none-eabi/lib/thumb/v7-m/nofp\libc_nano.a(libc_a-stdio.o)
[...]
Memory Configuration

Name             Origin             Length             Attributes
RAM              0x20000000         0x00005000         xrw
FLASH            0x08000000         0x00020000         xr
*default*        0x00000000         0xffffffff

Linker script and memory map

LOAD C:/ST/STM32CubeIDE_1.16.0/STM32CubeIDE/plugins/com.st.stm32cube.ide.mcu.externaltools.gnu-tools-for-stm32.12.3.rel1.win32_1.0.200.202406191623/tools/bin/../lib/gcc/arm-none-eabi/12.3.1/thumb/v7-m/nofp/crti.o
LOAD C:/ST/STM32CubeIDE_1.16.0/STM32CubeIDE/plugins/com.st.stm32cube.ide.mcu.externaltools.gnu-tools-for-stm32.12.3.rel1.win32_1.0.200.202406191623/tools/bin/../lib/gcc/arm-none-eabi/12.3.1/thumb/v7-m/nofp/crtbegin.o
LOAD C:/ST/STM32CubeIDE_1.16.0/STM32CubeIDE/plugins/com.st.stm32cube.ide.mcu.externaltools.gnu-tools-for-stm32.12.3.rel1.win32_1.0.200.202406191623/tools/bin/../lib/gcc/arm-none-eabi/12.3.1/../../../../arm-none-eabi/lib/thumb/v7-m/nofp/crt0.o
LOAD ./Core/Src/MyDriversSrc/aht20.o
LOAD ./Core/Src/MyDriversSrc/ajsr04m.o
LOAD ./Core/Src/MyDriversSrc/le910r1br.o
LOAD ./Core/Src/MyDriversSrc/leds.o
LOAD ./Core/Src/MyDriversSrc/lsd_callbacks.o
LOAD ./Core/Src/MyDriversSrc/lsd_common.o
LOAD ./Core/Src/MyServicesSrc/data_analysis.o
LOAD ./Core/Src/MyServicesSrc/device_sleep.o
LOAD ./Core/Src/MyServicesSrc/distance_measurements.o
LOAD ./Core/Src/MyServicesSrc/logs_management.o
LOAD ./Core/Src/MyServicesSrc/lte_transmission.o
LOAD ./Core/Src/MyServicesSrc/state_machine.o
LOAD ./Core/Src/MyServicesSrc/usb_transmission.o
LOAD ./Core/Src/main.o
LOAD ./Core/Src/stm32f1xx_hal_msp.o
LOAD ./Core/Src/stm32f1xx_it.o
LOAD ./Core/Src/syscalls.o
LOAD ./Core/Src/sysmem.o
LOAD ./Core/Src/system_stm32f1xx.o
LOAD ./Core/Startup/startup_stm32f103rbtx.o
LOAD ./Drivers/STM32F1xx_HAL_Driver/Src/stm32f1xx_hal.o
LOAD ./Drivers/STM32F1xx_HAL_Driver/Src/stm32f1xx_hal_cortex.o
LOAD ./Drivers/STM32F1xx_HAL_Driver/Src/stm32f1xx_hal_dma.o
LOAD ./Drivers/STM32F1xx_HAL_Driver/Src/stm32f1xx_hal_exti.o
LOAD ./Drivers/STM32F1xx_HAL_Driver/Src/stm32f1xx_hal_flash.o
LOAD ./Drivers/STM32F1xx_HAL_Driver/Src/stm32f1xx_hal_flash_ex.o
LOAD ./Drivers/STM32F1xx_HAL_Driver/Src/stm32f1xx_hal_gpio.o
LOAD ./Drivers/STM32F1xx_HAL_Driver/Src/stm32f1xx_hal_gpio_ex.o
LOAD ./Drivers/STM32F1xx_HAL_Driver/Src/stm32f1xx_hal_i2c.o
LOAD ./Drivers/STM32F1xx_HAL_Driver/Src/stm32f1xx_hal_pcd.o
LOAD ./Drivers/STM32F1xx_HAL_Driver/Src/stm32f1xx_hal_pcd_ex.o
LOAD ./Drivers/STM32F1xx_HAL_Driver/Src/stm32f1xx_hal_pwr.o
LOAD ./Drivers/STM32F1xx_HAL_Driver/Src/stm32f1xx_hal_rcc.o
LOAD ./Drivers/STM32F1xx_HAL_Driver/Src/stm32f1xx_hal_rcc_ex.o
LOAD ./Drivers/STM32F1xx_HAL_Driver/Src/stm32f1xx_hal_rtc.o
LOAD ./Drivers/STM32F1xx_HAL_Driver/Src/stm32f1xx_hal_rtc_ex.o
LOAD ./Drivers/STM32F1xx_HAL_Driver/Src/stm32f1xx_hal_tim.o
LOAD ./Drivers/STM32F1xx_HAL_Driver/Src/stm32f1xx_hal_tim_ex.o
LOAD ./Drivers/STM32F1xx_HAL_Driver/Src/stm32f1xx_hal_uart.o
LOAD ./Drivers/STM32F1xx_HAL_Driver/Src/stm32f1xx_ll_usb.o
LOAD ./Middlewares/ST/STM32_USB_Device_Library/Class/CDC/Src/usbd_cdc.o
LOAD ./Middlewares/ST/STM32_USB_Device_Library/Core/Src/usbd_core.o
LOAD ./Middlewares/ST/STM32_USB_Device_Library/Core/Src/usbd_ctlreq.o
LOAD ./Middlewares/ST/STM32_USB_Device_Library/Core/Src/usbd_ioreq.o
LOAD ./USB_DEVICE/App/usb_device.o
LOAD ./USB_DEVICE/App/usbd_cdc_if.o
LOAD ./USB_DEVICE/App/usbd_desc.o
LOAD ./USB_DEVICE/Target/usbd_conf.o
START GROUP
LOAD C:/ST/STM32CubeIDE_1.16.0/STM32CubeIDE/plugins/com.st.stm32cube.ide.mcu.externaltools.gnu-tools-for-stm32.12.3.rel1.win32_1.0.200.202406191623/tools/bin/../lib/gcc/arm-none-eabi/12.3.1/../../../../arm-none-eabi/lib/thumb/v7-m/nofp\libc_nano.a
LOAD C:/ST/STM32CubeIDE_1.16.0/STM32CubeIDE/plugins/com.st.stm32cube.ide.mcu.externaltools.gnu-tools-for-stm32.12.3.rel1.win32_1.0.200.202406191623/tools/bin/../lib/gcc/arm-none-eabi/12.3.1/../../../../arm-none-eabi/lib/thumb/v7-m/nofp\libm.a
END GROUP
START GROUP
LOAD C:/ST/STM32CubeIDE_1.16.0/STM32CubeIDE/plugins/com.st.stm32cube.ide.mcu.externaltools.gnu-tools-for-stm32.12.3.rel1.win32_1.0.200.202406191623/tools/bin/../lib/gcc/arm-none-eabi/12.3.1/thumb/v7-m/nofp\libgcc.a
LOAD C:/ST/STM32CubeIDE_1.16.0/STM32CubeIDE/plugins/com.st.stm32cube.ide.mcu.externaltools.gnu-tools-for-stm32.12.3.rel1.win32_1.0.200.202406191623/tools/bin/../lib/gcc/arm-none-eabi/12.3.1/../../../../arm-none-eabi/lib/thumb/v7-m/nofp\libc_nano.a
END GROUP
START GROUP
LOAD C:/ST/STM32CubeIDE_1.16.0/STM32CubeIDE/plugins/com.st.stm32cube.ide.mcu.externaltools.gnu-tools-for-stm32.12.3.rel1.win32_1.0.200.202406191623/tools/bin/../lib/gcc/arm-none-eabi/12.3.1/thumb/v7-m/nofp\libgcc.a
LOAD C:/ST/STM32CubeIDE_1.16.0/STM32CubeIDE/plugins/com.st.stm32cube.ide.mcu.externaltools.gnu-tools-for-stm32.12.3.rel1.win32_1.0.200.202406191623/tools/bin/../lib/gcc/arm-none-eabi/12.3.1/../../../../arm-none-eabi/lib/thumb/v7-m/nofp\libc_nano.a
LOAD C:/ST/STM32CubeIDE_1.16.0/STM32CubeIDE/plugins/com.st.stm32cube.ide.mcu.externaltools.gnu-tools-for-stm32.12.3.rel1.win32_1.0.200.202406191623/tools/bin/../lib/gcc/arm-none-eabi/12.3.1/../../../../arm-none-eabi/lib/thumb/v7-m/nofp\libnosys.a
END GROUP
START GROUP
LOAD C:/ST/STM32CubeIDE_1.16.0/STM32CubeIDE/plugins/com.st.stm32cube.ide.mcu.externaltools.gnu-tools-for-stm32.12.3.rel1.win32_1.0.200.202406191623/tools/bin/../lib/gcc/arm-none-eabi/12.3.1/thumb/v7-m/nofp\libgcc.a
LOAD C:/ST/STM32CubeIDE_1.16.0/STM32CubeIDE/plugins/com.st.stm32cube.ide.mcu.externaltools.gnu-tools-for-stm32.12.3.rel1.win32_1.0.200.202406191623/tools/bin/../lib/gcc/arm-none-eabi/12.3.1/../../../../arm-none-eabi/lib/thumb/v7-m/nofp\libc_nano.a
LOAD C:/ST/STM32CubeIDE_1.16.0/STM32CubeIDE/plugins/com.st.stm32cube.ide.mcu.externaltools.gnu-tools-for-stm32.12.3.rel1.win32_1.0.200.202406191623/tools/bin/../lib/gcc/arm-none-eabi/12.3.1/../../../../arm-none-eabi/lib/thumb/v7-m/nofp\libnosys.a
END GROUP
LOAD C:/ST/STM32CubeIDE_1.16.0/STM32CubeIDE/plugins/com.st.stm32cube.ide.mcu.externaltools.gnu-tools-for-stm32.12.3.rel1.win32_1.0.200.202406191623/tools/bin/../lib/gcc/arm-none-eabi/12.3.1/thumb/v7-m/nofp/crtend.o
LOAD C:/ST/STM32CubeIDE_1.16.0/STM32CubeIDE/plugins/com.st.stm32cube.ide.mcu.externaltools.gnu-tools-for-stm32.12.3.rel1.win32_1.0.200.202406191623/tools/bin/../lib/gcc/arm-none-eabi/12.3.1/thumb/v7-m/nofp/crtn.o
                0x20005000                        _estack = (ORIGIN (RAM) + LENGTH (RAM))
                0x00000200                        _Min_Heap_Size = 0x200
                0x00000400                        _Min_Stack_Size = 0x400

.isr_vector     0x08000000      0x10c
                0x08000000                        . = ALIGN (0x4)
 *(.isr_vector)
 .isr_vector    0x08000000      0x10c ./Core/Startup/startup_stm32f103rbtx.o
                0x08000000                g_pfnVectors
                0x0800010c                        . = ALIGN (0x4)

.text           0x08000110    0x129d8
                0x08000110                        . = ALIGN (0x4)
 *(.text)
 .text          0x08000110       0x40 C:/ST/STM32CubeIDE_1.16.0/STM32CubeIDE/plugins/com.st.stm32cube.ide.mcu.externaltools.gnu-tools-for-stm32.12.3.rel1.win32_1.0.200.202406191623/tools/bin/../lib/gcc/arm-none-eabi/12.3.1/thumb/v7-m/nofp/crtbegin.o
 .text          0x08000150       0x10 C:/ST/STM32CubeIDE_1.16.0/STM32CubeIDE/plugins/com.st.stm32cube.ide.mcu.externaltools.gnu-tools-for-stm32.12.3.rel1.win32_1.0.200.202406191623/tools/bin/../lib/gcc/arm-none-eabi/12.3.1/../../../../arm-none-eabi/lib/thumb/v7-m/nofp\libc_nano.a(libc_a-strlen.o)
                0x08000150                strlen
 .text          0x08000160      0x378 C:/ST/STM32CubeIDE_1.16.0/STM32CubeIDE/plugins/com.st.stm32cube.ide.mcu.externaltools.gnu-tools-for-stm32.12.3.rel1.win32_1.0.200.202406191623/tools/bin/../lib/gcc/arm-none-eabi/12.3.1/thumb/v7-m/nofp\libgcc.a(_arm_addsubdf3.o)
                0x08000160                __aeabi_drsub
                0x08000168                __aeabi_dsub
                0x08000168                __subdf3
                0x0800016c                __aeabi_dadd
                0x0800016c                __adddf3
                0x080003e4                __floatunsidf
                0x080003e4                __aeabi_ui2d
                0x08000404                __floatsidf
                0x08000404                __aeabi_i2d
                0x08000428                __aeabi_f2d
                0x08000428                __extendsfdf2
                0x0800046c                __floatundidf
                0x0800046c                __aeabi_ul2d
                0x0800047c                __floatdidf
                0x0800047c                __aeabi_l2d
 .text          0x080004d8      0x424 C:/ST/STM32CubeIDE_1.16.0/STM32CubeIDE/plugins/com.st.stm32cube.ide.mcu.externaltools.gnu-tools-for-stm32.12.3.rel1.win32_1.0.200.202406191623/tools/bin/../lib/gcc/arm-none-eabi/12.3.1/thumb/v7-m/nofp\libgcc.a(_arm_muldivdf3.o)
                0x080004d8                __aeabi_dmul
                0x080004d8                __muldf3
                0x0800072c                __divdf3
                0x0800072c                __aeabi_ddiv
 .text          0x080008fc      0x110 C:/ST/STM32CubeIDE_1.16.0/STM32CubeIDE/plugins/com.st.stm32cube.ide.mcu.externaltools.gnu-tools-for-stm32.12.3.rel1.win32_1.0.200.202406191623/tools/bin/../lib/gcc/arm-none-eabi/12.3.1/thumb/v7-m/nofp\libgcc.a(_arm_cmpdf2.o)
                0x080008fc                __gtdf2
                0x080008fc                __gedf2
                0x08000904                __ltdf2
                0x08000904                __ledf2
                0x0800090c                __nedf2
                0x0800090c                __eqdf2
                0x0800090c                __cmpdf2
                0x08000988                __aeabi_cdrcmple
                0x08000998                __aeabi_cdcmpeq
                0x08000998                __aeabi_cdcmple
                0x080009a8                __aeabi_dcmpeq
                0x080009bc                __aeabi_dcmplt
                0x080009d0                __aeabi_dcmple
                0x080009e4                __aeabi_dcmpge
                0x080009f8                __aeabi_dcmpgt
 .text          0x08000a0c       0x2c C:/ST/STM32CubeIDE_1.16.0/STM32CubeIDE/plugins/com.st.stm32cube.ide.mcu.externaltools.gnu-tools-for-stm32.12.3.rel1.win32_1.0.200.202406191623/tools/bin/../lib/gcc/arm-none-eabi/12.3.1/thumb/v7-m/nofp\libgcc.a(_arm_unorddf2.o)
                0x08000a0c                __unorddf2
                0x08000a0c                __aeabi_dcmpun
 .text          0x08000a38       0x50 C:/ST/STM32CubeIDE_1.16.0/STM32CubeIDE/plugins/com.st.stm32cube.ide.mcu.externaltools.gnu-tools-for-stm32.12.3.rel1.win32_1.0.200.202406191623/tools/bin/../lib/gcc/arm-none-eabi/12.3.1/thumb/v7-m/nofp\libgcc.a(_arm_fixdfsi.o)
                0x08000a38                __aeabi_d2iz
                0x08000a38                __fixdfsi
 .text          0x08000a88       0xa0 C:/ST/STM32CubeIDE_1.16.0/STM32CubeIDE/plugins/com.st.stm32cube.ide.mcu.externaltools.gnu-tools-for-stm32.12.3.rel1.win32_1.0.200.202406191623/tools/bin/../lib/gcc/arm-none-eabi/12.3.1/thumb/v7-m/nofp\libgcc.a(_arm_truncdfsf2.o)
                0x08000a88                __truncdfsf2
                0x08000a88                __aeabi_d2f
 .text          0x08000b28      0x21c C:/ST/STM32CubeIDE_1.16.0/STM32CubeIDE/plugins/com.st.stm32cube.ide.mcu.externaltools.gnu-tools-for-stm32.12.3.rel1.win32_1.0.200.202406191623/tools/bin/../lib/gcc/arm-none-eabi/12.3.1/thumb/v7-m/nofp\libgcc.a(_arm_addsubsf3.o)
                0x08000b28                __aeabi_frsub
                0x08000b30                __subsf3
                0x08000b30                __aeabi_fsub
                0x08000b34                __aeabi_fadd
                0x08000b34                __addsf3
                0x08000c94                __aeabi_ui2f
                0x08000c94                __floatunsisf
                0x08000c9c                __aeabi_i2f
                0x08000c9c                __floatsisf
                0x08000cb8                __aeabi_ul2f
                0x08000cb8                __floatundisf
                0x08000cc8                __aeabi_l2f
                0x08000cc8                __floatdisf
 .text          0x08000d44      0x2a0 C:/ST/STM32CubeIDE_1.16.0/STM32CubeIDE/plugins/com.st.stm32cube.ide.mcu.externaltools.gnu-tools-for-stm32.12.3.rel1.win32_1.0.200.202406191623/tools/bin/../lib/gcc/arm-none-eabi/12.3.1/thumb/v7-m/nofp\libgcc.a(_arm_muldivsf3.o)
                0x08000d44                __mulsf3
                0x08000d44                __aeabi_fmul
                0x08000eac                __aeabi_fdiv
                0x08000eac                __divsf3
 .text          0x08000fe4       0xec C:/ST/STM32CubeIDE_1.16.0/STM32CubeIDE/plugins/com.st.stm32cube.ide.mcu.externaltools.gnu-tools-for-stm32.12.3.rel1.win32_1.0.200.202406191623/tools/bin/../lib/gcc/arm-none-eabi/12.3.1/thumb/v7-m/nofp\libgcc.a(_arm_cmpsf2.o)
                0x08000fe4                __gesf2
                0x08000fe4                __gtsf2
                0x08000fec                __lesf2
                0x08000fec                __ltsf2
                0x08000ff4                __nesf2
                0x08000ff4                __eqsf2
                0x08000ff4                __cmpsf2
                0x08001054                __aeabi_cfrcmple
                0x0800105c                __aeabi_cfcmpeq
                0x0800105c                __aeabi_cfcmple
                0x0800106c                __aeabi_fcmpeq
                0x08001080                __aeabi_fcmplt
                0x08001094                __aeabi_fcmple
                0x080010a8                __aeabi_fcmpge
                0x080010bc                __aeabi_fcmpgt
 .text          0x080010d0       0x40 C:/ST/STM32CubeIDE_1.16.0/STM32CubeIDE/plugins/com.st.stm32cube.ide.mcu.externaltools.gnu-tools-for-stm32.12.3.rel1.win32_1.0.200.202406191623/tools/bin/../lib/gcc/arm-none-eabi/12.3.1/thumb/v7-m/nofp\libgcc.a(_arm_fixunssfsi.o)
                0x080010d0                __fixunssfsi
                0x080010d0                __aeabi_f2uiz
 *(.text*)
 .text.aht20_init
                0x08001110       0x3c ./Core/Src/MyDriversSrc/aht20.o
                0x08001110                aht20_init
 .text.aht20_update
                0x0800114c      0x110 ./Core/Src/MyDriversSrc/aht20.o
                0x0800114c                aht20_update
 .text.aht20_get_temperature_C
                0x0800125c       0x78 ./Core/Src/MyDriversSrc/aht20.o
                0x0800125c                aht20_get_temperature_C
 .text.aht20_get_humidity_RH
                0x080012d4       0x64 ./Core/Src/MyDriversSrc/aht20.o
                0x080012d4                aht20_get_humidity_RH
 .text.aht20_hal_i2c_transmit
                0x08001338       0x3c ./Core/Src/MyDriversSrc/aht20.o
 .text.aht20_hal_i2c_receive
                0x08001374       0x3c ./Core/Src/MyDriversSrc/aht20.o
 .text.calculate_crc8
                0x080013b0       0x74 ./Core/Src/MyDriversSrc/aht20.o
 .text.ajsr04m_init
                0x08001424       0x64 ./Core/Src/MyDriversSrc/ajsr04m.o
                0x08001424                ajsr04m_init
 .text.ajsr04m_read_tof_exti
                0x08001488        0xe ./Core/Src/MyDriversSrc/ajsr04m.o
                0x08001488                ajsr04m_read_tof_exti
 *fill*         0x08001496        0x2 
 .text.ajsr04m_get_tof_ms
                0x08001498       0x60 ./Core/Src/MyDriversSrc/ajsr04m.o
                0x08001498                ajsr04m_get_tof_ms
 .text.ajsr04m_callback_handler_echo_start
                0x080014f8       0x2c ./Core/Src/MyDriversSrc/ajsr04m.o
                0x080014f8                ajsr04m_callback_handler_echo_start
 .text.ajsr04m_callback_handler_echo_finish
                0x08001524       0x28 ./Core/Src/MyDriversSrc/ajsr04m.o
                0x08001524                ajsr04m_callback_handler_echo_finish
 .text.ajsr04m_trigger_measurement
                0x0800154c       0x34 ./Core/Src/MyDriversSrc/ajsr04m.o
 .text.le910r1br_init
                0x08001580       0x6c ./Core/Src/MyDriversSrc/le910r1br.o
                0x08001580                le910r1br_init
 .text.le910r1br_power_off
                0x080015ec       0x34 ./Core/Src/MyDriversSrc/le910r1br.o
                0x080015ec                le910r1br_power_off
 .text.leds_init
                0x08001620       0xc0 ./Core/Src/MyDriversSrc/leds.o
                0x08001620                leds_init
 .text.leds_turn_on
                0x080016e0       0xb4 ./Core/Src/MyDriversSrc/leds.o
                0x080016e0                leds_turn_on
 .text.leds_turn_off
                0x08001794       0xa0 ./Core/Src/MyDriversSrc/leds.o
                0x08001794                leds_turn_off
 .text.leds_blink_fast
                0x08001834       0xec ./Core/Src/MyDriversSrc/leds.o
                0x08001834                leds_blink_fast
 .text.leds_callback_handler
                0x08001920       0x88 ./Core/Src/MyDriversSrc/leds.o
                0x08001920                leds_callback_handler
 .text.leds_write_value
                0x080019a8       0x3c ./Core/Src/MyDriversSrc/leds.o
 .text.leds_timer_set_compare_value
                0x080019e4       0x94 ./Core/Src/MyDriversSrc/leds.o
 .text.HAL_TIM_OC_DelayElapsedCallback
                0x08001a78       0x30 ./Core/Src/MyDriversSrc/lsd_callbacks.o
                0x08001a78                HAL_TIM_OC_DelayElapsedCallback
 .text.HAL_GPIO_EXTI_Callback
                0x08001aa8       0x38 ./Core/Src/MyDriversSrc/lsd_callbacks.o
                0x08001aa8                HAL_GPIO_EXTI_Callback
 .text.HAL_UART_RxCpltCallback
                0x08001ae0       0x12 ./Core/Src/MyDriversSrc/lsd_callbacks.o
                0x08001ae0                HAL_UART_RxCpltCallback
 *fill*         0x08001af2        0x2 
 .text.HAL_UART_TxCpltCallback
                0x08001af4       0x2c ./Core/Src/MyDriversSrc/lsd_callbacks.o
                0x08001af4                HAL_UART_TxCpltCallback
 .text.lsd_common_init
                0x08001b20       0x3c ./Core/Src/MyDriversSrc/lsd_common.o
                0x08001b20                lsd_common_init
 .text.lsd_delay_us
                0x08001b5c       0x50 ./Core/Src/MyDriversSrc/lsd_common.o
                0x08001b5c                lsd_delay_us
 .text.lsd_delay_ms
                0x08001bac       0x2c ./Core/Src/MyDriversSrc/lsd_common.o
                0x08001bac                lsd_delay_ms
 .text.lsd_get_rtc_timestamp
                0x08001bd8       0x94 ./Core/Src/MyDriversSrc/lsd_common.o
                0x08001bd8                lsd_get_rtc_timestamp
 .text.lsd_analyze_data
                0x08001c6c       0x24 ./Core/Src/MyServicesSrc/data_analysis.o
                0x08001c6c                lsd_analyze_data
 .text.update_thresold_values
                0x08001c90       0xa4 ./Core/Src/MyServicesSrc/data_analysis.o
 .text.categoryze_recent_data
                0x08001d34       0x74 ./Core/Src/MyServicesSrc/data_analysis.o
 .text.compare_threshold
                0x08001da8       0x6c ./Core/Src/MyServicesSrc/data_analysis.o
 .text.lsd_exit_stop_mode
                0x08001e14       0x24 ./Core/Src/MyServicesSrc/device_sleep.o
                0x08001e14                lsd_exit_stop_mode
 .text.lsd_enter_stop_mode
                0x08001e38       0x38 ./Core/Src/MyServicesSrc/device_sleep.o
                0x08001e38                lsd_enter_stop_mode
 .text.lsd_measure_distance
                0x08001e70       0x28 ./Core/Src/MyServicesSrc/distance_measurements.o
                0x08001e70                lsd_measure_distance
 .text.read_climate_variables
                0x08001e98       0x28 ./Core/Src/MyServicesSrc/distance_measurements.o
 .text.calculate_speed_of_sound
                0x08001ec0        0xc ./Core/Src/MyServicesSrc/distance_measurements.o
 .text.calculate_distance
                0x08001ecc       0x6c ./Core/Src/MyServicesSrc/distance_measurements.o
 .text.calculate_speed_of_sound_Cramer_1993
                0x08001f38      0x63c ./Core/Src/MyServicesSrc/distance_measurements.o
 .text.lsd_log_write
                0x08002574       0x40 ./Core/Src/MyServicesSrc/logs_management.o
                0x08002574                lsd_log_write
 .text.write_log_values
                0x080025b4      0x324 ./Core/Src/MyServicesSrc/logs_management.o
 .text.log_values_check
                0x080028d8       0x68 ./Core/Src/MyServicesSrc/logs_management.o
 .text.update_pos_indexes
                0x08002940       0x50 ./Core/Src/MyServicesSrc/logs_management.o
 .text.state_machine_init
                0x08002990       0xfc ./Core/Src/MyServicesSrc/state_machine.o
                0x08002990                state_machine_init
 .text.state_machine_run
                0x08002a8c       0x60 ./Core/Src/MyServicesSrc/state_machine.o
                0x08002a8c                state_machine_run
 .text.state_machine_run_s0_wakeup
                0x08002aec       0xc8 ./Core/Src/MyServicesSrc/state_machine.o
 .text.state_machine_run_s1_measure
                0x08002bb4       0x5c ./Core/Src/MyServicesSrc/state_machine.o
 .text.state_machine_run_s2_analyze
                0x08002c10       0x50 ./Core/Src/MyServicesSrc/state_machine.o
 .text.state_machine_run_s3_transmit
                0x08002c60       0x48 ./Core/Src/MyServicesSrc/state_machine.o
 .text.state_machine_run_s4_sleep
                0x08002ca8       0x68 ./Core/Src/MyServicesSrc/state_machine.o
 .text.state_machine_run_s5_fail_safe
                0x08002d10       0x50 ./Core/Src/MyServicesSrc/state_machine.o
 .text.lsd_usb_init
                0x08002d60       0x84 ./Core/Src/MyServicesSrc/usb_transmission.o
                0x08002d60                lsd_usb_init
 .text.lsd_usb_reinit
                0x08002de4       0x18 ./Core/Src/MyServicesSrc/usb_transmission.o
                0x08002de4                lsd_usb_reinit
 .text.lsd_usb_deinit
                0x08002dfc       0x18 ./Core/Src/MyServicesSrc/usb_transmission.o
                0x08002dfc                lsd_usb_deinit
 .text.lsd_print_msg_usb
                0x08002e14       0x3c ./Core/Src/MyServicesSrc/usb_transmission.o
                0x08002e14                lsd_print_msg_usb
 .text.lsd_print_log_data_usb
                0x08002e50      0x228 ./Core/Src/MyServicesSrc/usb_transmission.o
                0x08002e50                lsd_print_log_data_usb
 .text.main     0x08003078       0x8c ./Core/Src/main.o
                0x08003078                main
 .text.SystemClock_Config
                0x08003104       0xbe ./Core/Src/main.o
                0x08003104                SystemClock_Config
 *fill*         0x080031c2        0x2 
 .text.MX_I2C1_Init
                0x080031c4       0x5c ./Core/Src/main.o
 .text.MX_RTC_Init
                0x08003220       0xc8 ./Core/Src/main.o
 .text.MX_TIM2_Init
                0x080032e8       0xfc ./Core/Src/main.o
 .text.MX_TIM3_Init
                0x080033e4       0x9c ./Core/Src/main.o
 .text.MX_TIM4_Init
                0x08003480       0x9c ./Core/Src/main.o
 .text.MX_USART1_UART_Init
                0x0800351c       0x54 ./Core/Src/main.o
 .text.MX_USART2_UART_Init
                0x08003570       0x54 ./Core/Src/main.o
 .text.MX_GPIO_Init
                0x080035c4      0x130 ./Core/Src/main.o
 .text.Error_Handler
                0x080036f4        0xc ./Core/Src/main.o
                0x080036f4                Error_Handler
 .text.HAL_MspInit
                0x08003700       0x74 ./Core/Src/stm32f1xx_hal_msp.o
                0x08003700                HAL_MspInit
 .text.HAL_I2C_MspInit
                0x08003774       0x7c ./Core/Src/stm32f1xx_hal_msp.o
                0x08003774                HAL_I2C_MspInit
 .text.HAL_RTC_MspInit
                0x080037f0       0x68 ./Core/Src/stm32f1xx_hal_msp.o
                0x080037f0                HAL_RTC_MspInit
 .text.HAL_TIM_Base_MspInit
                0x08003858       0xb8 ./Core/Src/stm32f1xx_hal_msp.o
                0x08003858                HAL_TIM_Base_MspInit
 .text.HAL_UART_MspInit
                0x08003910      0x118 ./Core/Src/stm32f1xx_hal_msp.o
                0x08003910                HAL_UART_MspInit
 .text.HAL_UART_MspDeInit
                0x08003a28       0x68 ./Core/Src/stm32f1xx_hal_msp.o
                0x08003a28                HAL_UART_MspDeInit
 .text.NMI_Handler
                0x08003a90        0x8 ./Core/Src/stm32f1xx_it.o
                0x08003a90                NMI_Handler
 .text.HardFault_Handler
                0x08003a98        0x8 ./Core/Src/stm32f1xx_it.o
                0x08003a98                HardFault_Handler
 .text.MemManage_Handler
                0x08003aa0        0x8 ./Core/Src/stm32f1xx_it.o
                0x08003aa0                MemManage_Handler
 .text.BusFault_Handler
                0x08003aa8        0x8 ./Core/Src/stm32f1xx_it.o
                0x08003aa8                BusFault_Handler
 .text.UsageFault_Handler
                0x08003ab0        0x8 ./Core/Src/stm32f1xx_it.o
                0x08003ab0                UsageFault_Handler
 .text.SVC_Handler
                0x08003ab8        0xc ./Core/Src/stm32f1xx_it.o
                0x08003ab8                SVC_Handler
 .text.DebugMon_Handler
                0x08003ac4        0xc ./Core/Src/stm32f1xx_it.o
                0x08003ac4                DebugMon_Handler
 .text.PendSV_Handler
                0x08003ad0        0xc ./Core/Src/stm32f1xx_it.o
                0x08003ad0                PendSV_Handler
 .text.SysTick_Handler
                0x08003adc        0xc ./Core/Src/stm32f1xx_it.o
                0x08003adc                SysTick_Handler
 .text.PVD_IRQHandler
                0x08003ae8        0xc ./Core/Src/stm32f1xx_it.o
                0x08003ae8                PVD_IRQHandler
 .text.RTC_IRQHandler
                0x08003af4       0x14 ./Core/Src/stm32f1xx_it.o
                0x08003af4                RTC_IRQHandler
 .text.EXTI0_IRQHandler
                0x08003b08        0xe ./Core/Src/stm32f1xx_it.o
                0x08003b08                EXTI0_IRQHandler
 *fill*         0x08003b16        0x2 
 .text.USB_HP_CAN1_TX_IRQHandler
                0x08003b18       0x14 ./Core/Src/stm32f1xx_it.o
                0x08003b18                USB_HP_CAN1_TX_IRQHandler
 .text.USB_LP_CAN1_RX0_IRQHandler
                0x08003b2c       0x14 ./Core/Src/stm32f1xx_it.o
                0x08003b2c                USB_LP_CAN1_RX0_IRQHandler
 .text.TIM2_IRQHandler
                0x08003b40       0x14 ./Core/Src/stm32f1xx_it.o
                0x08003b40                TIM2_IRQHandler
 .text.TIM3_IRQHandler
                0x08003b54       0x14 ./Core/Src/stm32f1xx_it.o
                0x08003b54                TIM3_IRQHandler
 .text.TIM4_IRQHandler
                0x08003b68       0x14 ./Core/Src/stm32f1xx_it.o
                0x08003b68                TIM4_IRQHandler
 .text.USART2_IRQHandler
                0x08003b7c       0x14 ./Core/Src/stm32f1xx_it.o
                0x08003b7c                USART2_IRQHandler
 .text.RTC_Alarm_IRQHandler
                0x08003b90       0x14 ./Core/Src/stm32f1xx_it.o
                0x08003b90                RTC_Alarm_IRQHandler
 .text._getpid  0x08003ba4        0xe ./Core/Src/syscalls.o
                0x08003ba4                _getpid
 .text._kill    0x08003bb2       0x20 ./Core/Src/syscalls.o
                0x08003bb2                _kill
 .text._exit    0x08003bd2       0x16 ./Core/Src/syscalls.o
                0x08003bd2                _exit
 .text._read    0x08003be8       0x3a ./Core/Src/syscalls.o
                0x08003be8                _read
 .text._write   0x08003c22       0x38 ./Core/Src/syscalls.o
                0x08003c22                _write
 .text._close   0x08003c5a       0x16 ./Core/Src/syscalls.o
                0x08003c5a                _close
 .text._fstat   0x08003c70       0x1e ./Core/Src/syscalls.o
                0x08003c70                _fstat
 .text._isatty  0x08003c8e       0x14 ./Core/Src/syscalls.o
                0x08003c8e                _isatty
 .text._lseek   0x08003ca2       0x18 ./Core/Src/syscalls.o
                0x08003ca2                _lseek
 *fill*         0x08003cba        0x2 
 .text._sbrk    0x08003cbc       0x6c ./Core/Src/sysmem.o
                0x08003cbc                _sbrk
 .text.SystemInit
                0x08003d28        0xc ./Core/Src/system_stm32f1xx.o
                0x08003d28                SystemInit
 .text.Reset_Handler
                0x08003d34       0x48 ./Core/Startup/startup_stm32f103rbtx.o
                0x08003d34                Reset_Handler
 .text.Default_Handler
                0x08003d7c        0x2 ./Core/Startup/startup_stm32f103rbtx.o
                0x08003d7c                EXTI2_IRQHandler
                0x08003d7c                TIM1_CC_IRQHandler
                0x08003d7c                EXTI3_IRQHandler
                0x08003d7c                I2C2_EV_IRQHandler
                0x08003d7c                ADC1_2_IRQHandler
                0x08003d7c                SPI1_IRQHandler
                0x08003d7c                TAMPER_IRQHandler
                0x08003d7c                DMA1_Channel4_IRQHandler
                0x08003d7c                USART3_IRQHandler
                0x08003d7c                DMA1_Channel7_IRQHandler
                0x08003d7c                CAN1_RX1_IRQHandler
                0x08003d7c                I2C1_EV_IRQHandler
                0x08003d7c                DMA1_Channel6_IRQHandler
                0x08003d7c                RCC_IRQHandler
                0x08003d7c                TIM1_TRG_COM_IRQHandler
                0x08003d7c                DMA1_Channel1_IRQHandler
                0x08003d7c                Default_Handler
                0x08003d7c                EXTI15_10_IRQHandler
                0x08003d7c                EXTI9_5_IRQHandler
                0x08003d7c                SPI2_IRQHandler
                0x08003d7c                DMA1_Channel5_IRQHandler
                0x08003d7c                EXTI4_IRQHandler
                0x08003d7c                DMA1_Channel3_IRQHandler
                0x08003d7c                TIM1_UP_IRQHandler
                0x08003d7c                WWDG_IRQHandler
                0x08003d7c                TIM1_BRK_IRQHandler
                0x08003d7c                EXTI1_IRQHandler
                0x08003d7c                I2C2_ER_IRQHandler
                0x08003d7c                DMA1_Channel2_IRQHandler
                0x08003d7c                CAN1_SCE_IRQHandler
                0x08003d7c                FLASH_IRQHandler
                0x08003d7c                USART1_IRQHandler
                0x08003d7c                I2C1_ER_IRQHandler
                0x08003d7c                USBWakeUp_IRQHandler
 *fill*         0x08003d7e        0x2 
 .text.HAL_Init
                0x08003d80       0x2c ./Drivers/STM32F1xx_HAL_Driver/Src/stm32f1xx_hal.o
                0x08003d80                HAL_Init
 .text.HAL_InitTick
                0x08003dac       0x60 ./Drivers/STM32F1xx_HAL_Driver/Src/stm32f1xx_hal.o
                0x08003dac                HAL_InitTick
 .text.HAL_IncTick
                0x08003e0c       0x24 ./Drivers/STM32F1xx_HAL_Driver/Src/stm32f1xx_hal.o
                0x08003e0c                HAL_IncTick
 .text.HAL_GetTick
                0x08003e30       0x14 ./Drivers/STM32F1xx_HAL_Driver/Src/stm32f1xx_hal.o
                0x08003e30                HAL_GetTick
 .text.HAL_Delay
                0x08003e44       0x48 ./Drivers/STM32F1xx_HAL_Driver/Src/stm32f1xx_hal.o
                0x08003e44                HAL_Delay
 .text.__NVIC_SetPriorityGrouping
                0x08003e8c       0x48 ./Drivers/STM32F1xx_HAL_Driver/Src/stm32f1xx_hal_cortex.o
 .text.__NVIC_GetPriorityGrouping
                0x08003ed4       0x1c ./Drivers/STM32F1xx_HAL_Driver/Src/stm32f1xx_hal_cortex.o
 .text.__NVIC_EnableIRQ
                0x08003ef0       0x38 ./Drivers/STM32F1xx_HAL_Driver/Src/stm32f1xx_hal_cortex.o
 .text.__NVIC_DisableIRQ
                0x08003f28       0x48 ./Drivers/STM32F1xx_HAL_Driver/Src/stm32f1xx_hal_cortex.o
 .text.__NVIC_SetPriority
                0x08003f70       0x54 ./Drivers/STM32F1xx_HAL_Driver/Src/stm32f1xx_hal_cortex.o
 .text.NVIC_EncodePriority
                0x08003fc4       0x64 ./Drivers/STM32F1xx_HAL_Driver/Src/stm32f1xx_hal_cortex.o
 .text.SysTick_Config
                0x08004028       0x44 ./Drivers/STM32F1xx_HAL_Driver/Src/stm32f1xx_hal_cortex.o
 .text.HAL_NVIC_SetPriorityGrouping
                0x0800406c       0x16 ./Drivers/STM32F1xx_HAL_Driver/Src/stm32f1xx_hal_cortex.o
                0x0800406c                HAL_NVIC_SetPriorityGrouping
 .text.HAL_NVIC_SetPriority
                0x08004082       0x38 ./Drivers/STM32F1xx_HAL_Driver/Src/stm32f1xx_hal_cortex.o
                0x08004082                HAL_NVIC_SetPriority
 .text.HAL_NVIC_EnableIRQ
                0x080040ba       0x1c ./Drivers/STM32F1xx_HAL_Driver/Src/stm32f1xx_hal_cortex.o
                0x080040ba                HAL_NVIC_EnableIRQ
 .text.HAL_NVIC_DisableIRQ
                0x080040d6       0x1c ./Drivers/STM32F1xx_HAL_Driver/Src/stm32f1xx_hal_cortex.o
                0x080040d6                HAL_NVIC_DisableIRQ
 .text.HAL_SYSTICK_Config
                0x080040f2       0x18 ./Drivers/STM32F1xx_HAL_Driver/Src/stm32f1xx_hal_cortex.o
                0x080040f2                HAL_SYSTICK_Config
 .text.HAL_DMA_Abort
                0x0800410a       0x76 ./Drivers/STM32F1xx_HAL_Driver/Src/stm32f1xx_hal_dma.o
                0x0800410a                HAL_DMA_Abort
 .text.HAL_DMA_Abort_IT
                0x08004180       0xf0 ./Drivers/STM32F1xx_HAL_Driver/Src/stm32f1xx_hal_dma.o
                0x08004180                HAL_DMA_Abort_IT
 .text.HAL_GPIO_Init
                0x08004270      0x308 ./Drivers/STM32F1xx_HAL_Driver/Src/stm32f1xx_hal_gpio.o
                0x08004270                HAL_GPIO_Init
 .text.HAL_GPIO_DeInit
                0x08004578      0x178 ./Drivers/STM32F1xx_HAL_Driver/Src/stm32f1xx_hal_gpio.o
                0x08004578                HAL_GPIO_DeInit
 .text.HAL_GPIO_ReadPin
                0x080046f0       0x2e ./Drivers/STM32F1xx_HAL_Driver/Src/stm32f1xx_hal_gpio.o
                0x080046f0                HAL_GPIO_ReadPin
 .text.HAL_GPIO_WritePin
                0x0800471e       0x30 ./Drivers/STM32F1xx_HAL_Driver/Src/stm32f1xx_hal_gpio.o
                0x0800471e                HAL_GPIO_WritePin
 *fill*         0x0800474e        0x2 
 .text.HAL_GPIO_EXTI_IRQHandler
                0x08004750       0x30 ./Drivers/STM32F1xx_HAL_Driver/Src/stm32f1xx_hal_gpio.o
                0x08004750                HAL_GPIO_EXTI_IRQHandler
 .text.HAL_I2C_Init
                0x08004780      0x288 ./Drivers/STM32F1xx_HAL_Driver/Src/stm32f1xx_hal_i2c.o
                0x08004780                HAL_I2C_Init
 .text.HAL_I2C_Master_Transmit
                0x08004a08      0x1fc ./Drivers/STM32F1xx_HAL_Driver/Src/stm32f1xx_hal_i2c.o
                0x08004a08                HAL_I2C_Master_Transmit
 .text.HAL_I2C_Master_Receive
                0x08004c04      0x4d8 ./Drivers/STM32F1xx_HAL_Driver/Src/stm32f1xx_hal_i2c.o
                0x08004c04                HAL_I2C_Master_Receive
 .text.I2C_MasterRequestWrite
                0x080050dc      0x104 ./Drivers/STM32F1xx_HAL_Driver/Src/stm32f1xx_hal_i2c.o
 .text.I2C_MasterRequestRead
                0x080051e0      0x19c ./Drivers/STM32F1xx_HAL_Driver/Src/stm32f1xx_hal_i2c.o
 .text.I2C_WaitOnFlagUntilTimeout
                0x0800537c       0xf4 ./Drivers/STM32F1xx_HAL_Driver/Src/stm32f1xx_hal_i2c.o
 .text.I2C_WaitOnMasterAddressFlagUntilTimeout
                0x08005470      0x140 ./Drivers/STM32F1xx_HAL_Driver/Src/stm32f1xx_hal_i2c.o
 .text.I2C_WaitOnTXEFlagUntilTimeout
                0x080055b0       0x90 ./Drivers/STM32F1xx_HAL_Driver/Src/stm32f1xx_hal_i2c.o
 .text.I2C_WaitOnBTFFlagUntilTimeout
                0x08005640       0x90 ./Drivers/STM32F1xx_HAL_Driver/Src/stm32f1xx_hal_i2c.o
 .text.I2C_WaitOnRXNEFlagUntilTimeout
                0x080056d0       0xba ./Drivers/STM32F1xx_HAL_Driver/Src/stm32f1xx_hal_i2c.o
 .text.I2C_IsAcknowledgeFailed
                0x0800578a       0x5c ./Drivers/STM32F1xx_HAL_Driver/Src/stm32f1xx_hal_i2c.o
 .text.HAL_PCD_Init
                0x080057e6      0x1ec ./Drivers/STM32F1xx_HAL_Driver/Src/stm32f1xx_hal_pcd.o
                0x080057e6                HAL_PCD_Init
 .text.HAL_PCD_Start
                0x080059d2       0x4c ./Drivers/STM32F1xx_HAL_Driver/Src/stm32f1xx_hal_pcd.o
                0x080059d2                HAL_PCD_Start
 .text.HAL_PCD_IRQHandler
                0x08005a1e      0x260 ./Drivers/STM32F1xx_HAL_Driver/Src/stm32f1xx_hal_pcd.o
                0x08005a1e                HAL_PCD_IRQHandler
 .text.HAL_PCD_SetAddress
                0x08005c7e       0x48 ./Drivers/STM32F1xx_HAL_Driver/Src/stm32f1xx_hal_pcd.o
                0x08005c7e                HAL_PCD_SetAddress
 .text.HAL_PCD_EP_Open
                0x08005cc6       0xba ./Drivers/STM32F1xx_HAL_Driver/Src/stm32f1xx_hal_pcd.o
                0x08005cc6                HAL_PCD_EP_Open
 .text.HAL_PCD_EP_Close
                0x08005d80       0x90 ./Drivers/STM32F1xx_HAL_Driver/Src/stm32f1xx_hal_pcd.o
                0x08005d80                HAL_PCD_EP_Close
 .text.HAL_PCD_EP_Receive
                0x08005e10       0x62 ./Drivers/STM32F1xx_HAL_Driver/Src/stm32f1xx_hal_pcd.o
                0x08005e10                HAL_PCD_EP_Receive
 .text.HAL_PCD_EP_GetRxCount
                0x08005e72       0x2e ./Drivers/STM32F1xx_HAL_Driver/Src/stm32f1xx_hal_pcd.o
                0x08005e72                HAL_PCD_EP_GetRxCount
 .text.HAL_PCD_EP_Transmit
                0x08005ea0       0x6e ./Drivers/STM32F1xx_HAL_Driver/Src/stm32f1xx_hal_pcd.o
                0x08005ea0                HAL_PCD_EP_Transmit
 .text.HAL_PCD_EP_SetStall
                0x08005f0e       0xc0 ./Drivers/STM32F1xx_HAL_Driver/Src/stm32f1xx_hal_pcd.o
                0x08005f0e                HAL_PCD_EP_SetStall
 .text.HAL_PCD_EP_ClrStall
                0x08005fce       0xa8 ./Drivers/STM32F1xx_HAL_Driver/Src/stm32f1xx_hal_pcd.o
                0x08005fce                HAL_PCD_EP_ClrStall
 .text.PCD_EP_ISR_Handler
                0x08006076      0x79e ./Drivers/STM32F1xx_HAL_Driver/Src/stm32f1xx_hal_pcd.o
 .text.HAL_PCD_EP_DB_Receive
                0x08006814      0x21a ./Drivers/STM32F1xx_HAL_Driver/Src/stm32f1xx_hal_pcd.o
 .text.HAL_PCD_EP_DB_Transmit
                0x08006a2e      0x7f4 ./Drivers/STM32F1xx_HAL_Driver/Src/stm32f1xx_hal_pcd.o
 .text.HAL_PCDEx_PMAConfig
                0x08007222       0x84 ./Drivers/STM32F1xx_HAL_Driver/Src/stm32f1xx_hal_pcd_ex.o
                0x08007222                HAL_PCDEx_PMAConfig
 .text.PWR_OverloadWfe
                0x080072a6       0x10 ./Drivers/STM32F1xx_HAL_Driver/Src/stm32f1xx_hal_pwr.o
 *fill*         0x080072b6        0x2 
 .text.HAL_PWR_EnableBkUpAccess
                0x080072b8       0x18 ./Drivers/STM32F1xx_HAL_Driver/Src/stm32f1xx_hal_pwr.o
                0x080072b8                HAL_PWR_EnableBkUpAccess
 .text.HAL_PWR_EnterSTOPMode
                0x080072d0       0x64 ./Drivers/STM32F1xx_HAL_Driver/Src/stm32f1xx_hal_pwr.o
                0x080072d0                HAL_PWR_EnterSTOPMode
 .text.HAL_PWR_PVD_IRQHandler
                0x08007334       0x24 ./Drivers/STM32F1xx_HAL_Driver/Src/stm32f1xx_hal_pwr.o
                0x08007334                HAL_PWR_PVD_IRQHandler
 .text.HAL_PWR_PVDCallback
                0x08007358        0xc ./Drivers/STM32F1xx_HAL_Driver/Src/stm32f1xx_hal_pwr.o
                0x08007358                HAL_PWR_PVDCallback
 .text.HAL_RCC_OscConfig
                0x08007364      0x504 ./Drivers/STM32F1xx_HAL_Driver/Src/stm32f1xx_hal_rcc.o
                0x08007364                HAL_RCC_OscConfig
 .text.HAL_RCC_ClockConfig
                0x08007868      0x1d4 ./Drivers/STM32F1xx_HAL_Driver/Src/stm32f1xx_hal_rcc.o
                0x08007868                HAL_RCC_ClockConfig
 .text.HAL_RCC_GetSysClockFreq
                0x08007a3c       0xac ./Drivers/STM32F1xx_HAL_Driver/Src/stm32f1xx_hal_rcc.o
                0x08007a3c                HAL_RCC_GetSysClockFreq
 .text.HAL_RCC_GetHCLKFreq
                0x08007ae8       0x14 ./Drivers/STM32F1xx_HAL_Driver/Src/stm32f1xx_hal_rcc.o
                0x08007ae8                HAL_RCC_GetHCLKFreq
 .text.HAL_RCC_GetPCLK1Freq
                0x08007afc       0x28 ./Drivers/STM32F1xx_HAL_Driver/Src/stm32f1xx_hal_rcc.o
                0x08007afc                HAL_RCC_GetPCLK1Freq
 .text.HAL_RCC_GetPCLK2Freq
                0x08007b24       0x28 ./Drivers/STM32F1xx_HAL_Driver/Src/stm32f1xx_hal_rcc.o
                0x08007b24                HAL_RCC_GetPCLK2Freq
 .text.RCC_Delay
                0x08007b4c       0x3c ./Drivers/STM32F1xx_HAL_Driver/Src/stm32f1xx_hal_rcc.o
 .text.HAL_RCCEx_PeriphCLKConfig
                0x08007b88      0x16c ./Drivers/STM32F1xx_HAL_Driver/Src/stm32f1xx_hal_rcc_ex.o
                0x08007b88                HAL_RCCEx_PeriphCLKConfig
 .text.HAL_RCCEx_GetPeriphCLKFreq
                0x08007cf4      0x16c ./Drivers/STM32F1xx_HAL_Driver/Src/stm32f1xx_hal_rcc_ex.o
                0x08007cf4                HAL_RCCEx_GetPeriphCLKFreq
 .text.HAL_RTC_Init
                0x08007e60      0x118 ./Drivers/STM32F1xx_HAL_Driver/Src/stm32f1xx_hal_rtc.o
                0x08007e60                HAL_RTC_Init
 .text.HAL_RTC_SetTime
                0x08007f78      0x12e ./Drivers/STM32F1xx_HAL_Driver/Src/stm32f1xx_hal_rtc.o
                0x08007f78                HAL_RTC_SetTime
 *fill*         0x080080a6        0x2 
 .text.HAL_RTC_GetTime
                0x080080a8      0x1b0 ./Drivers/STM32F1xx_HAL_Driver/Src/stm32f1xx_hal_rtc.o
                0x080080a8                HAL_RTC_GetTime
 .text.HAL_RTC_SetDate
                0x08008258      0x16c ./Drivers/STM32F1xx_HAL_Driver/Src/stm32f1xx_hal_rtc.o
                0x08008258                HAL_RTC_SetDate
 .text.HAL_RTC_GetDate
                0x080083c4       0xa8 ./Drivers/STM32F1xx_HAL_Driver/Src/stm32f1xx_hal_rtc.o
                0x080083c4                HAL_RTC_GetDate
 .text.HAL_RTC_SetAlarm_IT
                0x0800846c      0x170 ./Drivers/STM32F1xx_HAL_Driver/Src/stm32f1xx_hal_rtc.o
                0x0800846c                HAL_RTC_SetAlarm_IT
 .text.HAL_RTC_AlarmIRQHandler
                0x080085dc       0x54 ./Drivers/STM32F1xx_HAL_Driver/Src/stm32f1xx_hal_rtc.o
                0x080085dc                HAL_RTC_AlarmIRQHandler
 .text.HAL_RTC_AlarmAEventCallback
                0x08008630       0x12 ./Drivers/STM32F1xx_HAL_Driver/Src/stm32f1xx_hal_rtc.o
                0x08008630                HAL_RTC_AlarmAEventCallback
 .text.HAL_RTC_WaitForSynchro
                0x08008642       0x5a ./Drivers/STM32F1xx_HAL_Driver/Src/stm32f1xx_hal_rtc.o
                0x08008642                HAL_RTC_WaitForSynchro
 .text.RTC_ReadTimeCounter
                0x0800869c       0x60 ./Drivers/STM32F1xx_HAL_Driver/Src/stm32f1xx_hal_rtc.o
 .text.RTC_WriteTimeCounter
                0x080086fc       0x4e ./Drivers/STM32F1xx_HAL_Driver/Src/stm32f1xx_hal_rtc.o
 .text.RTC_ReadAlarmCounter
                0x0800874a       0x32 ./Drivers/STM32F1xx_HAL_Driver/Src/stm32f1xx_hal_rtc.o
 .text.RTC_WriteAlarmCounter
                0x0800877c       0x4e ./Drivers/STM32F1xx_HAL_Driver/Src/stm32f1xx_hal_rtc.o
 .text.RTC_EnterInitMode
                0x080087ca       0x50 ./Drivers/STM32F1xx_HAL_Driver/Src/stm32f1xx_hal_rtc.o
 .text.RTC_ExitInitMode
                0x0800881a       0x50 ./Drivers/STM32F1xx_HAL_Driver/Src/stm32f1xx_hal_rtc.o
 .text.RTC_ByteToBcd2
                0x0800886a       0x3a ./Drivers/STM32F1xx_HAL_Driver/Src/stm32f1xx_hal_rtc.o
 .text.RTC_Bcd2ToByte
                0x080088a4       0x3a ./Drivers/STM32F1xx_HAL_Driver/Src/stm32f1xx_hal_rtc.o
 .text.RTC_DateUpdate
                0x080088de      0x152 ./Drivers/STM32F1xx_HAL_Driver/Src/stm32f1xx_hal_rtc.o
 .text.RTC_IsLeapYear
                0x08008a30       0x64 ./Drivers/STM32F1xx_HAL_Driver/Src/stm32f1xx_hal_rtc.o
 .text.RTC_WeekDayNum
                0x08008a94       0xf0 ./Drivers/STM32F1xx_HAL_Driver/Src/stm32f1xx_hal_rtc.o
 .text.HAL_RTCEx_RTCIRQHandler
                0x08008b84       0x6e ./Drivers/STM32F1xx_HAL_Driver/Src/stm32f1xx_hal_rtc_ex.o
                0x08008b84                HAL_RTCEx_RTCIRQHandler
 .text.HAL_RTCEx_RTCEventCallback
                0x08008bf2       0x12 ./Drivers/STM32F1xx_HAL_Driver/Src/stm32f1xx_hal_rtc_ex.o
                0x08008bf2                HAL_RTCEx_RTCEventCallback
 .text.HAL_RTCEx_RTCEventErrorCallback
                0x08008c04       0x12 ./Drivers/STM32F1xx_HAL_Driver/Src/stm32f1xx_hal_rtc_ex.o
                0x08008c04                HAL_RTCEx_RTCEventErrorCallback
 .text.HAL_TIM_Base_Init
                0x08008c16       0x9e ./Drivers/STM32F1xx_HAL_Driver/Src/stm32f1xx_hal_tim.o
                0x08008c16                HAL_TIM_Base_Init
 .text.HAL_TIM_Base_Start
                0x08008cb4       0x94 ./Drivers/STM32F1xx_HAL_Driver/Src/stm32f1xx_hal_tim.o
                0x08008cb4                HAL_TIM_Base_Start
 .text.HAL_TIM_Base_Stop
                0x08008d48       0x4c ./Drivers/STM32F1xx_HAL_Driver/Src/stm32f1xx_hal_tim.o
                0x08008d48                HAL_TIM_Base_Stop
 .text.HAL_TIM_Base_Start_IT
                0x08008d94       0xa4 ./Drivers/STM32F1xx_HAL_Driver/Src/stm32f1xx_hal_tim.o
                0x08008d94                HAL_TIM_Base_Start_IT
 .text.HAL_TIM_OC_Init
                0x08008e38       0x9e ./Drivers/STM32F1xx_HAL_Driver/Src/stm32f1xx_hal_tim.o
                0x08008e38                HAL_TIM_OC_Init
 .text.HAL_TIM_OC_MspInit
                0x08008ed6       0x12 ./Drivers/STM32F1xx_HAL_Driver/Src/stm32f1xx_hal_tim.o
                0x08008ed6                HAL_TIM_OC_MspInit
 .text.HAL_TIM_OC_Start_IT
                0x08008ee8      0x1e0 ./Drivers/STM32F1xx_HAL_Driver/Src/stm32f1xx_hal_tim.o
                0x08008ee8                HAL_TIM_OC_Start_IT
 .text.HAL_TIM_OC_Stop_IT
                0x080090c8      0x164 ./Drivers/STM32F1xx_HAL_Driver/Src/stm32f1xx_hal_tim.o
                0x080090c8                HAL_TIM_OC_Stop_IT
 .text.HAL_TIM_IRQHandler
                0x0800922c      0x1e0 ./Drivers/STM32F1xx_HAL_Driver/Src/stm32f1xx_hal_tim.o
                0x0800922c                HAL_TIM_IRQHandler
 .text.HAL_TIM_OC_ConfigChannel
                0x0800940c       0xb8 ./Drivers/STM32F1xx_HAL_Driver/Src/stm32f1xx_hal_tim.o
                0x0800940c                HAL_TIM_OC_ConfigChannel
 .text.HAL_TIM_ConfigClockSource
                0x080094c4      0x18e ./Drivers/STM32F1xx_HAL_Driver/Src/stm32f1xx_hal_tim.o
                0x080094c4                HAL_TIM_ConfigClockSource
 .text.HAL_TIM_PeriodElapsedCallback
                0x08009652       0x12 ./Drivers/STM32F1xx_HAL_Driver/Src/stm32f1xx_hal_tim.o
                0x08009652                HAL_TIM_PeriodElapsedCallback
 .text.HAL_TIM_IC_CaptureCallback
                0x08009664       0x12 ./Drivers/STM32F1xx_HAL_Driver/Src/stm32f1xx_hal_tim.o
                0x08009664                HAL_TIM_IC_CaptureCallback
 .text.HAL_TIM_PWM_PulseFinishedCallback
                0x08009676       0x12 ./Drivers/STM32F1xx_HAL_Driver/Src/stm32f1xx_hal_tim.o
                0x08009676                HAL_TIM_PWM_PulseFinishedCallback
 .text.HAL_TIM_TriggerCallback
                0x08009688       0x12 ./Drivers/STM32F1xx_HAL_Driver/Src/stm32f1xx_hal_tim.o
                0x08009688                HAL_TIM_TriggerCallback
 *fill*         0x0800969a        0x2 
 .text.TIM_Base_SetConfig
                0x0800969c       0xdc ./Drivers/STM32F1xx_HAL_Driver/Src/stm32f1xx_hal_tim.o
                0x0800969c                TIM_Base_SetConfig
 .text.TIM_OC1_SetConfig
                0x08009778       0xcc ./Drivers/STM32F1xx_HAL_Driver/Src/stm32f1xx_hal_tim.o
 .text.TIM_OC2_SetConfig
                0x08009844       0xd4 ./Drivers/STM32F1xx_HAL_Driver/Src/stm32f1xx_hal_tim.o
                0x08009844                TIM_OC2_SetConfig
 .text.TIM_OC3_SetConfig
                0x08009918       0xd4 ./Drivers/STM32F1xx_HAL_Driver/Src/stm32f1xx_hal_tim.o
 .text.TIM_OC4_SetConfig
                0x080099ec       0x9c ./Drivers/STM32F1xx_HAL_Driver/Src/stm32f1xx_hal_tim.o
 .text.TIM_TI1_ConfigInputStage
                0x08009a88       0x5c ./Drivers/STM32F1xx_HAL_Driver/Src/stm32f1xx_hal_tim.o
 .text.TIM_TI2_ConfigInputStage
                0x08009ae4       0x5e ./Drivers/STM32F1xx_HAL_Driver/Src/stm32f1xx_hal_tim.o
 .text.TIM_ITRx_SetConfig
                0x08009b42       0x34 ./Drivers/STM32F1xx_HAL_Driver/Src/stm32f1xx_hal_tim.o
 .text.TIM_ETR_SetConfig
                0x08009b76       0x3e ./Drivers/STM32F1xx_HAL_Driver/Src/stm32f1xx_hal_tim.o
                0x08009b76                TIM_ETR_SetConfig
 .text.TIM_CCxChannelCmd
                0x08009bb4       0x48 ./Drivers/STM32F1xx_HAL_Driver/Src/stm32f1xx_hal_tim.o
                0x08009bb4                TIM_CCxChannelCmd
 .text.HAL_TIMEx_MasterConfigSynchronization
                0x08009bfc       0xbc ./Drivers/STM32F1xx_HAL_Driver/Src/stm32f1xx_hal_tim_ex.o
                0x08009bfc                HAL_TIMEx_MasterConfigSynchronization
 .text.HAL_TIMEx_CommutCallback
                0x08009cb8       0x12 ./Drivers/STM32F1xx_HAL_Driver/Src/stm32f1xx_hal_tim_ex.o
                0x08009cb8                HAL_TIMEx_CommutCallback
 .text.HAL_TIMEx_BreakCallback
                0x08009cca       0x12 ./Drivers/STM32F1xx_HAL_Driver/Src/stm32f1xx_hal_tim_ex.o
                0x08009cca                HAL_TIMEx_BreakCallback
 .text.HAL_UART_Init
                0x08009cdc       0xa0 ./Drivers/STM32F1xx_HAL_Driver/Src/stm32f1xx_hal_uart.o
                0x08009cdc                HAL_UART_Init
 .text.HAL_UART_DeInit
                0x08009d7c       0x64 ./Drivers/STM32F1xx_HAL_Driver/Src/stm32f1xx_hal_uart.o
                0x08009d7c                HAL_UART_DeInit
 .text.HAL_UART_Transmit
                0x08009de0      0x116 ./Drivers/STM32F1xx_HAL_Driver/Src/stm32f1xx_hal_uart.o
                0x08009de0                HAL_UART_Transmit
 *fill*         0x08009ef6        0x2 
 .text.HAL_UART_IRQHandler
                0x08009ef8      0x524 ./Drivers/STM32F1xx_HAL_Driver/Src/stm32f1xx_hal_uart.o
                0x08009ef8                HAL_UART_IRQHandler
 .text.HAL_UART_ErrorCallback
                0x0800a41c       0x12 ./Drivers/STM32F1xx_HAL_Driver/Src/stm32f1xx_hal_uart.o
                0x0800a41c                HAL_UART_ErrorCallback
 .text.HAL_UARTEx_RxEventCallback
                0x0800a42e       0x16 ./Drivers/STM32F1xx_HAL_Driver/Src/stm32f1xx_hal_uart.o
                0x0800a42e                HAL_UARTEx_RxEventCallback
 .text.UART_WaitOnFlagUntilTimeout
                0x0800a444       0xb2 ./Drivers/STM32F1xx_HAL_Driver/Src/stm32f1xx_hal_uart.o
 .text.UART_EndRxTransfer
                0x0800a4f6       0xc4 ./Drivers/STM32F1xx_HAL_Driver/Src/stm32f1xx_hal_uart.o
 .text.UART_DMAAbortOnError
                0x0800a5ba       0x28 ./Drivers/STM32F1xx_HAL_Driver/Src/stm32f1xx_hal_uart.o
 .text.UART_Transmit_IT
                0x0800a5e2       0x9e ./Drivers/STM32F1xx_HAL_Driver/Src/stm32f1xx_hal_uart.o
 .text.UART_EndTransmit_IT
                0x0800a680       0x30 ./Drivers/STM32F1xx_HAL_Driver/Src/stm32f1xx_hal_uart.o
 .text.UART_Receive_IT
                0x0800a6b0      0x17c ./Drivers/STM32F1xx_HAL_Driver/Src/stm32f1xx_hal_uart.o
 .text.UART_SetConfig
                0x0800a82c      0x11c ./Drivers/STM32F1xx_HAL_Driver/Src/stm32f1xx_hal_uart.o
 .text.USB_CoreInit
                0x0800a948       0x1a ./Drivers/STM32F1xx_HAL_Driver/Src/stm32f1xx_ll_usb.o
                0x0800a948                USB_CoreInit
 .text.USB_EnableGlobalInt
                0x0800a962       0x2c ./Drivers/STM32F1xx_HAL_Driver/Src/stm32f1xx_ll_usb.o
                0x0800a962                USB_EnableGlobalInt
 .text.USB_DisableGlobalInt
                0x0800a98e       0x34 ./Drivers/STM32F1xx_HAL_Driver/Src/stm32f1xx_ll_usb.o
                0x0800a98e                USB_DisableGlobalInt
 .text.USB_SetCurrentMode
                0x0800a9c2       0x18 ./Drivers/STM32F1xx_HAL_Driver/Src/stm32f1xx_ll_usb.o
                0x0800a9c2                USB_SetCurrentMode
 .text.USB_DevInit
                0x0800a9da       0x3a ./Drivers/STM32F1xx_HAL_Driver/Src/stm32f1xx_ll_usb.o
                0x0800a9da                USB_DevInit
 .text.USB_ActivateEndpoint
                0x0800aa14      0x780 ./Drivers/STM32F1xx_HAL_Driver/Src/stm32f1xx_ll_usb.o
                0x0800aa14                USB_ActivateEndpoint
 .text.USB_DeactivateEndpoint
                0x0800b194      0x3d8 ./Drivers/STM32F1xx_HAL_Driver/Src/stm32f1xx_ll_usb.o
                0x0800b194                USB_DeactivateEndpoint
 .text.USB_EPStartXfer
                0x0800b56c     0x1762 ./Drivers/STM32F1xx_HAL_Driver/Src/stm32f1xx_ll_usb.o
                0x0800b56c                USB_EPStartXfer
 .text.USB_EPSetStall
                0x0800ccce       0xa0 ./Drivers/STM32F1xx_HAL_Driver/Src/stm32f1xx_ll_usb.o
                0x0800ccce                USB_EPSetStall
 .text.USB_EPClearStall
                0x0800cd6e      0x15a ./Drivers/STM32F1xx_HAL_Driver/Src/stm32f1xx_ll_usb.o
                0x0800cd6e                USB_EPClearStall
 .text.USB_SetDevAddress
                0x0800cec8       0x26 ./Drivers/STM32F1xx_HAL_Driver/Src/stm32f1xx_ll_usb.o
                0x0800cec8                USB_SetDevAddress
 .text.USB_DevConnect
                0x0800ceee       0x14 ./Drivers/STM32F1xx_HAL_Driver/Src/stm32f1xx_ll_usb.o
                0x0800ceee                USB_DevConnect
 .text.USB_DevDisconnect
                0x0800cf02       0x14 ./Drivers/STM32F1xx_HAL_Driver/Src/stm32f1xx_ll_usb.o
                0x0800cf02                USB_DevDisconnect
 .text.USB_ReadInterrupts
                0x0800cf16       0x1e ./Drivers/STM32F1xx_HAL_Driver/Src/stm32f1xx_ll_usb.o
                0x0800cf16                USB_ReadInterrupts
 .text.USB_EP0_OutStart
                0x0800cf34       0x16 ./Drivers/STM32F1xx_HAL_Driver/Src/stm32f1xx_ll_usb.o
                0x0800cf34                USB_EP0_OutStart
 .text.USB_WritePMA
                0x0800cf4a       0x8a ./Drivers/STM32F1xx_HAL_Driver/Src/stm32f1xx_ll_usb.o
                0x0800cf4a                USB_WritePMA
 .text.USB_ReadPMA
                0x0800cfd4       0x9e ./Drivers/STM32F1xx_HAL_Driver/Src/stm32f1xx_ll_usb.o
                0x0800cfd4                USB_ReadPMA
 .text.USBD_CDC_Init
                0x0800d072       0xf4 ./Middlewares/ST/STM32_USB_Device_Library/Class/CDC/Src/usbd_cdc.o
 .text.USBD_CDC_DeInit
                0x0800d166       0x6e ./Middlewares/ST/STM32_USB_Device_Library/Class/CDC/Src/usbd_cdc.o
 .text.USBD_CDC_Setup
                0x0800d1d4      0x146 ./Middlewares/ST/STM32_USB_Device_Library/Class/CDC/Src/usbd_cdc.o
 .text.USBD_CDC_DataIn
                0x0800d31a       0xa6 ./Middlewares/ST/STM32_USB_Device_Library/Class/CDC/Src/usbd_cdc.o
 .text.USBD_CDC_DataOut
                0x0800d3c0       0x56 ./Middlewares/ST/STM32_USB_Device_Library/Class/CDC/Src/usbd_cdc.o
 .text.USBD_CDC_EP0_RxReady
                0x0800d416       0x4e ./Middlewares/ST/STM32_USB_Device_Library/Class/CDC/Src/usbd_cdc.o
 .text.USBD_CDC_GetFSCfgDesc
                0x0800d464       0x20 ./Middlewares/ST/STM32_USB_Device_Library/Class/CDC/Src/usbd_cdc.o
 .text.USBD_CDC_GetHSCfgDesc
                0x0800d484       0x20 ./Middlewares/ST/STM32_USB_Device_Library/Class/CDC/Src/usbd_cdc.o
 .text.USBD_CDC_GetOtherSpeedCfgDesc
                0x0800d4a4       0x20 ./Middlewares/ST/STM32_USB_Device_Library/Class/CDC/Src/usbd_cdc.o
 .text.USBD_CDC_GetDeviceQualifierDescriptor
                0x0800d4c4       0x20 ./Middlewares/ST/STM32_USB_Device_Library/Class/CDC/Src/usbd_cdc.o
                0x0800d4c4                USBD_CDC_GetDeviceQualifierDescriptor
 .text.USBD_CDC_RegisterInterface
                0x0800d4e4       0x2c ./Middlewares/ST/STM32_USB_Device_Library/Class/CDC/Src/usbd_cdc.o
                0x0800d4e4                USBD_CDC_RegisterInterface
 .text.USBD_CDC_SetTxBuffer
                0x0800d510       0x32 ./Middlewares/ST/STM32_USB_Device_Library/Class/CDC/Src/usbd_cdc.o
                0x0800d510                USBD_CDC_SetTxBuffer
 .text.USBD_CDC_SetRxBuffer
                0x0800d542       0x26 ./Middlewares/ST/STM32_USB_Device_Library/Class/CDC/Src/usbd_cdc.o
                0x0800d542                USBD_CDC_SetRxBuffer
 .text.USBD_CDC_ReceivePacket
                0x0800d568       0x54 ./Middlewares/ST/STM32_USB_Device_Library/Class/CDC/Src/usbd_cdc.o
                0x0800d568                USBD_CDC_ReceivePacket
 .text.USBD_Init
                0x0800d5bc       0x56 ./Middlewares/ST/STM32_USB_Device_Library/Core/Src/usbd_core.o
                0x0800d5bc                USBD_Init
 .text.USBD_RegisterClass
                0x0800d612       0x32 ./Middlewares/ST/STM32_USB_Device_Library/Core/Src/usbd_core.o
                0x0800d612                USBD_RegisterClass
 .text.USBD_Start
                0x0800d644       0x18 ./Middlewares/ST/STM32_USB_Device_Library/Core/Src/usbd_core.o
                0x0800d644                USBD_Start
 .text.USBD_RunTestMode
                0x0800d65c       0x14 ./Middlewares/ST/STM32_USB_Device_Library/Core/Src/usbd_core.o
                0x0800d65c                USBD_RunTestMode
 .text.USBD_SetClassConfig
                0x0800d670       0x3e ./Middlewares/ST/STM32_USB_Device_Library/Core/Src/usbd_core.o
                0x0800d670                USBD_SetClassConfig
 .text.USBD_ClrClassConfig
                0x0800d6ae       0x26 ./Middlewares/ST/STM32_USB_Device_Library/Core/Src/usbd_core.o
                0x0800d6ae                USBD_ClrClassConfig
 .text.USBD_LL_SetupStage
                0x0800d6d4       0x9a ./Middlewares/ST/STM32_USB_Device_Library/Core/Src/usbd_core.o
                0x0800d6d4                USBD_LL_SetupStage
 .text.USBD_LL_DataOutStage
                0x0800d76e       0xe2 ./Middlewares/ST/STM32_USB_Device_Library/Core/Src/usbd_core.o
                0x0800d76e                USBD_LL_DataOutStage
 .text.USBD_LL_DataInStage
                0x0800d850      0x14a ./Middlewares/ST/STM32_USB_Device_Library/Core/Src/usbd_core.o
                0x0800d850                USBD_LL_DataInStage
 .text.USBD_LL_Reset
                0x0800d99a       0x82 ./Middlewares/ST/STM32_USB_Device_Library/Core/Src/usbd_core.o
                0x0800d99a                USBD_LL_Reset
 .text.USBD_LL_SetSpeed
                0x0800da1c       0x1e ./Middlewares/ST/STM32_USB_Device_Library/Core/Src/usbd_core.o
                0x0800da1c                USBD_LL_SetSpeed
 .text.USBD_LL_Suspend
                0x0800da3a       0x28 ./Middlewares/ST/STM32_USB_Device_Library/Core/Src/usbd_core.o
                0x0800da3a                USBD_LL_Suspend
 .text.USBD_LL_Resume
                0x0800da62       0x2a ./Middlewares/ST/STM32_USB_Device_Library/Core/Src/usbd_core.o
                0x0800da62                USBD_LL_Resume
 .text.USBD_LL_SOF
                0x0800da8c       0x34 ./Middlewares/ST/STM32_USB_Device_Library/Core/Src/usbd_core.o
                0x0800da8c                USBD_LL_SOF
 .text.USBD_StdDevReq
                0x0800dac0       0xd4 ./Middlewares/ST/STM32_USB_Device_Library/Core/Src/usbd_ctlreq.o
                0x0800dac0                USBD_StdDevReq
 .text.USBD_StdItfReq
                0x0800db94       0x90 ./Middlewares/ST/STM32_USB_Device_Library/Core/Src/usbd_ctlreq.o
                0x0800db94                USBD_StdItfReq
 .text.USBD_StdEPReq
                0x0800dc24      0x2c6 ./Middlewares/ST/STM32_USB_Device_Library/Core/Src/usbd_ctlreq.o
                0x0800dc24                USBD_StdEPReq
 *fill*         0x0800deea        0x2 
 .text.USBD_GetDescriptor
                0x0800deec      0x2d0 ./Middlewares/ST/STM32_USB_Device_Library/Core/Src/usbd_ctlreq.o
 .text.USBD_SetAddress
                0x0800e1bc       0x86 ./Middlewares/ST/STM32_USB_Device_Library/Core/Src/usbd_ctlreq.o
 *fill*         0x0800e242        0x2 
 .text.USBD_SetConfig
                0x0800e244      0x11c ./Middlewares/ST/STM32_USB_Device_Library/Core/Src/usbd_ctlreq.o
 .text.USBD_GetConfig
                0x0800e360       0x6a ./Middlewares/ST/STM32_USB_Device_Library/Core/Src/usbd_ctlreq.o
 .text.USBD_GetStatus
                0x0800e3ca       0x66 ./Middlewares/ST/STM32_USB_Device_Library/Core/Src/usbd_ctlreq.o
 .text.USBD_SetFeature
                0x0800e430       0x28 ./Middlewares/ST/STM32_USB_Device_Library/Core/Src/usbd_ctlreq.o
 .text.USBD_ClrFeature
                0x0800e458       0x42 ./Middlewares/ST/STM32_USB_Device_Library/Core/Src/usbd_ctlreq.o
 .text.USBD_ParseSetupRequest
                0x0800e49a       0x72 ./Middlewares/ST/STM32_USB_Device_Library/Core/Src/usbd_ctlreq.o
                0x0800e49a                USBD_ParseSetupRequest
 .text.USBD_CtlError
                0x0800e50c       0x22 ./Middlewares/ST/STM32_USB_Device_Library/Core/Src/usbd_ctlreq.o
                0x0800e50c                USBD_CtlError
 .text.USBD_GetString
                0x0800e52e       0x84 ./Middlewares/ST/STM32_USB_Device_Library/Core/Src/usbd_ctlreq.o
                0x0800e52e                USBD_GetString
 .text.USBD_GetLen
                0x0800e5b2       0x2e ./Middlewares/ST/STM32_USB_Device_Library/Core/Src/usbd_ctlreq.o
 .text.USBD_CtlSendData
                0x0800e5e0       0x38 ./Middlewares/ST/STM32_USB_Device_Library/Core/Src/usbd_ioreq.o
                0x0800e5e0                USBD_CtlSendData
 .text.USBD_CtlContinueSendData
                0x0800e618       0x24 ./Middlewares/ST/STM32_USB_Device_Library/Core/Src/usbd_ioreq.o
                0x0800e618                USBD_CtlContinueSendData
 .text.USBD_CtlPrepareRx
                0x0800e63c       0x3c ./Middlewares/ST/STM32_USB_Device_Library/Core/Src/usbd_ioreq.o
                0x0800e63c                USBD_CtlPrepareRx
 .text.USBD_CtlContinueRx
                0x0800e678       0x24 ./Middlewares/ST/STM32_USB_Device_Library/Core/Src/usbd_ioreq.o
                0x0800e678                USBD_CtlContinueRx
 .text.USBD_CtlSendStatus
                0x0800e69c       0x26 ./Middlewares/ST/STM32_USB_Device_Library/Core/Src/usbd_ioreq.o
                0x0800e69c                USBD_CtlSendStatus
 .text.USBD_CtlReceiveStatus
                0x0800e6c2       0x26 ./Middlewares/ST/STM32_USB_Device_Library/Core/Src/usbd_ioreq.o
                0x0800e6c2                USBD_CtlReceiveStatus
 .text.MX_USB_DEVICE_Init
                0x0800e6e8       0x60 ./USB_DEVICE/App/usb_device.o
                0x0800e6e8                MX_USB_DEVICE_Init
 .text.CDC_Init_FS
                0x0800e748       0x28 ./USB_DEVICE/App/usbd_cdc_if.o
 .text.CDC_DeInit_FS
                0x0800e770        0xe ./USB_DEVICE/App/usbd_cdc_if.o
 *fill*         0x0800e77e        0x2 
 .text.CDC_Control_FS
                0x0800e780       0xbc ./USB_DEVICE/App/usbd_cdc_if.o
 .text.CDC_Receive_FS
                0x0800e83c       0x28 ./USB_DEVICE/App/usbd_cdc_if.o
 .text.USBD_FS_DeviceDescriptor
                0x0800e864       0x24 ./USB_DEVICE/App/usbd_desc.o
                0x0800e864                USBD_FS_DeviceDescriptor
 .text.USBD_FS_LangIDStrDescriptor
                0x0800e888       0x24 ./USB_DEVICE/App/usbd_desc.o
                0x0800e888                USBD_FS_LangIDStrDescriptor
 .text.USBD_FS_ProductStrDescriptor
                0x0800e8ac       0x3c ./USB_DEVICE/App/usbd_desc.o
                0x0800e8ac                USBD_FS_ProductStrDescriptor
 .text.USBD_FS_ManufacturerStrDescriptor
                0x0800e8e8       0x28 ./USB_DEVICE/App/usbd_desc.o
                0x0800e8e8                USBD_FS_ManufacturerStrDescriptor
 .text.USBD_FS_SerialStrDescriptor
                0x0800e910       0x24 ./USB_DEVICE/App/usbd_desc.o
                0x0800e910                USBD_FS_SerialStrDescriptor
 .text.USBD_FS_ConfigStrDescriptor
                0x0800e934       0x3c ./USB_DEVICE/App/usbd_desc.o
                0x0800e934                USBD_FS_ConfigStrDescriptor
 .text.USBD_FS_InterfaceStrDescriptor
                0x0800e970       0x3c ./USB_DEVICE/App/usbd_desc.o
                0x0800e970                USBD_FS_InterfaceStrDescriptor
 .text.Get_SerialNum
                0x0800e9ac       0x58 ./USB_DEVICE/App/usbd_desc.o
 .text.IntToUnicode
                0x0800ea04       0x7c ./USB_DEVICE/App/usbd_desc.o
 .text.HAL_PCD_MspInit
                0x0800ea80       0x5c ./USB_DEVICE/Target/usbd_conf.o
                0x0800ea80                HAL_PCD_MspInit
 .text.HAL_PCD_SetupStageCallback
                0x0800eadc       0x24 ./USB_DEVICE/Target/usbd_conf.o
                0x0800eadc                HAL_PCD_SetupStageCallback
 .text.HAL_PCD_DataOutStageCallback
                0x0800eb00       0x36 ./USB_DEVICE/Target/usbd_conf.o
                0x0800eb00                HAL_PCD_DataOutStageCallback
 .text.HAL_PCD_DataInStageCallback
                0x0800eb36       0x34 ./USB_DEVICE/Target/usbd_conf.o
                0x0800eb36                HAL_PCD_DataInStageCallback
 .text.HAL_PCD_SOFCallback
                0x0800eb6a       0x1c ./USB_DEVICE/Target/usbd_conf.o
                0x0800eb6a                HAL_PCD_SOFCallback
 .text.HAL_PCD_ResetCallback
                0x0800eb86       0x3c ./USB_DEVICE/Target/usbd_conf.o
                0x0800eb86                HAL_PCD_ResetCallback
 *fill*         0x0800ebc2        0x2 
 .text.HAL_PCD_SuspendCallback
                0x0800ebc4       0x34 ./USB_DEVICE/Target/usbd_conf.o
                0x0800ebc4                HAL_PCD_SuspendCallback
 .text.HAL_PCD_ResumeCallback
                0x0800ebf8       0x1c ./USB_DEVICE/Target/usbd_conf.o
                0x0800ebf8                HAL_PCD_ResumeCallback
 .text.USBD_LL_Init
                0x0800ec14       0xb4 ./USB_DEVICE/Target/usbd_conf.o
                0x0800ec14                USBD_LL_Init
 .text.USBD_LL_Start
                0x0800ecc8       0x36 ./USB_DEVICE/Target/usbd_conf.o
                0x0800ecc8                USBD_LL_Start
 .text.USBD_LL_OpenEP
                0x0800ecfe       0x4c ./USB_DEVICE/Target/usbd_conf.o
                0x0800ecfe                USBD_LL_OpenEP
 .text.USBD_LL_CloseEP
                0x0800ed4a       0x3e ./USB_DEVICE/Target/usbd_conf.o
                0x0800ed4a                USBD_LL_CloseEP
 .text.USBD_LL_StallEP
                0x0800ed88       0x3e ./USB_DEVICE/Target/usbd_conf.o
                0x0800ed88                USBD_LL_StallEP
 .text.USBD_LL_ClearStallEP
                0x0800edc6       0x3e ./USB_DEVICE/Target/usbd_conf.o
                0x0800edc6                USBD_LL_ClearStallEP
 .text.USBD_LL_IsStallEP
                0x0800ee04       0x56 ./USB_DEVICE/Target/usbd_conf.o
                0x0800ee04                USBD_LL_IsStallEP
 .text.USBD_LL_SetUSBAddress
                0x0800ee5a       0x3e ./USB_DEVICE/Target/usbd_conf.o
                0x0800ee5a                USBD_LL_SetUSBAddress
 .text.USBD_LL_Transmit
                0x0800ee98       0x46 ./USB_DEVICE/Target/usbd_conf.o
                0x0800ee98                USBD_LL_Transmit
 .text.USBD_LL_PrepareReceive
                0x0800eede       0x46 ./USB_DEVICE/Target/usbd_conf.o
                0x0800eede                USBD_LL_PrepareReceive
 .text.USBD_LL_GetRxDataSize
                0x0800ef24       0x26 ./USB_DEVICE/Target/usbd_conf.o
                0x0800ef24                USBD_LL_GetRxDataSize
 *fill*         0x0800ef4a        0x2 
 .text.USBD_static_malloc
                0x0800ef4c       0x18 ./USB_DEVICE/Target/usbd_conf.o
                0x0800ef4c                USBD_static_malloc
 .text.USBD_static_free
                0x0800ef64       0x12 ./USB_DEVICE/Target/usbd_conf.o
                0x0800ef64                USBD_static_free
 .text.HAL_PCDEx_SetConnectionState
                0x0800ef76       0x16 ./USB_DEVICE/Target/usbd_conf.o
                0x0800ef76                HAL_PCDEx_SetConnectionState
 .text.USBD_Get_USB_Status
                0x0800ef8c       0x58 ./USB_DEVICE/Target/usbd_conf.o
 .text.malloc   0x0800efe4       0x10 C:/ST/STM32CubeIDE_1.16.0/STM32CubeIDE/plugins/com.st.stm32cube.ide.mcu.externaltools.gnu-tools-for-stm32.12.3.rel1.win32_1.0.200.202406191623/tools/bin/../lib/gcc/arm-none-eabi/12.3.1/../../../../arm-none-eabi/lib/thumb/v7-m/nofp\libc_nano.a(libc_a-malloc.o)
                0x0800efe4                malloc
 .text.sbrk_aligned
                0x0800eff4       0x44 C:/ST/STM32CubeIDE_1.16.0/STM32CubeIDE/plugins/com.st.stm32cube.ide.mcu.externaltools.gnu-tools-for-stm32.12.3.rel1.win32_1.0.200.202406191623/tools/bin/../lib/gcc/arm-none-eabi/12.3.1/../../../../arm-none-eabi/lib/thumb/v7-m/nofp\libc_nano.a(libc_a-mallocr.o)
 .text._malloc_r
                0x0800f038      0x100 C:/ST/STM32CubeIDE_1.16.0/STM32CubeIDE/plugins/com.st.stm32cube.ide.mcu.externaltools.gnu-tools-for-stm32.12.3.rel1.win32_1.0.200.202406191623/tools/bin/../lib/gcc/arm-none-eabi/12.3.1/../../../../arm-none-eabi/lib/thumb/v7-m/nofp\libc_nano.a(libc_a-mallocr.o)
                0x0800f038                _malloc_r
 .text.__malloc_lock
                0x0800f138        0xc C:/ST/STM32CubeIDE_1.16.0/STM32CubeIDE/plugins/com.st.stm32cube.ide.mcu.externaltools.gnu-tools-for-stm32.12.3.rel1.win32_1.0.200.202406191623/tools/bin/../lib/gcc/arm-none-eabi/12.3.1/../../../../arm-none-eabi/lib/thumb/v7-m/nofp\libc_nano.a(libc_a-mlock.o)
                0x0800f138                __malloc_lock
 .text.__malloc_unlock
                0x0800f144        0xc C:/ST/STM32CubeIDE_1.16.0/STM32CubeIDE/plugins/com.st.stm32cube.ide.mcu.externaltools.gnu-tools-for-stm32.12.3.rel1.win32_1.0.200.202406191623/tools/bin/../lib/gcc/arm-none-eabi/12.3.1/../../../../arm-none-eabi/lib/thumb/v7-m/nofp\libc_nano.a(libc_a-mlock.o)
                0x0800f144                __malloc_unlock
 .text.__cvt    0x0800f150       0xc8 C:/ST/STM32CubeIDE_1.16.0/STM32CubeIDE/plugins/com.st.stm32cube.ide.mcu.externaltools.gnu-tools-for-stm32.12.3.rel1.win32_1.0.200.202406191623/tools/bin/../lib/gcc/arm-none-eabi/12.3.1/../../../../arm-none-eabi/lib/thumb/v7-m/nofp\libc_nano.a(libc_a-nano-vfprintf_float.o)
                0x0800f150                __cvt
 .text.__exponent
                0x0800f218       0x74 C:/ST/STM32CubeIDE_1.16.0/STM32CubeIDE/plugins/com.st.stm32cube.ide.mcu.externaltools.gnu-tools-for-stm32.12.3.rel1.win32_1.0.200.202406191623/tools/bin/../lib/gcc/arm-none-eabi/12.3.1/../../../../arm-none-eabi/lib/thumb/v7-m/nofp\libc_nano.a(libc_a-nano-vfprintf_float.o)
                0x0800f218                __exponent
 .text._printf_float
                0x0800f28c      0x458 C:/ST/STM32CubeIDE_1.16.0/STM32CubeIDE/plugins/com.st.stm32cube.ide.mcu.externaltools.gnu-tools-for-stm32.12.3.rel1.win32_1.0.200.202406191623/tools/bin/../lib/gcc/arm-none-eabi/12.3.1/../../../../arm-none-eabi/lib/thumb/v7-m/nofp\libc_nano.a(libc_a-nano-vfprintf_float.o)
                0x0800f28c                _printf_float
 .text._printf_common
                0x0800f6e4       0xe4 C:/ST/STM32CubeIDE_1.16.0/STM32CubeIDE/plugins/com.st.stm32cube.ide.mcu.externaltools.gnu-tools-for-stm32.12.3.rel1.win32_1.0.200.202406191623/tools/bin/../lib/gcc/arm-none-eabi/12.3.1/../../../../arm-none-eabi/lib/thumb/v7-m/nofp\libc_nano.a(libc_a-nano-vfprintf_i.o)
                0x0800f6e4                _printf_common
 .text._printf_i
                0x0800f7c8      0x240 C:/ST/STM32CubeIDE_1.16.0/STM32CubeIDE/plugins/com.st.stm32cube.ide.mcu.externaltools.gnu-tools-for-stm32.12.3.rel1.win32_1.0.200.202406191623/tools/bin/../lib/gcc/arm-none-eabi/12.3.1/../../../../arm-none-eabi/lib/thumb/v7-m/nofp\libc_nano.a(libc_a-nano-vfprintf_i.o)
                0x0800f7c8                _printf_i
 .text.std      0x0800fa08       0x6c C:/ST/STM32CubeIDE_1.16.0/STM32CubeIDE/plugins/com.st.stm32cube.ide.mcu.externaltools.gnu-tools-for-stm32.12.3.rel1.win32_1.0.200.202406191623/tools/bin/../lib/gcc/arm-none-eabi/12.3.1/../../../../arm-none-eabi/lib/thumb/v7-m/nofp\libc_nano.a(libc_a-findfp.o)
 .text.stdio_exit_handler
                0x0800fa74       0x18 C:/ST/STM32CubeIDE_1.16.0/STM32CubeIDE/plugins/com.st.stm32cube.ide.mcu.externaltools.gnu-tools-for-stm32.12.3.rel1.win32_1.0.200.202406191623/tools/bin/../lib/gcc/arm-none-eabi/12.3.1/../../../../arm-none-eabi/lib/thumb/v7-m/nofp\libc_nano.a(libc_a-findfp.o)
 .text.cleanup_stdio
                0x0800fa8c       0x40 C:/ST/STM32CubeIDE_1.16.0/STM32CubeIDE/plugins/com.st.stm32cube.ide.mcu.externaltools.gnu-tools-for-stm32.12.3.rel1.win32_1.0.200.202406191623/tools/bin/../lib/gcc/arm-none-eabi/12.3.1/../../../../arm-none-eabi/lib/thumb/v7-m/nofp\libc_nano.a(libc_a-findfp.o)
 .text.global_stdio_init.part.0
                0x0800facc       0x3c C:/ST/STM32CubeIDE_1.16.0/STM32CubeIDE/plugins/com.st.stm32cube.ide.mcu.externaltools.gnu-tools-for-stm32.12.3.rel1.win32_1.0.200.202406191623/tools/bin/../lib/gcc/arm-none-eabi/12.3.1/../../../../arm-none-eabi/lib/thumb/v7-m/nofp\libc_nano.a(libc_a-findfp.o)
 .text.__sfp_lock_acquire
                0x0800fb08        0xc C:/ST/STM32CubeIDE_1.16.0/STM32CubeIDE/plugins/com.st.stm32cube.ide.mcu.externaltools.gnu-tools-for-stm32.12.3.rel1.win32_1.0.200.202406191623/tools/bin/../lib/gcc/arm-none-eabi/12.3.1/../../../../arm-none-eabi/lib/thumb/v7-m/nofp\libc_nano.a(libc_a-findfp.o)
                0x0800fb08                __sfp_lock_acquire
 .text.__sfp_lock_release
                0x0800fb14        0xc C:/ST/STM32CubeIDE_1.16.0/STM32CubeIDE/plugins/com.st.stm32cube.ide.mcu.externaltools.gnu-tools-for-stm32.12.3.rel1.win32_1.0.200.202406191623/tools/bin/../lib/gcc/arm-none-eabi/12.3.1/../../../../arm-none-eabi/lib/thumb/v7-m/nofp\libc_nano.a(libc_a-findfp.o)
                0x0800fb14                __sfp_lock_release
 .text.__sinit  0x0800fb20       0x30 C:/ST/STM32CubeIDE_1.16.0/STM32CubeIDE/plugins/com.st.stm32cube.ide.mcu.externaltools.gnu-tools-for-stm32.12.3.rel1.win32_1.0.200.202406191623/tools/bin/../lib/gcc/arm-none-eabi/12.3.1/../../../../arm-none-eabi/lib/thumb/v7-m/nofp\libc_nano.a(libc_a-findfp.o)
                0x0800fb20                __sinit
 .text._fwalk_sglue
                0x0800fb50       0x3c C:/ST/STM32CubeIDE_1.16.0/STM32CubeIDE/plugins/com.st.stm32cube.ide.mcu.externaltools.gnu-tools-for-stm32.12.3.rel1.win32_1.0.200.202406191623/tools/bin/../lib/gcc/arm-none-eabi/12.3.1/../../../../arm-none-eabi/lib/thumb/v7-m/nofp\libc_nano.a(libc_a-fwalk.o)
                0x0800fb50                _fwalk_sglue
 .text.snprintf
                0x0800fb8c       0x68 C:/ST/STM32CubeIDE_1.16.0/STM32CubeIDE/plugins/com.st.stm32cube.ide.mcu.externaltools.gnu-tools-for-stm32.12.3.rel1.win32_1.0.200.202406191623/tools/bin/../lib/gcc/arm-none-eabi/12.3.1/../../../../arm-none-eabi/lib/thumb/v7-m/nofp\libc_nano.a(libc_a-snprintf.o)
                0x0800fb8c                sniprintf
                0x0800fb8c                snprintf
 .text.__sread  0x0800fbf4       0x22 C:/ST/STM32CubeIDE_1.16.0/STM32CubeIDE/plugins/com.st.stm32cube.ide.mcu.externaltools.gnu-tools-for-stm32.12.3.rel1.win32_1.0.200.202406191623/tools/bin/../lib/gcc/arm-none-eabi/12.3.1/../../../../arm-none-eabi/lib/thumb/v7-m/nofp\libc_nano.a(libc_a-stdio.o)
                0x0800fbf4                __sread
 .text.__swrite
                0x0800fc16       0x38 C:/ST/STM32CubeIDE_1.16.0/STM32CubeIDE/plugins/com.st.stm32cube.ide.mcu.externaltools.gnu-tools-for-stm32.12.3.rel1.win32_1.0.200.202406191623/tools/bin/../lib/gcc/arm-none-eabi/12.3.1/../../../../arm-none-eabi/lib/thumb/v7-m/nofp\libc_nano.a(libc_a-stdio.o)
                0x0800fc16                __swrite
 .text.__sseek  0x0800fc4e       0x24 C:/ST/STM32CubeIDE_1.16.0/STM32CubeIDE/plugins/com.st.stm32cube.ide.mcu.externaltools.gnu-tools-for-stm32.12.3.rel1.win32_1.0.200.202406191623/tools/bin/../lib/gcc/arm-none-eabi/12.3.1/../../../../arm-none-eabi/lib/thumb/v7-m/nofp\libc_nano.a(libc_a-stdio.o)
                0x0800fc4e                __sseek
 .text.__sclose
                0x0800fc72        0x8 C:/ST/STM32CubeIDE_1.16.0/STM32CubeIDE/plugins/com.st.stm32cube.ide.mcu.externaltools.gnu-tools-for-stm32.12.3.rel1.win32_1.0.200.202406191623/tools/bin/../lib/gcc/arm-none-eabi/12.3.1/../../../../arm-none-eabi/lib/thumb/v7-m/nofp\libc_nano.a(libc_a-stdio.o)
                0x0800fc72                __sclose
 .text.memset   0x0800fc7a       0x10 C:/ST/STM32CubeIDE_1.16.0/STM32CubeIDE/plugins/com.st.stm32cube.ide.mcu.externaltools.gnu-tools-for-stm32.12.3.rel1.win32_1.0.200.202406191623/tools/bin/../lib/gcc/arm-none-eabi/12.3.1/../../../../arm-none-eabi/lib/thumb/v7-m/nofp\libc_nano.a(libc_a-memset.o)
                0x0800fc7a                memset
 *fill*         0x0800fc8a        0x2 
 .text._localeconv_r
                0x0800fc8c        0x8 C:/ST/STM32CubeIDE_1.16.0/STM32CubeIDE/plugins/com.st.stm32cube.ide.mcu.externaltools.gnu-tools-for-stm32.12.3.rel1.win32_1.0.200.202406191623/tools/bin/../lib/gcc/arm-none-eabi/12.3.1/../../../../arm-none-eabi/lib/thumb/v7-m/nofp\libc_nano.a(libc_a-localeconv.o)
                0x0800fc8c                _localeconv_r
 .text._close_r
                0x0800fc94       0x20 C:/ST/STM32CubeIDE_1.16.0/STM32CubeIDE/plugins/com.st.stm32cube.ide.mcu.externaltools.gnu-tools-for-stm32.12.3.rel1.win32_1.0.200.202406191623/tools/bin/../lib/gcc/arm-none-eabi/12.3.1/../../../../arm-none-eabi/lib/thumb/v7-m/nofp\libc_nano.a(libc_a-closer.o)
                0x0800fc94                _close_r
 .text._lseek_r
                0x0800fcb4       0x24 C:/ST/STM32CubeIDE_1.16.0/STM32CubeIDE/plugins/com.st.stm32cube.ide.mcu.externaltools.gnu-tools-for-stm32.12.3.rel1.win32_1.0.200.202406191623/tools/bin/../lib/gcc/arm-none-eabi/12.3.1/../../../../arm-none-eabi/lib/thumb/v7-m/nofp\libc_nano.a(libc_a-lseekr.o)
                0x0800fcb4                _lseek_r
 .text._read_r  0x0800fcd8       0x24 C:/ST/STM32CubeIDE_1.16.0/STM32CubeIDE/plugins/com.st.stm32cube.ide.mcu.externaltools.gnu-tools-for-stm32.12.3.rel1.win32_1.0.200.202406191623/tools/bin/../lib/gcc/arm-none-eabi/12.3.1/../../../../arm-none-eabi/lib/thumb/v7-m/nofp\libc_nano.a(libc_a-readr.o)
                0x0800fcd8                _read_r
 .text._sbrk_r  0x0800fcfc       0x20 C:/ST/STM32CubeIDE_1.16.0/STM32CubeIDE/plugins/com.st.stm32cube.ide.mcu.externaltools.gnu-tools-for-stm32.12.3.rel1.win32_1.0.200.202406191623/tools/bin/../lib/gcc/arm-none-eabi/12.3.1/../../../../arm-none-eabi/lib/thumb/v7-m/nofp\libc_nano.a(libc_a-sbrkr.o)
                0x0800fcfc                _sbrk_r
 .text._write_r
                0x0800fd1c       0x24 C:/ST/STM32CubeIDE_1.16.0/STM32CubeIDE/plugins/com.st.stm32cube.ide.mcu.externaltools.gnu-tools-for-stm32.12.3.rel1.win32_1.0.200.202406191623/tools/bin/../lib/gcc/arm-none-eabi/12.3.1/../../../../arm-none-eabi/lib/thumb/v7-m/nofp\libc_nano.a(libc_a-writer.o)
                0x0800fd1c                _write_r
 .text.__errno  0x0800fd40        0xc C:/ST/STM32CubeIDE_1.16.0/STM32CubeIDE/plugins/com.st.stm32cube.ide.mcu.externaltools.gnu-tools-for-stm32.12.3.rel1.win32_1.0.200.202406191623/tools/bin/../lib/gcc/arm-none-eabi/12.3.1/../../../../arm-none-eabi/lib/thumb/v7-m/nofp\libc_nano.a(libc_a-errno.o)
                0x0800fd40                __errno
 .text.__libc_init_array
                0x0800fd4c       0x48 C:/ST/STM32CubeIDE_1.16.0/STM32CubeIDE/plugins/com.st.stm32cube.ide.mcu.externaltools.gnu-tools-for-stm32.12.3.rel1.win32_1.0.200.202406191623/tools/bin/../lib/gcc/arm-none-eabi/12.3.1/../../../../arm-none-eabi/lib/thumb/v7-m/nofp\libc_nano.a(libc_a-init.o)
                0x0800fd4c                __libc_init_array
 .text.__retarget_lock_init_recursive
                0x0800fd94        0x2 C:/ST/STM32CubeIDE_1.16.0/STM32CubeIDE/plugins/com.st.stm32cube.ide.mcu.externaltools.gnu-tools-for-stm32.12.3.rel1.win32_1.0.200.202406191623/tools/bin/../lib/gcc/arm-none-eabi/12.3.1/../../../../arm-none-eabi/lib/thumb/v7-m/nofp\libc_nano.a(libc_a-lock.o)
                0x0800fd94                __retarget_lock_init_recursive
 .text.__retarget_lock_acquire_recursive
                0x0800fd96        0x2 C:/ST/STM32CubeIDE_1.16.0/STM32CubeIDE/plugins/com.st.stm32cube.ide.mcu.externaltools.gnu-tools-for-stm32.12.3.rel1.win32_1.0.200.202406191623/tools/bin/../lib/gcc/arm-none-eabi/12.3.1/../../../../arm-none-eabi/lib/thumb/v7-m/nofp\libc_nano.a(libc_a-lock.o)
                0x0800fd96                __retarget_lock_acquire_recursive
 .text.__retarget_lock_release_recursive
                0x0800fd98        0x2 C:/ST/STM32CubeIDE_1.16.0/STM32CubeIDE/plugins/com.st.stm32cube.ide.mcu.externaltools.gnu-tools-for-stm32.12.3.rel1.win32_1.0.200.202406191623/tools/bin/../lib/gcc/arm-none-eabi/12.3.1/../../../../arm-none-eabi/lib/thumb/v7-m/nofp\libc_nano.a(libc_a-lock.o)
                0x0800fd98                __retarget_lock_release_recursive
 .text.memchr   0x0800fd9a       0x1c C:/ST/STM32CubeIDE_1.16.0/STM32CubeIDE/plugins/com.st.stm32cube.ide.mcu.externaltools.gnu-tools-for-stm32.12.3.rel1.win32_1.0.200.202406191623/tools/bin/../lib/gcc/arm-none-eabi/12.3.1/../../../../arm-none-eabi/lib/thumb/v7-m/nofp\libc_nano.a(libc_a-memchr-stub.o)
                0x0800fd9a                memchr
 .text.quorem   0x0800fdb6      0x110 C:/ST/STM32CubeIDE_1.16.0/STM32CubeIDE/plugins/com.st.stm32cube.ide.mcu.externaltools.gnu-tools-for-stm32.12.3.rel1.win32_1.0.200.202406191623/tools/bin/../lib/gcc/arm-none-eabi/12.3.1/../../../../arm-none-eabi/lib/thumb/v7-m/nofp\libc_nano.a(libc_a-dtoa.o)
 *fill*         0x0800fec6        0x2 
 .text._dtoa_r  0x0800fec8      0xb90 C:/ST/STM32CubeIDE_1.16.0/STM32CubeIDE/plugins/com.st.stm32cube.ide.mcu.externaltools.gnu-tools-for-stm32.12.3.rel1.win32_1.0.200.202406191623/tools/bin/../lib/gcc/arm-none-eabi/12.3.1/../../../../arm-none-eabi/lib/thumb/v7-m/nofp\libc_nano.a(libc_a-dtoa.o)
                0x0800fec8                _dtoa_r
 .text._free_r  0x08010a58       0x90 C:/ST/STM32CubeIDE_1.16.0/STM32CubeIDE/plugins/com.st.stm32cube.ide.mcu.externaltools.gnu-tools-for-stm32.12.3.rel1.win32_1.0.200.202406191623/tools/bin/../lib/gcc/arm-none-eabi/12.3.1/../../../../arm-none-eabi/lib/thumb/v7-m/nofp\libc_nano.a(libc_a-freer.o)
                0x08010a58                _free_r
 .text._Balloc  0x08010ae8       0x80 C:/ST/STM32CubeIDE_1.16.0/STM32CubeIDE/plugins/com.st.stm32cube.ide.mcu.externaltools.gnu-tools-for-stm32.12.3.rel1.win32_1.0.200.202406191623/tools/bin/../lib/gcc/arm-none-eabi/12.3.1/../../../../arm-none-eabi/lib/thumb/v7-m/nofp\libc_nano.a(libc_a-mprec.o)
                0x08010ae8                _Balloc
 .text._Bfree   0x08010b68       0x44 C:/ST/STM32CubeIDE_1.16.0/STM32CubeIDE/plugins/com.st.stm32cube.ide.mcu.externaltools.gnu-tools-for-stm32.12.3.rel1.win32_1.0.200.202406191623/tools/bin/../lib/gcc/arm-none-eabi/12.3.1/../../../../arm-none-eabi/lib/thumb/v7-m/nofp\libc_nano.a(libc_a-mprec.o)
                0x08010b68                _Bfree
 .text.__multadd
                0x08010bac       0x8c C:/ST/STM32CubeIDE_1.16.0/STM32CubeIDE/plugins/com.st.stm32cube.ide.mcu.externaltools.gnu-tools-for-stm32.12.3.rel1.win32_1.0.200.202406191623/tools/bin/../lib/gcc/arm-none-eabi/12.3.1/../../../../arm-none-eabi/lib/thumb/v7-m/nofp\libc_nano.a(libc_a-mprec.o)
                0x08010bac                __multadd
 .text.__hi0bits
                0x08010c38       0x3e C:/ST/STM32CubeIDE_1.16.0/STM32CubeIDE/plugins/com.st.stm32cube.ide.mcu.externaltools.gnu-tools-for-stm32.12.3.rel1.win32_1.0.200.202406191623/tools/bin/../lib/gcc/arm-none-eabi/12.3.1/../../../../arm-none-eabi/lib/thumb/v7-m/nofp\libc_nano.a(libc_a-mprec.o)
                0x08010c38                __hi0bits
 .text.__lo0bits
                0x08010c76       0x5a C:/ST/STM32CubeIDE_1.16.0/STM32CubeIDE/plugins/com.st.stm32cube.ide.mcu.externaltools.gnu-tools-for-stm32.12.3.rel1.win32_1.0.200.202406191623/tools/bin/../lib/gcc/arm-none-eabi/12.3.1/../../../../arm-none-eabi/lib/thumb/v7-m/nofp\libc_nano.a(libc_a-mprec.o)
                0x08010c76                __lo0bits
 .text.__i2b    0x08010cd0       0x2c C:/ST/STM32CubeIDE_1.16.0/STM32CubeIDE/plugins/com.st.stm32cube.ide.mcu.externaltools.gnu-tools-for-stm32.12.3.rel1.win32_1.0.200.202406191623/tools/bin/../lib/gcc/arm-none-eabi/12.3.1/../../../../arm-none-eabi/lib/thumb/v7-m/nofp\libc_nano.a(libc_a-mprec.o)
                0x08010cd0                __i2b
 .text.__multiply
                0x08010cfc      0x150 C:/ST/STM32CubeIDE_1.16.0/STM32CubeIDE/plugins/com.st.stm32cube.ide.mcu.externaltools.gnu-tools-for-stm32.12.3.rel1.win32_1.0.200.202406191623/tools/bin/../lib/gcc/arm-none-eabi/12.3.1/../../../../arm-none-eabi/lib/thumb/v7-m/nofp\libc_nano.a(libc_a-mprec.o)
                0x08010cfc                __multiply
 .text.__pow5mult
                0x08010e4c       0xb4 C:/ST/STM32CubeIDE_1.16.0/STM32CubeIDE/plugins/com.st.stm32cube.ide.mcu.externaltools.gnu-tools-for-stm32.12.3.rel1.win32_1.0.200.202406191623/tools/bin/../lib/gcc/arm-none-eabi/12.3.1/../../../../arm-none-eabi/lib/thumb/v7-m/nofp\libc_nano.a(libc_a-mprec.o)
                0x08010e4c                __pow5mult
 .text.__lshift
                0x08010f00       0xd8 C:/ST/STM32CubeIDE_1.16.0/STM32CubeIDE/plugins/com.st.stm32cube.ide.mcu.externaltools.gnu-tools-for-stm32.12.3.rel1.win32_1.0.200.202406191623/tools/bin/../lib/gcc/arm-none-eabi/12.3.1/../../../../arm-none-eabi/lib/thumb/v7-m/nofp\libc_nano.a(libc_a-mprec.o)
                0x08010f00                __lshift
 .text.__mcmp   0x08010fd8       0x36 C:/ST/STM32CubeIDE_1.16.0/STM32CubeIDE/plugins/com.st.stm32cube.ide.mcu.externaltools.gnu-tools-for-stm32.12.3.rel1.win32_1.0.200.202406191623/tools/bin/../lib/gcc/arm-none-eabi/12.3.1/../../../../arm-none-eabi/lib/thumb/v7-m/nofp\libc_nano.a(libc_a-mprec.o)
                0x08010fd8                __mcmp
 *fill*         0x0801100e        0x2 
 .text.__mdiff  0x08011010      0x128 C:/ST/STM32CubeIDE_1.16.0/STM32CubeIDE/plugins/com.st.stm32cube.ide.mcu.externaltools.gnu-tools-for-stm32.12.3.rel1.win32_1.0.200.202406191623/tools/bin/../lib/gcc/arm-none-eabi/12.3.1/../../../../arm-none-eabi/lib/thumb/v7-m/nofp\libc_nano.a(libc_a-mprec.o)
                0x08011010                __mdiff
 .text.__d2b    0x08011138       0xb0 C:/ST/STM32CubeIDE_1.16.0/STM32CubeIDE/plugins/com.st.stm32cube.ide.mcu.externaltools.gnu-tools-for-stm32.12.3.rel1.win32_1.0.200.202406191623/tools/bin/../lib/gcc/arm-none-eabi/12.3.1/../../../../arm-none-eabi/lib/thumb/v7-m/nofp\libc_nano.a(libc_a-mprec.o)
                0x08011138                __d2b
 .text.__ssputs_r
                0x080111e8       0xb6 C:/ST/STM32CubeIDE_1.16.0/STM32CubeIDE/plugins/com.st.stm32cube.ide.mcu.externaltools.gnu-tools-for-stm32.12.3.rel1.win32_1.0.200.202406191623/tools/bin/../lib/gcc/arm-none-eabi/12.3.1/../../../../arm-none-eabi/lib/thumb/v7-m/nofp\libc_nano.a(libc_a-nano-svfprintf.o)
                0x080111e8                __ssputs_r
 *fill*         0x0801129e        0x2 
 .text._svfprintf_r
                0x080112a0      0x1f8 C:/ST/STM32CubeIDE_1.16.0/STM32CubeIDE/plugins/com.st.stm32cube.ide.mcu.externaltools.gnu-tools-for-stm32.12.3.rel1.win32_1.0.200.202406191623/tools/bin/../lib/gcc/arm-none-eabi/12.3.1/../../../../arm-none-eabi/lib/thumb/v7-m/nofp\libc_nano.a(libc_a-nano-svfprintf.o)
                0x080112a0                _svfiprintf_r
                0x080112a0                _svfprintf_r
 .text.__sflush_r
                0x08011498      0x100 C:/ST/STM32CubeIDE_1.16.0/STM32CubeIDE/plugins/com.st.stm32cube.ide.mcu.externaltools.gnu-tools-for-stm32.12.3.rel1.win32_1.0.200.202406191623/tools/bin/../lib/gcc/arm-none-eabi/12.3.1/../../../../arm-none-eabi/lib/thumb/v7-m/nofp\libc_nano.a(libc_a-fflush.o)
                0x08011498                __sflush_r
 .text._fflush_r
                0x08011598       0x50 C:/ST/STM32CubeIDE_1.16.0/STM32CubeIDE/plugins/com.st.stm32cube.ide.mcu.externaltools.gnu-tools-for-stm32.12.3.rel1.win32_1.0.200.202406191623/tools/bin/../lib/gcc/arm-none-eabi/12.3.1/../../../../arm-none-eabi/lib/thumb/v7-m/nofp\libc_nano.a(libc_a-fflush.o)
                0x08011598                _fflush_r
 .text.memmove  0x080115e8       0x34 C:/ST/STM32CubeIDE_1.16.0/STM32CubeIDE/plugins/com.st.stm32cube.ide.mcu.externaltools.gnu-tools-for-stm32.12.3.rel1.win32_1.0.200.202406191623/tools/bin/../lib/gcc/arm-none-eabi/12.3.1/../../../../arm-none-eabi/lib/thumb/v7-m/nofp\libc_nano.a(libc_a-memmove.o)
                0x080115e8                memmove
 .text.memcpy   0x0801161c       0x1c C:/ST/STM32CubeIDE_1.16.0/STM32CubeIDE/plugins/com.st.stm32cube.ide.mcu.externaltools.gnu-tools-for-stm32.12.3.rel1.win32_1.0.200.202406191623/tools/bin/../lib/gcc/arm-none-eabi/12.3.1/../../../../arm-none-eabi/lib/thumb/v7-m/nofp\libc_nano.a(libc_a-memcpy-stub.o)
                0x0801161c                memcpy
 .text.__assert_func
                0x08011638       0x3c C:/ST/STM32CubeIDE_1.16.0/STM32CubeIDE/plugins/com.st.stm32cube.ide.mcu.externaltools.gnu-tools-for-stm32.12.3.rel1.win32_1.0.200.202406191623/tools/bin/../lib/gcc/arm-none-eabi/12.3.1/../../../../arm-none-eabi/lib/thumb/v7-m/nofp\libc_nano.a(libc_a-assert.o)
                0x08011638                __assert_func
 .text._calloc_r
                0x08011674       0x28 C:/ST/STM32CubeIDE_1.16.0/STM32CubeIDE/plugins/com.st.stm32cube.ide.mcu.externaltools.gnu-tools-for-stm32.12.3.rel1.win32_1.0.200.202406191623/tools/bin/../lib/gcc/arm-none-eabi/12.3.1/../../../../arm-none-eabi/lib/thumb/v7-m/nofp\libc_nano.a(libc_a-callocr.o)
                0x08011674                _calloc_r
 .text.__ascii_mbtowc
                0x0801169c       0x24 C:/ST/STM32CubeIDE_1.16.0/STM32CubeIDE/plugins/com.st.stm32cube.ide.mcu.externaltools.gnu-tools-for-stm32.12.3.rel1.win32_1.0.200.202406191623/tools/bin/../lib/gcc/arm-none-eabi/12.3.1/../../../../arm-none-eabi/lib/thumb/v7-m/nofp\libc_nano.a(libc_a-mbtowc_r.o)
                0x0801169c                __ascii_mbtowc
 .text._realloc_r
                0x080116c0       0x5c C:/ST/STM32CubeIDE_1.16.0/STM32CubeIDE/plugins/com.st.stm32cube.ide.mcu.externaltools.gnu-tools-for-stm32.12.3.rel1.win32_1.0.200.202406191623/tools/bin/../lib/gcc/arm-none-eabi/12.3.1/../../../../arm-none-eabi/lib/thumb/v7-m/nofp\libc_nano.a(libc_a-reallocr.o)
                0x080116c0                _realloc_r
 .text.__ascii_wctomb
                0x0801171c       0x1a C:/ST/STM32CubeIDE_1.16.0/STM32CubeIDE/plugins/com.st.stm32cube.ide.mcu.externaltools.gnu-tools-for-stm32.12.3.rel1.win32_1.0.200.202406191623/tools/bin/../lib/gcc/arm-none-eabi/12.3.1/../../../../arm-none-eabi/lib/thumb/v7-m/nofp\libc_nano.a(libc_a-wctomb_r.o)
                0x0801171c                __ascii_wctomb
 *fill*         0x08011736        0x2 
 .text.fprintf  0x08011738       0x24 C:/ST/STM32CubeIDE_1.16.0/STM32CubeIDE/plugins/com.st.stm32cube.ide.mcu.externaltools.gnu-tools-for-stm32.12.3.rel1.win32_1.0.200.202406191623/tools/bin/../lib/gcc/arm-none-eabi/12.3.1/../../../../arm-none-eabi/lib/thumb/v7-m/nofp\libc_nano.a(libc_a-fprintf.o)
                0x08011738                fiprintf
                0x08011738                fprintf
 .text.abort    0x0801175c        0xe C:/ST/STM32CubeIDE_1.16.0/STM32CubeIDE/plugins/com.st.stm32cube.ide.mcu.externaltools.gnu-tools-for-stm32.12.3.rel1.win32_1.0.200.202406191623/tools/bin/../lib/gcc/arm-none-eabi/12.3.1/../../../../arm-none-eabi/lib/thumb/v7-m/nofp\libc_nano.a(libc_a-abort.o)
                0x0801175c                abort
 .text._malloc_usable_size_r
                0x0801176a       0x10 C:/ST/STM32CubeIDE_1.16.0/STM32CubeIDE/plugins/com.st.stm32cube.ide.mcu.externaltools.gnu-tools-for-stm32.12.3.rel1.win32_1.0.200.202406191623/tools/bin/../lib/gcc/arm-none-eabi/12.3.1/../../../../arm-none-eabi/lib/thumb/v7-m/nofp\libc_nano.a(libc_a-msizer.o)
                0x0801176a                _malloc_usable_size_r
 .text.__sfputc_r
                0x0801177a       0x2a C:/ST/STM32CubeIDE_1.16.0/STM32CubeIDE/plugins/com.st.stm32cube.ide.mcu.externaltools.gnu-tools-for-stm32.12.3.rel1.win32_1.0.200.202406191623/tools/bin/../lib/gcc/arm-none-eabi/12.3.1/../../../../arm-none-eabi/lib/thumb/v7-m/nofp\libc_nano.a(libc_a-nano-vfprintf.o)
 .text.__sfputs_r
                0x080117a4       0x24 C:/ST/STM32CubeIDE_1.16.0/STM32CubeIDE/plugins/com.st.stm32cube.ide.mcu.externaltools.gnu-tools-for-stm32.12.3.rel1.win32_1.0.200.202406191623/tools/bin/../lib/gcc/arm-none-eabi/12.3.1/../../../../arm-none-eabi/lib/thumb/v7-m/nofp\libc_nano.a(libc_a-nano-vfprintf.o)
                0x080117a4                __sfputs_r
 .text._vfprintf_r
                0x080117c8      0x230 C:/ST/STM32CubeIDE_1.16.0/STM32CubeIDE/plugins/com.st.stm32cube.ide.mcu.externaltools.gnu-tools-for-stm32.12.3.rel1.win32_1.0.200.202406191623/tools/bin/../lib/gcc/arm-none-eabi/12.3.1/../../../../arm-none-eabi/lib/thumb/v7-m/nofp\libc_nano.a(libc_a-nano-vfprintf.o)
                0x080117c8                _vfprintf_r
                0x080117c8                _vfiprintf_r
 .text.__swbuf_r