Archive member included to satisfy reference by file (symbol)

C:/ST/STM32CubeIDE_1.16.0/STM32CubeIDE/plugins/com.st.stm32cube.ide.mcu.externaltools.gnu-tools-for-stm32.12.3.rel1.win32_1.0.200.202406191623/tools/bin/../lib/gcc/arm-none-eabi/12.3.1/../../../../arm-none-eabi/lib/thumb/v7-m/nofp\libc_nano.a(libc_a-exit.o)
                              C:/ST/STM32CubeIDE_1.16.0/STM32CubeIDE/plugins/com.st.stm32cube.ide.mcu.externaltools.gnu-tools-for-stm32.12.3.rel1.win32_1.0.200.202406191623/tools/bin/../lib/gcc/arm-none-eabi/12.3.1/../../../../arm-none-eabi/lib/thumb/v7-m/nofp/crt0.o (exit)
C:/ST/STM32CubeIDE_1.16.0/STM32CubeIDE/plugins/com.st.stm32cube.ide.mcu.externaltools.gnu-tools-for-stm32.12.3.rel1.win32_1.0.200.202406191623/tools/bin/../lib/gcc/arm-none-eabi/12.3.1/../../../../arm-none-eabi/lib/thumb/v7-m/nofp\libc_nano.a(libc_a-malloc.o)
                              ./Core/Src/MyDriversSrc/le910r1br.o (malloc)
C:/ST/STM32CubeIDE_1.16.0/STM32CubeIDE/plugins/com.st.stm32cube.ide.mcu.externaltools.gnu-tools-for-stm32.12.3.rel1.win32_1.0.200.202406191623/tools/bin/../lib/gcc/arm-none-eabi/12.3.1/../../../../arm-none-eabi/lib/thumb/v7-m/nofp\libc_nano.a(libc_a-mallocr.o)
                              C:/ST/STM32CubeIDE_1.16.0/STM32CubeIDE/plugins/com.st.stm32cube.ide.mcu.externaltools.gnu-tools-for-stm32.12.3.rel1.win32_1.0.200.202406191623/tools/bin/../lib/gcc/arm-none-eabi/12.3.1/../../../../arm-none-eabi/lib/thumb/v7-m/nofp\libc_nano.a(libc_a-malloc.o) (_malloc_r)
C:/ST/STM32CubeIDE_1.16.0/STM32CubeIDE/plugins/com.st.stm32cube.ide.mcu.externaltools.gnu-tools-for-stm32.12.3.rel1.win32_1.0.200.202406191623/tools/bin/../lib/gcc/arm-none-eabi/12.3.1/../../../../arm-none-eabi/lib/thumb/v7-m/nofp\libc_nano.a(libc_a-mlock.o)
                              C:/ST/STM32CubeIDE_1.16.0/STM32CubeIDE/plugins/com.st.stm32cube.ide.mcu.externaltools.gnu-tools-for-stm32.12.3.rel1.win32_1.0.200.202406191623/tools/bin/../lib/gcc/arm-none-eabi/12.3.1/../../../../arm-none-eabi/lib/thumb/v7-m/nofp\libc_nano.a(libc_a-mallocr.o) (__malloc_lock)
C:/ST/STM32CubeIDE_1.16.0/STM32CubeIDE/plugins/com.st.stm32cube.ide.mcu.externaltools.gnu-tools-for-stm32.12.3.rel1.win32_1.0.200.202406191623/tools/bin/../lib/gcc/arm-none-eabi/12.3.1/../../../../arm-none-eabi/lib/thumb/v7-m/nofp\libc_nano.a(libc_a-nano-vfprintf_float.o)
                              (_printf_float)
C:/ST/STM32CubeIDE_1.16.0/STM32CubeIDE/plugins/com.st.stm32cube.ide.mcu.externaltools.gnu-tools-for-stm32.12.3.rel1.win32_1.0.200.202406191623/tools/bin/../lib/gcc/arm-none-eabi/12.3.1/../../../../arm-none-eabi/lib/thumb/v7-m/nofp\libc_nano.a(libc_a-nano-vfprintf_i.o)
                              C:/ST/STM32CubeIDE_1.16.0/STM32CubeIDE/plugins/com.st.stm32cube.ide.mcu.externaltools.gnu-tools-for-stm32.12.3.rel1.win32_1.0.200.202406191623/tools/bin/../lib/gcc/arm-none-eabi/12.3.1/../../../../arm-none-eabi/lib/thumb/v7-m/nofp\libc_nano.a(libc_a-nano-vfprintf_float.o) (_printf_common)
C:/ST/STM32CubeIDE_1.16.0/STM32CubeIDE/plugins/com.st.stm32cube.ide.mcu.externaltools.gnu-tools-for-stm32.12.3.rel1.win32_1.0.200.202406191623/tools/bin/../lib/gcc/arm-none-eabi/12.3.1/../../../../arm-none-eabi/lib/thumb/v7-m/nofp\libc_nano.a(libc_a-findfp.o)
                              C:/ST/STM32CubeIDE_1.16.0/STM32CubeIDE/plugins/com.st.stm32cube.ide.mcu.externaltools.gnu-tools-for-stm32.12.3.rel1.win32_1.0.200.202406191623/tools/bin/../lib/gcc/arm-none-eabi/12.3.1/../../../../arm-none-eabi/lib/thumb/v7-m/nofp\libc_nano.a(libc_a-exit.o) (__stdio_exit_handler)
C:/ST/STM32CubeIDE_1.16.0/STM32CubeIDE/plugins/com.st.stm32cube.ide.mcu.externaltools.gnu-tools-for-stm32.12.3.rel1.win32_1.0.200.202406191623/tools/bin/../lib/gcc/arm-none-eabi/12.3.1/../../../../arm-none-eabi/lib/thumb/v7-m/nofp\libc_nano.a(libc_a-fwalk.o)
                              C:/ST/STM32CubeIDE_1.16.0/STM32CubeIDE/plugins/com.st.stm32cube.ide.mcu.externaltools.gnu-tools-for-stm32.12.3.rel1.win32_1.0.200.202406191623/tools/bin/../lib/gcc/arm-none-eabi/12.3.1/../../../../arm-none-eabi/lib/thumb/v7-m/nofp\libc_nano.a(libc_a-findfp.o) (_fwalk_sglue)
C:/ST/STM32CubeIDE_1.16.0/STM32CubeIDE/plugins/com.st.stm32cube.ide.mcu.externaltools.gnu-tools-for-stm32.12.3.rel1.win32_1.0.200.202406191623/tools/bin/../lib/gcc/arm-none-eabi/12.3.1/../../../../arm-none-eabi/lib/thumb/v7-m/nofp\libc_nano.a(libc_a-snprintf.o)
                              ./Core/Src/MyServicesSrc/state_machine.o (snprintf)
C:/ST/STM32CubeIDE_1.16.0/STM32CubeIDE/plugins/com.st.stm32cube.ide.mcu.externaltools.gnu-tools-for-stm32.12.3.rel1.win32_1.0.200.202406191623/tools/bin/../lib/gcc/arm-none-eabi/12.3.1/../../../../arm-none-eabi/lib/thumb/v7-m/nofp\libc_nano.a(libc_a-stdio.o)
[...]
Memory Configuration

Name             Origin             Length             Attributes
RAM              0x20000000         0x00005000         xrw
FLASH            0x08000000         0x00020000         xr
*default*        0x00000000         0xffffffff

Linker script and memory map

LOAD C:/ST/STM32CubeIDE_1.16.0/STM32CubeIDE/plugins/com.st.stm32cube.ide.mcu.externaltools.gnu-tools-for-stm32.12.3.rel1.win32_1.0.200.202406191623/tools/bin/../lib/gcc/arm-none-eabi/12.3.1/thumb/v7-m/nofp/crti.o
LOAD C:/ST/STM32CubeIDE_1.16.0/STM32CubeIDE/plugins/com.st.stm32cube.ide.mcu.externaltools.gnu-tools-for-stm32.12.3.rel1.win32_1.0.200.202406191623/tools/bin/../lib/gcc/arm-none-eabi/12.3.1/thumb/v7-m/nofp/crtbegin.o
LOAD C:/ST/STM32CubeIDE_1.16.0/STM32CubeIDE/plugins/com.st.stm32cube.ide.mcu.externaltools.gnu-tools-for-stm32.12.3.rel1.win32_1.0.200.202406191623/tools/bin/../lib/gcc/arm-none-eabi/12.3.1/../../../../arm-none-eabi/lib/thumb/v7-m/nofp/crt0.o
LOAD ./Core/Src/MyDriversSrc/aht20.o
LOAD ./Core/Src/MyDriversSrc/ajsr04m.o
LOAD ./Core/Src/MyDriversSrc/le910r1br.o
LOAD ./Core/Src/MyDriversSrc/leds.o
LOAD ./Core/Src/MyDriversSrc/lsd_callbacks.o
LOAD ./Core/Src/MyDriversSrc/lsd_common.o
LOAD ./Core/Src/MyServicesSrc/data_analysis.o
LOAD ./Core/Src/MyServicesSrc/device_sleep.o
LOAD ./Core/Src/MyServicesSrc/distance_measurements.o
LOAD ./Core/Src/MyServicesSrc/logs_management.o
LOAD ./Core/Src/MyServicesSrc/lte_transmission.o
LOAD ./Core/Src/MyServicesSrc/state_machine.o
LOAD ./Core/Src/MyServicesSrc/usb_transmission.o
LOAD ./Core/Src/main.o
LOAD ./Core/Src/stm32f1xx_hal_msp.o
LOAD ./Core/Src/stm32f1xx_it.o
LOAD ./Core/Src/syscalls.o
LOAD ./Core/Src/sysmem.o
LOAD ./Core/Src/system_stm32f1xx.o
LOAD ./Core/Startup/startup_stm32f103rbtx.o
LOAD ./Drivers/STM32F1xx_HAL_Driver/Src/stm32f1xx_hal.o
LOAD ./Drivers/STM32F1xx_HAL_Driver/Src/stm32f1xx_hal_cortex.o
LOAD ./Drivers/STM32F1xx_HAL_Driver/Src/stm32f1xx_hal_dma.o
LOAD ./Drivers/STM32F1xx_HAL_Driver/Src/stm32f1xx_hal_exti.o
LOAD ./Drivers/STM32F1xx_HAL_Driver/Src/stm32f1xx_hal_flash.o
LOAD ./Drivers/STM32F1xx_HAL_Driver/Src/stm32f1xx_hal_flash_ex.o
LOAD ./Drivers/STM32F1xx_HAL_Driver/Src/stm32f1xx_hal_gpio.o
LOAD ./Drivers/STM32F1xx_HAL_Driver/Src/stm32f1xx_hal_gpio_ex.o
LOAD ./Drivers/STM32F1xx_HAL_Driver/Src/stm32f1xx_hal_i2c.o
LOAD ./Drivers/STM32F1xx_HAL_Driver/Src/stm32f1xx_hal_pcd.o
LOAD ./Drivers/STM32F1xx_HAL_Driver/Src/stm32f1xx_hal_pcd_ex.o
LOAD ./Drivers/STM32F1xx_HAL_Driver/Src/stm32f1xx_hal_pwr.o
LOAD ./Drivers/STM32F1xx_HAL_Driver/Src/stm32f1xx_hal_rcc.o
LOAD ./Drivers/STM32F1xx_HAL_Driver/Src/stm32f1xx_hal_rcc_ex.o
LOAD ./Drivers/STM32F1xx_HAL_Driver/Src/stm32f1xx_hal_rtc.o
LOAD ./Drivers/STM32F1xx_HAL_Driver/Src/stm32f1xx_hal_rtc_ex.o
LOAD ./Drivers/STM32F1xx_HAL_Driver/Src/stm32f1xx_hal_tim.o
LOAD ./Drivers/STM32F1xx_HAL_Driver/Src/stm32f1xx_hal_tim_ex.o
LOAD ./Drivers/STM32F1xx_HAL_Driver/Src/stm32f1xx_hal_uart.o
LOAD ./Drivers/STM32F1xx_HAL_Driver/Src/stm32f1xx_ll_usb.o
LOAD ./Middlewares/ST/STM32_USB_Device_Library/Class/CDC/Src/usbd_cdc.o
LOAD ./Middlewares/ST/STM32_USB_Device_Library/Core/Src/usbd_core.o
LOAD ./Middlewares/ST/STM32_USB_Device_Library/Core/Src/usbd_ctlreq.o
LOAD ./Middlewares/ST/STM32_USB_Device_Library/Core/Src/usbd_ioreq.o
LOAD ./USB_DEVICE/App/usb_device.o
LOAD ./USB_DEVICE/App/usbd_cdc_if.o
LOAD ./USB_DEVICE/App/usbd_desc.o
LOAD ./USB_DEVICE/Target/usbd_conf.o
START GROUP
LOAD C:/ST/STM32CubeIDE_1.16.0/STM32CubeIDE/plugins/com.st.stm32cube.ide.mcu.externaltools.gnu-tools-for-stm32.12.3.rel1.win32_1.0.200.202406191623/tools/bin/../lib/gcc/arm-none-eabi/12.3.1/../../../../arm-none-eabi/lib/thumb/v7-m/nofp\libc_nano.a
LOAD C:/ST/STM32CubeIDE_1.16.0/STM32CubeIDE/plugins/com.st.stm32cube.ide.mcu.externaltools.gnu-tools-for-stm32.12.3.rel1.win32_1.0.200.202406191623/tools/bin/../lib/gcc/arm-none-eabi/12.3.1/../../../../arm-none-eabi/lib/thumb/v7-m/nofp\libm.a
END GROUP
START GROUP
LOAD C:/ST/STM32CubeIDE_1.16.0/STM32CubeIDE/plugins/com.st.stm32cube.ide.mcu.externaltools.gnu-tools-for-stm32.12.3.rel1.win32_1.0.200.202406191623/tools/bin/../lib/gcc/arm-none-eabi/12.3.1/thumb/v7-m/nofp\libgcc.a
LOAD C:/ST/STM32CubeIDE_1.16.0/STM32CubeIDE/plugins/com.st.stm32cube.ide.mcu.externaltools.gnu-tools-for-stm32.12.3.rel1.win32_1.0.200.202406191623/tools/bin/../lib/gcc/arm-none-eabi/12.3.1/../../../../arm-none-eabi/lib/thumb/v7-m/nofp\libc_nano.a
END GROUP
START GROUP
LOAD C:/ST/STM32CubeIDE_1.16.0/STM32CubeIDE/plugins/com.st.stm32cube.ide.mcu.externaltools.gnu-tools-for-stm32.12.3.rel1.win32_1.0.200.202406191623/tools/bin/../lib/gcc/arm-none-eabi/12.3.1/thumb/v7-m/nofp\libgcc.a
LOAD C:/ST/STM32CubeIDE_1.16.0/STM32CubeIDE/plugins/com.st.stm32cube.ide.mcu.externaltools.gnu-tools-for-stm32.12.3.rel1.win32_1.0.200.202406191623/tools/bin/../lib/gcc/arm-none-eabi/12.3.1/../../../../arm-none-eabi/lib/thumb/v7-m/nofp\libc_nano.a
LOAD C:/ST/STM32CubeIDE_1.16.0/STM32CubeIDE/plugins/com.st.stm32cube.ide.mcu.externaltools.gnu-tools-for-stm32.12.3.rel1.win32_1.0.200.202406191623/tools/bin/../lib/gcc/arm-none-eabi/12.3.1/../../../../arm-none-eabi/lib/thumb/v7-m/nofp\libnosys.a
END GROUP
START GROUP
LOAD C:/ST/STM32CubeIDE_1.16.0/STM32CubeIDE/plugins/com.st.stm32cube.ide.mcu.externaltools.gnu-tools-for-stm32.12.3.rel1.win32_1.0.200.202406191623/tools/bin/../lib/gcc/arm-none-eabi/12.3.1/thumb/v7-m/nofp\libgcc.a
LOAD C:/ST/STM32CubeIDE_1.16.0/STM32CubeIDE/plugins/com.st.stm32cube.ide.mcu.externaltools.gnu-tools-for-stm32.12.3.rel1.win32_1.0.200.202406191623/tools/bin/../lib/gcc/arm-none-eabi/12.3.1/../../../../arm-none-eabi/lib/thumb/v7-m/nofp\libc_nano.a
LOAD C:/ST/STM32CubeIDE_1.16.0/STM32CubeIDE/plugins/com.st.stm32cube.ide.mcu.externaltools.gnu-tools-for-stm32.12.3.rel1.win32_1.0.200.202406191623/tools/bin/../lib/gcc/arm-none-eabi/12.3.1/../../../../arm-none-eabi/lib/thumb/v7-m/nofp\libnosys.a
END GROUP
LOAD C:/ST/STM32CubeIDE_1.16.0/STM32CubeIDE/plugins/com.st.stm32cube.ide.mcu.externaltools.gnu-tools-for-stm32.12.3.rel1.win32_1.0.200.202406191623/tools/bin/../lib/gcc/arm-none-eabi/12.3.1/thumb/v7-m/nofp/crtend.o
LOAD C:/ST/STM32CubeIDE_1.16.0/STM32CubeIDE/plugins/com.st.stm32cube.ide.mcu.externaltools.gnu-tools-for-stm32.12.3.rel1.win32_1.0.200.202406191623/tools/bin/../lib/gcc/arm-none-eabi/12.3.1/thumb/v7-m/nofp/crtn.o
                0x20005000                        _estack = (ORIGIN (RAM) + LENGTH (RAM))
                0x00000200                        _Min_Heap_Size = 0x200
                0x00000400                        _Min_Stack_Size = 0x400

.isr_vector     0x08000000      0x10c
                0x08000000                        . = ALIGN (0x4)
 *(.isr_vector)
 .isr_vector    0x08000000      0x10c ./Core/Startup/startup_stm32f103rbtx.o
                0x08000000                g_pfnVectors
                0x0800010c                        . = ALIGN (0x4)

.text           0x08000110    0x11c20
                0x08000110                        . = ALIGN (0x4)
 *(.text)
 .text          0x08000110       0x40 C:/ST/STM32CubeIDE_1.16.0/STM32CubeIDE/plugins/com.st.stm32cube.ide.mcu.externaltools.gnu-tools-for-stm32.12.3.rel1.win32_1.0.200.202406191623/tools/bin/../lib/gcc/arm-none-eabi/12.3.1/thumb/v7-m/nofp/crtbegin.o
 .text          0x08000150       0x10 C:/ST/STM32CubeIDE_1.16.0/STM32CubeIDE/plugins/com.st.stm32cube.ide.mcu.externaltools.gnu-tools-for-stm32.12.3.rel1.win32_1.0.200.202406191623/tools/bin/../lib/gcc/arm-none-eabi/12.3.1/../../../../arm-none-eabi/lib/thumb/v7-m/nofp\libc_nano.a(libc_a-strlen.o)
                0x08000150                strlen
 .text          0x08000160      0x378 C:/ST/STM32CubeIDE_1.16.0/STM32CubeIDE/plugins/com.st.stm32cube.ide.mcu.externaltools.gnu-tools-for-stm32.12.3.rel1.win32_1.0.200.202406191623/tools/bin/../lib/gcc/arm-none-eabi/12.3.1/thumb/v7-m/nofp\libgcc.a(_arm_addsubdf3.o)
                0x08000160                __aeabi_drsub
                0x08000168                __aeabi_dsub
                0x08000168                __subdf3
                0x0800016c                __aeabi_dadd
                0x0800016c                __adddf3
                0x080003e4                __floatunsidf
                0x080003e4                __aeabi_ui2d
                0x08000404                __floatsidf
                0x08000404                __aeabi_i2d
                0x08000428                __aeabi_f2d
                0x08000428                __extendsfdf2
                0x0800046c                __floatundidf
                0x0800046c                __aeabi_ul2d
                0x0800047c                __floatdidf
                0x0800047c                __aeabi_l2d
 .text          0x080004d8      0x424 C:/ST/STM32CubeIDE_1.16.0/STM32CubeIDE/plugins/com.st.stm32cube.ide.mcu.externaltools.gnu-tools-for-stm32.12.3.rel1.win32_1.0.200.202406191623/tools/bin/../lib/gcc/arm-none-eabi/12.3.1/thumb/v7-m/nofp\libgcc.a(_arm_muldivdf3.o)
                0x080004d8                __aeabi_dmul
                0x080004d8                __muldf3
                0x0800072c                __divdf3
                0x0800072c                __aeabi_ddiv
 .text          0x080008fc      0x110 C:/ST/STM32CubeIDE_1.16.0/STM32CubeIDE/plugins/com.st.stm32cube.ide.mcu.externaltools.gnu-tools-for-stm32.12.3.rel1.win32_1.0.200.202406191623/tools/bin/../lib/gcc/arm-none-eabi/12.3.1/thumb/v7-m/nofp\libgcc.a(_arm_cmpdf2.o)
                0x080008fc                __gtdf2
                0x080008fc                __gedf2
                0x08000904                __ltdf2
                0x08000904                __ledf2
                0x0800090c                __nedf2
                0x0800090c                __eqdf2
                0x0800090c                __cmpdf2
                0x08000988                __aeabi_cdrcmple
                0x08000998                __aeabi_cdcmpeq
                0x08000998                __aeabi_cdcmple
                0x080009a8                __aeabi_dcmpeq
                0x080009bc                __aeabi_dcmplt
                0x080009d0                __aeabi_dcmple
                0x080009e4                __aeabi_dcmpge
                0x080009f8                __aeabi_dcmpgt
 .text          0x08000a0c       0x2c C:/ST/STM32CubeIDE_1.16.0/STM32CubeIDE/plugins/com.st.stm32cube.ide.mcu.externaltools.gnu-tools-for-stm32.12.3.rel1.win32_1.0.200.202406191623/tools/bin/../lib/gcc/arm-none-eabi/12.3.1/thumb/v7-m/nofp\libgcc.a(_arm_unorddf2.o)
                0x08000a0c                __unorddf2
                0x08000a0c                __aeabi_dcmpun
 .text          0x08000a38       0x50 C:/ST/STM32CubeIDE_1.16.0/STM32CubeIDE/plugins/com.st.stm32cube.ide.mcu.externaltools.gnu-tools-for-stm32.12.3.rel1.win32_1.0.200.202406191623/tools/bin/../lib/gcc/arm-none-eabi/12.3.1/thumb/v7-m/nofp\libgcc.a(_arm_fixdfsi.o)
                0x08000a38                __aeabi_d2iz
                0x08000a38                __fixdfsi
 .text          0x08000a88       0xa0 C:/ST/STM32CubeIDE_1.16.0/STM32CubeIDE/plugins/com.st.stm32cube.ide.mcu.externaltools.gnu-tools-for-stm32.12.3.rel1.win32_1.0.200.202406191623/tools/bin/../lib/gcc/arm-none-eabi/12.3.1/thumb/v7-m/nofp\libgcc.a(_arm_truncdfsf2.o)
                0x08000a88                __truncdfsf2
                0x08000a88                __aeabi_d2f
 .text          0x08000b28      0x21c C:/ST/STM32CubeIDE_1.16.0/STM32CubeIDE/plugins/com.st.stm32cube.ide.mcu.externaltools.gnu-tools-for-stm32.12.3.rel1.win32_1.0.200.202406191623/tools/bin/../lib/gcc/arm-none-eabi/12.3.1/thumb/v7-m/nofp\libgcc.a(_arm_addsubsf3.o)
                0x08000b28                __aeabi_frsub
                0x08000b30                __subsf3
                0x08000b30                __aeabi_fsub
                0x08000b34                __aeabi_fadd
                0x08000b34                __addsf3
                0x08000c94                __aeabi_ui2f
                0x08000c94                __floatunsisf
                0x08000c9c                __aeabi_i2f
                0x08000c9c                __floatsisf
                0x08000cb8                __aeabi_ul2f
                0x08000cb8                __floatundisf
                0x08000cc8                __aeabi_l2f
                0x08000cc8                __floatdisf
 .text          0x08000d44      0x2a0 C:/ST/STM32CubeIDE_1.16.0/STM32CubeIDE/plugins/com.st.stm32cube.ide.mcu.externaltools.gnu-tools-for-stm32.12.3.rel1.win32_1.0.200.202406191623/tools/bin/../lib/gcc/arm-none-eabi/12.3.1/thumb/v7-m/nofp\libgcc.a(_arm_muldivsf3.o)
                0x08000d44                __mulsf3
                0x08000d44                __aeabi_fmul
                0x08000eac                __aeabi_fdiv
                0x08000eac                __divsf3
 .text          0x08000fe4       0xec C:/ST/STM32CubeIDE_1.16.0/STM32CubeIDE/plugins/com.st.stm32cube.ide.mcu.externaltools.gnu-tools-for-stm32.12.3.rel1.win32_1.0.200.202406191623/tools/bin/../lib/gcc/arm-none-eabi/12.3.1/thumb/v7-m/nofp\libgcc.a(_arm_cmpsf2.o)
                0x08000fe4                __gesf2
                0x08000fe4                __gtsf2
                0x08000fec                __lesf2
                0x08000fec                __ltsf2
                0x08000ff4                __nesf2
                0x08000ff4                __eqsf2
                0x08000ff4                __cmpsf2
                0x08001054                __aeabi_cfrcmple
                0x0800105c                __aeabi_cfcmpeq
                0x0800105c                __aeabi_cfcmple
                0x0800106c                __aeabi_fcmpeq
                0x08001080                __aeabi_fcmplt
                0x08001094                __aeabi_fcmple
                0x080010a8                __aeabi_fcmpge
                0x080010bc                __aeabi_fcmpgt
 .text          0x080010d0       0x40 C:/ST/STM32CubeIDE_1.16.0/STM32CubeIDE/plugins/com.st.stm32cube.ide.mcu.externaltools.gnu-tools-for-stm32.12.3.rel1.win32_1.0.200.202406191623/tools/bin/../lib/gcc/arm-none-eabi/12.3.1/thumb/v7-m/nofp\libgcc.a(_arm_fixunssfsi.o)
                0x080010d0                __fixunssfsi
                0x080010d0                __aeabi_f2uiz
 *(.text*)
 .text.aht20_init
                0x08001110       0x3c ./Core/Src/MyDriversSrc/aht20.o
                0x08001110                aht20_init
 .text.aht20_update
                0x0800114c      0x110 ./Core/Src/MyDriversSrc/aht20.o
                0x0800114c                aht20_update
 .text.aht20_get_temperature_C
                0x0800125c       0x78 ./Core/Src/MyDriversSrc/aht20.o
                0x0800125c                aht20_get_temperature_C
 .text.aht20_get_humidity_RH
                0x080012d4       0x64 ./Core/Src/MyDriversSrc/aht20.o
                0x080012d4                aht20_get_humidity_RH
 .text.aht20_hal_i2c_transmit
                0x08001338       0x3c ./Core/Src/MyDriversSrc/aht20.o
 .text.aht20_hal_i2c_receive
                0x08001374       0x3c ./Core/Src/MyDriversSrc/aht20.o
 .text.calculate_crc8
                0x080013b0       0x74 ./Core/Src/MyDriversSrc/aht20.o
 .text.ajsr04m_init
                0x08001424       0x64 ./Core/Src/MyDriversSrc/ajsr04m.o
                0x08001424                ajsr04m_init
 .text.ajsr04m_read_tof_exti
                0x08001488        0xe ./Core/Src/MyDriversSrc/ajsr04m.o
                0x08001488                ajsr04m_read_tof_exti
 *fill*         0x08001496        0x2 
 .text.ajsr04m_get_tof_ms
                0x08001498       0x60 ./Core/Src/MyDriversSrc/ajsr04m.o
                0x08001498                ajsr04m_get_tof_ms
 .text.ajsr04m_callback_handler_echo_start
                0x080014f8       0x2c ./Core/Src/MyDriversSrc/ajsr04m.o
                0x080014f8                ajsr04m_callback_handler_echo_start
 .text.ajsr04m_callback_handler_echo_finish
                0x08001524       0x28 ./Core/Src/MyDriversSrc/ajsr04m.o
                0x08001524                ajsr04m_callback_handler_echo_finish
 .text.ajsr04m_trigger_measurement
                0x0800154c       0x34 ./Core/Src/MyDriversSrc/ajsr04m.o
 .text.le910r1br_init
                0x08001580       0x6c ./Core/Src/MyDriversSrc/le910r1br.o
                0x08001580                le910r1br_init
 .text.le910r1br_power_off
                0x080015ec       0x34 ./Core/Src/MyDriversSrc/le910r1br.o
                0x080015ec                le910r1br_power_off
 .text.leds_init
                0x08001620       0xc0 ./Core/Src/MyDriversSrc/leds.o
                0x08001620                leds_init
 .text.leds_turn_on
                0x080016e0       0xb4 ./Core/Src/MyDriversSrc/leds.o
                0x080016e0                leds_turn_on
 .text.leds_turn_off
                0x08001794       0xa0 ./Core/Src/MyDriversSrc/leds.o
                0x08001794                leds_turn_off
 .text.leds_blink_fast
                0x08001834       0xec ./Core/Src/MyDriversSrc/leds.o
                0x08001834                leds_blink_fast
 .text.leds_callback_handler
                0x08001920       0x88 ./Core/Src/MyDriversSrc/leds.o
                0x08001920                leds_callback_handler
 .text.leds_write_value
                0x080019a8       0x3c ./Core/Src/MyDriversSrc/leds.o
 .text.leds_timer_set_compare_value
                0x080019e4       0x94 ./Core/Src/MyDriversSrc/leds.o
 .text.HAL_TIM_OC_DelayElapsedCallback
                0x08001a78       0x30 ./Core/Src/MyDriversSrc/lsd_callbacks.o
                0x08001a78                HAL_TIM_OC_DelayElapsedCallback
 .text.HAL_GPIO_EXTI_Callback
                0x08001aa8       0x38 ./Core/Src/MyDriversSrc/lsd_callbacks.o
                0x08001aa8                HAL_GPIO_EXTI_Callback
 .text.lsd_common_init
                0x08001ae0       0x3c ./Core/Src/MyDriversSrc/lsd_common.o
                0x08001ae0                lsd_common_init
 .text.lsd_delay_us
                0x08001b1c       0x50 ./Core/Src/MyDriversSrc/lsd_common.o
                0x08001b1c                lsd_delay_us
 .text.lsd_delay_ms
                0x08001b6c       0x2c ./Core/Src/MyDriversSrc/lsd_common.o
                0x08001b6c                lsd_delay_ms
 .text.lsd_get_rtc_timestamp
                0x08001b98       0x94 ./Core/Src/MyDriversSrc/lsd_common.o
                0x08001b98                lsd_get_rtc_timestamp
 .text.lsd_analyze_data
                0x08001c2c       0x24 ./Core/Src/MyServicesSrc/data_analysis.o
                0x08001c2c                lsd_analyze_data
 .text.update_thresold_values
                0x08001c50       0xa4 ./Core/Src/MyServicesSrc/data_analysis.o
 .text.categoryze_recent_data
                0x08001cf4       0x74 ./Core/Src/MyServicesSrc/data_analysis.o
 .text.compare_threshold
                0x08001d68       0x6c ./Core/Src/MyServicesSrc/data_analysis.o
 .text.lsd_exit_stop_mode
                0x08001dd4       0x40 ./Core/Src/MyServicesSrc/device_sleep.o
                0x08001dd4                lsd_exit_stop_mode
 .text.lsd_enter_stop_mode
                0x08001e14       0x44 ./Core/Src/MyServicesSrc/device_sleep.o
                0x08001e14                lsd_enter_stop_mode
 .text.lsd_measure_distance
                0x08001e58       0x28 ./Core/Src/MyServicesSrc/distance_measurements.o
                0x08001e58                lsd_measure_distance
 .text.read_climate_variables
                0x08001e80       0x28 ./Core/Src/MyServicesSrc/distance_measurements.o
 .text.calculate_speed_of_sound
                0x08001ea8        0xc ./Core/Src/MyServicesSrc/distance_measurements.o
 .text.calculate_distance
                0x08001eb4       0x6c ./Core/Src/MyServicesSrc/distance_measurements.o
 .text.calculate_speed_of_sound_Cramer_1993
                0x08001f20      0x63c ./Core/Src/MyServicesSrc/distance_measurements.o
 .text.lsd_log_write
                0x0800255c       0x40 ./Core/Src/MyServicesSrc/logs_management.o
                0x0800255c                lsd_log_write
 .text.write_log_values
                0x0800259c      0x324 ./Core/Src/MyServicesSrc/logs_management.o
 .text.log_values_check
                0x080028c0       0x68 ./Core/Src/MyServicesSrc/logs_management.o
 .text.update_pos_indexes
                0x08002928       0x50 ./Core/Src/MyServicesSrc/logs_management.o
 .text.state_machine_init
                0x08002978       0xdc ./Core/Src/MyServicesSrc/state_machine.o
                0x08002978                state_machine_init
 .text.state_machine_run
                0x08002a54       0x60 ./Core/Src/MyServicesSrc/state_machine.o
                0x08002a54                state_machine_run
 .text.state_machine_run_s0_wakeup
                0x08002ab4       0xc8 ./Core/Src/MyServicesSrc/state_machine.o
 .text.state_machine_run_s1_measure
                0x08002b7c       0x5c ./Core/Src/MyServicesSrc/state_machine.o
 .text.state_machine_run_s2_analyze
                0x08002bd8       0x50 ./Core/Src/MyServicesSrc/state_machine.o
 .text.state_machine_run_s3_transmit
                0x08002c28       0x48 ./Core/Src/MyServicesSrc/state_machine.o
 .text.state_machine_run_s4_sleep
                0x08002c70       0x68 ./Core/Src/MyServicesSrc/state_machine.o
 .text.state_machine_run_s5_fail_safe
                0x08002cd8       0x50 ./Core/Src/MyServicesSrc/state_machine.o
 .text.lsd_transmit_usb
                0x08002d28      0x21c ./Core/Src/MyServicesSrc/usb_transmission.o
                0x08002d28                lsd_transmit_usb
 .text.main     0x08002f44       0x80 ./Core/Src/main.o
                0x08002f44                main
 .text.SystemClock_Config
                0x08002fc4       0xbe ./Core/Src/main.o
                0x08002fc4                SystemClock_Config
 *fill*         0x08003082        0x2 
 .text.MX_I2C1_Init
                0x08003084       0x5c ./Core/Src/main.o
 .text.MX_RTC_Init
                0x080030e0       0xc8 ./Core/Src/main.o
 .text.MX_TIM2_Init
                0x080031a8       0xfc ./Core/Src/main.o
 .text.MX_TIM3_Init
                0x080032a4       0x9c ./Core/Src/main.o
 .text.MX_TIM4_Init
                0x08003340       0x9c ./Core/Src/main.o
 .text.MX_USART1_UART_Init
                0x080033dc       0x54 ./Core/Src/main.o
 .text.MX_GPIO_Init
                0x08003430      0x130 ./Core/Src/main.o
 .text.Error_Handler
                0x08003560        0xc ./Core/Src/main.o
                0x08003560                Error_Handler
 .text.HAL_MspInit
                0x0800356c       0x74 ./Core/Src/stm32f1xx_hal_msp.o
                0x0800356c                HAL_MspInit
 .text.HAL_I2C_MspInit
                0x080035e0       0x7c ./Core/Src/stm32f1xx_hal_msp.o
                0x080035e0                HAL_I2C_MspInit
 .text.HAL_RTC_MspInit
                0x0800365c       0x68 ./Core/Src/stm32f1xx_hal_msp.o
                0x0800365c                HAL_RTC_MspInit
 .text.HAL_TIM_Base_MspInit
                0x080036c4       0xb8 ./Core/Src/stm32f1xx_hal_msp.o
                0x080036c4                HAL_TIM_Base_MspInit
 .text.HAL_UART_MspInit
                0x0800377c       0x98 ./Core/Src/stm32f1xx_hal_msp.o
                0x0800377c                HAL_UART_MspInit
 .text.NMI_Handler
                0x08003814        0x8 ./Core/Src/stm32f1xx_it.o
                0x08003814                NMI_Handler
 .text.HardFault_Handler
                0x0800381c        0x8 ./Core/Src/stm32f1xx_it.o
                0x0800381c                HardFault_Handler
 .text.MemManage_Handler
                0x08003824        0x8 ./Core/Src/stm32f1xx_it.o
                0x08003824                MemManage_Handler
 .text.BusFault_Handler
                0x0800382c        0x8 ./Core/Src/stm32f1xx_it.o
                0x0800382c                BusFault_Handler
 .text.UsageFault_Handler
                0x08003834        0x8 ./Core/Src/stm32f1xx_it.o
                0x08003834                UsageFault_Handler
 .text.SVC_Handler
                0x0800383c        0xc ./Core/Src/stm32f1xx_it.o
                0x0800383c                SVC_Handler
 .text.DebugMon_Handler
                0x08003848        0xc ./Core/Src/stm32f1xx_it.o
                0x08003848                DebugMon_Handler
 .text.PendSV_Handler
                0x08003854        0xc ./Core/Src/stm32f1xx_it.o
                0x08003854                PendSV_Handler
 .text.SysTick_Handler
                0x08003860        0xc ./Core/Src/stm32f1xx_it.o
                0x08003860                SysTick_Handler
 .text.PVD_IRQHandler
                0x0800386c        0xc ./Core/Src/stm32f1xx_it.o
                0x0800386c                PVD_IRQHandler
 .text.RTC_IRQHandler
                0x08003878       0x14 ./Core/Src/stm32f1xx_it.o
                0x08003878                RTC_IRQHandler
 .text.EXTI0_IRQHandler
                0x0800388c        0xe ./Core/Src/stm32f1xx_it.o
                0x0800388c                EXTI0_IRQHandler
 *fill*         0x0800389a        0x2 
 .text.USB_HP_CAN1_TX_IRQHandler
                0x0800389c       0x14 ./Core/Src/stm32f1xx_it.o
                0x0800389c                USB_HP_CAN1_TX_IRQHandler
 .text.USB_LP_CAN1_RX0_IRQHandler
                0x080038b0       0x14 ./Core/Src/stm32f1xx_it.o
                0x080038b0                USB_LP_CAN1_RX0_IRQHandler
 .text.TIM2_IRQHandler
                0x080038c4       0x14 ./Core/Src/stm32f1xx_it.o
                0x080038c4                TIM2_IRQHandler
 .text.TIM3_IRQHandler
                0x080038d8       0x14 ./Core/Src/stm32f1xx_it.o
                0x080038d8                TIM3_IRQHandler
 .text.TIM4_IRQHandler
                0x080038ec       0x14 ./Core/Src/stm32f1xx_it.o
                0x080038ec                TIM4_IRQHandler
 .text.RTC_Alarm_IRQHandler
                0x08003900       0x14 ./Core/Src/stm32f1xx_it.o
                0x08003900                RTC_Alarm_IRQHandler
 .text._getpid  0x08003914        0xe ./Core/Src/syscalls.o
                0x08003914                _getpid
 .text._kill    0x08003922       0x20 ./Core/Src/syscalls.o
                0x08003922                _kill
 .text._exit    0x08003942       0x16 ./Core/Src/syscalls.o
                0x08003942                _exit
 .text._read    0x08003958       0x3a ./Core/Src/syscalls.o
                0x08003958                _read
 .text._write   0x08003992       0x38 ./Core/Src/syscalls.o
                0x08003992                _write
 .text._close   0x080039ca       0x16 ./Core/Src/syscalls.o
                0x080039ca                _close
 .text._fstat   0x080039e0       0x1e ./Core/Src/syscalls.o
                0x080039e0                _fstat
 .text._isatty  0x080039fe       0x14 ./Core/Src/syscalls.o
                0x080039fe                _isatty
 .text._lseek   0x08003a12       0x18 ./Core/Src/syscalls.o
                0x08003a12                _lseek
 *fill*         0x08003a2a        0x2 
 .text._sbrk    0x08003a2c       0x6c ./Core/Src/sysmem.o
                0x08003a2c                _sbrk
 .text.SystemInit
                0x08003a98        0xc ./Core/Src/system_stm32f1xx.o
                0x08003a98                SystemInit
 .text.Reset_Handler
                0x08003aa4       0x48 ./Core/Startup/startup_stm32f103rbtx.o
                0x08003aa4                Reset_Handler
 .text.Default_Handler
                0x08003aec        0x2 ./Core/Startup/startup_stm32f103rbtx.o
                0x08003aec                EXTI2_IRQHandler
                0x08003aec                TIM1_CC_IRQHandler
                0x08003aec                EXTI3_IRQHandler
                0x08003aec                I2C2_EV_IRQHandler
                0x08003aec                ADC1_2_IRQHandler
                0x08003aec                SPI1_IRQHandler
                0x08003aec                TAMPER_IRQHandler
                0x08003aec                DMA1_Channel4_IRQHandler
                0x08003aec                USART3_IRQHandler
                0x08003aec                DMA1_Channel7_IRQHandler
                0x08003aec                CAN1_RX1_IRQHandler
                0x08003aec                I2C1_EV_IRQHandler
                0x08003aec                DMA1_Channel6_IRQHandler
                0x08003aec                RCC_IRQHandler
                0x08003aec                TIM1_TRG_COM_IRQHandler
                0x08003aec                DMA1_Channel1_IRQHandler
                0x08003aec                Default_Handler
                0x08003aec                EXTI15_10_IRQHandler
                0x08003aec                EXTI9_5_IRQHandler
                0x08003aec                SPI2_IRQHandler
                0x08003aec                DMA1_Channel5_IRQHandler
                0x08003aec                EXTI4_IRQHandler
                0x08003aec                DMA1_Channel3_IRQHandler
                0x08003aec                TIM1_UP_IRQHandler
                0x08003aec                WWDG_IRQHandler
                0x08003aec                TIM1_BRK_IRQHandler
                0x08003aec                EXTI1_IRQHandler
                0x08003aec                USART2_IRQHandler
                0x08003aec                I2C2_ER_IRQHandler
                0x08003aec                DMA1_Channel2_IRQHandler
                0x08003aec                CAN1_SCE_IRQHandler
                0x08003aec                FLASH_IRQHandler
                0x08003aec                USART1_IRQHandler
                0x08003aec                I2C1_ER_IRQHandler
                0x08003aec                USBWakeUp_IRQHandler
 *fill*         0x08003aee        0x2 
 .text.HAL_Init
                0x08003af0       0x2c ./Drivers/STM32F1xx_HAL_Driver/Src/stm32f1xx_hal.o
                0x08003af0                HAL_Init
 .text.HAL_InitTick
                0x08003b1c       0x60 ./Drivers/STM32F1xx_HAL_Driver/Src/stm32f1xx_hal.o
                0x08003b1c                HAL_InitTick
 .text.HAL_IncTick
                0x08003b7c       0x24 ./Drivers/STM32F1xx_HAL_Driver/Src/stm32f1xx_hal.o
                0x08003b7c                HAL_IncTick
 .text.HAL_GetTick
                0x08003ba0       0x14 ./Drivers/STM32F1xx_HAL_Driver/Src/stm32f1xx_hal.o
                0x08003ba0                HAL_GetTick
 .text.HAL_Delay
                0x08003bb4       0x48 ./Drivers/STM32F1xx_HAL_Driver/Src/stm32f1xx_hal.o
                0x08003bb4                HAL_Delay
 .text.__NVIC_SetPriorityGrouping
                0x08003bfc       0x48 ./Drivers/STM32F1xx_HAL_Driver/Src/stm32f1xx_hal_cortex.o
 .text.__NVIC_GetPriorityGrouping
                0x08003c44       0x1c ./Drivers/STM32F1xx_HAL_Driver/Src/stm32f1xx_hal_cortex.o
 .text.__NVIC_EnableIRQ
                0x08003c60       0x38 ./Drivers/STM32F1xx_HAL_Driver/Src/stm32f1xx_hal_cortex.o
 .text.__NVIC_DisableIRQ
                0x08003c98       0x48 ./Drivers/STM32F1xx_HAL_Driver/Src/stm32f1xx_hal_cortex.o
 .text.__NVIC_SetPriority
                0x08003ce0       0x54 ./Drivers/STM32F1xx_HAL_Driver/Src/stm32f1xx_hal_cortex.o
 .text.NVIC_EncodePriority
                0x08003d34       0x64 ./Drivers/STM32F1xx_HAL_Driver/Src/stm32f1xx_hal_cortex.o
 .text.SysTick_Config
                0x08003d98       0x44 ./Drivers/STM32F1xx_HAL_Driver/Src/stm32f1xx_hal_cortex.o
 .text.HAL_NVIC_SetPriorityGrouping
                0x08003ddc       0x16 ./Drivers/STM32F1xx_HAL_Driver/Src/stm32f1xx_hal_cortex.o
                0x08003ddc                HAL_NVIC_SetPriorityGrouping
 .text.HAL_NVIC_SetPriority
                0x08003df2       0x38 ./Drivers/STM32F1xx_HAL_Driver/Src/stm32f1xx_hal_cortex.o
                0x08003df2                HAL_NVIC_SetPriority
 .text.HAL_NVIC_EnableIRQ
                0x08003e2a       0x1c ./Drivers/STM32F1xx_HAL_Driver/Src/stm32f1xx_hal_cortex.o
                0x08003e2a                HAL_NVIC_EnableIRQ
 .text.HAL_NVIC_DisableIRQ
                0x08003e46       0x1c ./Drivers/STM32F1xx_HAL_Driver/Src/stm32f1xx_hal_cortex.o
                0x08003e46                HAL_NVIC_DisableIRQ
 .text.HAL_SYSTICK_Config
                0x08003e62       0x18 ./Drivers/STM32F1xx_HAL_Driver/Src/stm32f1xx_hal_cortex.o
                0x08003e62                HAL_SYSTICK_Config
 *fill*         0x08003e7a        0x2 
 .text.HAL_GPIO_Init
                0x08003e7c      0x308 ./Drivers/STM32F1xx_HAL_Driver/Src/stm32f1xx_hal_gpio.o
                0x08003e7c                HAL_GPIO_Init
 .text.HAL_GPIO_ReadPin
                0x08004184       0x2e ./Drivers/STM32F1xx_HAL_Driver/Src/stm32f1xx_hal_gpio.o
                0x08004184                HAL_GPIO_ReadPin
 .text.HAL_GPIO_WritePin
                0x080041b2       0x30 ./Drivers/STM32F1xx_HAL_Driver/Src/stm32f1xx_hal_gpio.o
                0x080041b2                HAL_GPIO_WritePin
 *fill*         0x080041e2        0x2 
 .text.HAL_GPIO_EXTI_IRQHandler
                0x080041e4       0x30 ./Drivers/STM32F1xx_HAL_Driver/Src/stm32f1xx_hal_gpio.o
                0x080041e4                HAL_GPIO_EXTI_IRQHandler
 .text.HAL_I2C_Init
                0x08004214      0x288 ./Drivers/STM32F1xx_HAL_Driver/Src/stm32f1xx_hal_i2c.o
                0x08004214                HAL_I2C_Init
 .text.HAL_I2C_Master_Transmit
                0x0800449c      0x1fc ./Drivers/STM32F1xx_HAL_Driver/Src/stm32f1xx_hal_i2c.o
                0x0800449c                HAL_I2C_Master_Transmit
 .text.HAL_I2C_Master_Receive
                0x08004698      0x4d8 ./Drivers/STM32F1xx_HAL_Driver/Src/stm32f1xx_hal_i2c.o
                0x08004698                HAL_I2C_Master_Receive
 .text.I2C_MasterRequestWrite
                0x08004b70      0x104 ./Drivers/STM32F1xx_HAL_Driver/Src/stm32f1xx_hal_i2c.o
 .text.I2C_MasterRequestRead
                0x08004c74      0x19c ./Drivers/STM32F1xx_HAL_Driver/Src/stm32f1xx_hal_i2c.o
 .text.I2C_WaitOnFlagUntilTimeout
                0x08004e10       0xf4 ./Drivers/STM32F1xx_HAL_Driver/Src/stm32f1xx_hal_i2c.o
 .text.I2C_WaitOnMasterAddressFlagUntilTimeout
                0x08004f04      0x140 ./Drivers/STM32F1xx_HAL_Driver/Src/stm32f1xx_hal_i2c.o
 .text.I2C_WaitOnTXEFlagUntilTimeout
                0x08005044       0x90 ./Drivers/STM32F1xx_HAL_Driver/Src/stm32f1xx_hal_i2c.o
 .text.I2C_WaitOnBTFFlagUntilTimeout
                0x080050d4       0x90 ./Drivers/STM32F1xx_HAL_Driver/Src/stm32f1xx_hal_i2c.o
 .text.I2C_WaitOnRXNEFlagUntilTimeout
                0x08005164       0xba ./Drivers/STM32F1xx_HAL_Driver/Src/stm32f1xx_hal_i2c.o
 .text.I2C_IsAcknowledgeFailed
                0x0800521e       0x5c ./Drivers/STM32F1xx_HAL_Driver/Src/stm32f1xx_hal_i2c.o
 .text.HAL_PCD_Init
                0x0800527a      0x1ec ./Drivers/STM32F1xx_HAL_Driver/Src/stm32f1xx_hal_pcd.o
                0x0800527a                HAL_PCD_Init
 .text.HAL_PCD_DeInit
                0x08005466       0x46 ./Drivers/STM32F1xx_HAL_Driver/Src/stm32f1xx_hal_pcd.o
                0x08005466                HAL_PCD_DeInit
 .text.HAL_PCD_Start
                0x080054ac       0x4c ./Drivers/STM32F1xx_HAL_Driver/Src/stm32f1xx_hal_pcd.o
                0x080054ac                HAL_PCD_Start
 .text.HAL_PCD_Stop
                0x080054f8       0x4c ./Drivers/STM32F1xx_HAL_Driver/Src/stm32f1xx_hal_pcd.o
                0x080054f8                HAL_PCD_Stop
 .text.HAL_PCD_IRQHandler
                0x08005544      0x260 ./Drivers/STM32F1xx_HAL_Driver/Src/stm32f1xx_hal_pcd.o
                0x08005544                HAL_PCD_IRQHandler
 .text.HAL_PCD_SetAddress
                0x080057a4       0x48 ./Drivers/STM32F1xx_HAL_Driver/Src/stm32f1xx_hal_pcd.o
                0x080057a4                HAL_PCD_SetAddress
 .text.HAL_PCD_EP_Open
                0x080057ec       0xba ./Drivers/STM32F1xx_HAL_Driver/Src/stm32f1xx_hal_pcd.o
                0x080057ec                HAL_PCD_EP_Open
 .text.HAL_PCD_EP_Close
                0x080058a6       0x90 ./Drivers/STM32F1xx_HAL_Driver/Src/stm32f1xx_hal_pcd.o
                0x080058a6                HAL_PCD_EP_Close
 .text.HAL_PCD_EP_Receive
                0x08005936       0x62 ./Drivers/STM32F1xx_HAL_Driver/Src/stm32f1xx_hal_pcd.o
                0x08005936                HAL_PCD_EP_Receive
 .text.HAL_PCD_EP_GetRxCount
                0x08005998       0x2e ./Drivers/STM32F1xx_HAL_Driver/Src/stm32f1xx_hal_pcd.o
                0x08005998                HAL_PCD_EP_GetRxCount
 .text.HAL_PCD_EP_Transmit
                0x080059c6       0x6e ./Drivers/STM32F1xx_HAL_Driver/Src/stm32f1xx_hal_pcd.o
                0x080059c6                HAL_PCD_EP_Transmit
 .text.HAL_PCD_EP_SetStall
                0x08005a34       0xc0 ./Drivers/STM32F1xx_HAL_Driver/Src/stm32f1xx_hal_pcd.o
                0x08005a34                HAL_PCD_EP_SetStall
 .text.HAL_PCD_EP_ClrStall
                0x08005af4       0xa8 ./Drivers/STM32F1xx_HAL_Driver/Src/stm32f1xx_hal_pcd.o
                0x08005af4                HAL_PCD_EP_ClrStall
 .text.PCD_EP_ISR_Handler
                0x08005b9c      0x79e ./Drivers/STM32F1xx_HAL_Driver/Src/stm32f1xx_hal_pcd.o
 .text.HAL_PCD_EP_DB_Receive
                0x0800633a      0x21a ./Drivers/STM32F1xx_HAL_Driver/Src/stm32f1xx_hal_pcd.o
 .text.HAL_PCD_EP_DB_Transmit
                0x08006554      0x7f4 ./Drivers/STM32F1xx_HAL_Driver/Src/stm32f1xx_hal_pcd.o
 .text.HAL_PCDEx_PMAConfig
                0x08006d48       0x84 ./Drivers/STM32F1xx_HAL_Driver/Src/stm32f1xx_hal_pcd_ex.o
                0x08006d48                HAL_PCDEx_PMAConfig
 .text.PWR_OverloadWfe
                0x08006dcc       0x10 ./Drivers/STM32F1xx_HAL_Driver/Src/stm32f1xx_hal_pwr.o
 .text.HAL_PWR_EnableBkUpAccess
                0x08006ddc       0x18 ./Drivers/STM32F1xx_HAL_Driver/Src/stm32f1xx_hal_pwr.o
                0x08006ddc                HAL_PWR_EnableBkUpAccess
 .text.HAL_PWR_EnterSTOPMode
                0x08006df4       0x64 ./Drivers/STM32F1xx_HAL_Driver/Src/stm32f1xx_hal_pwr.o
                0x08006df4                HAL_PWR_EnterSTOPMode
 .text.HAL_PWR_PVD_IRQHandler
                0x08006e58       0x24 ./Drivers/STM32F1xx_HAL_Driver/Src/stm32f1xx_hal_pwr.o
                0x08006e58                HAL_PWR_PVD_IRQHandler
 .text.HAL_PWR_PVDCallback
                0x08006e7c        0xc ./Drivers/STM32F1xx_HAL_Driver/Src/stm32f1xx_hal_pwr.o
                0x08006e7c                HAL_PWR_PVDCallback
 .text.HAL_RCC_OscConfig
                0x08006e88      0x504 ./Drivers/STM32F1xx_HAL_Driver/Src/stm32f1xx_hal_rcc.o
                0x08006e88                HAL_RCC_OscConfig
 .text.HAL_RCC_ClockConfig
                0x0800738c      0x1d4 ./Drivers/STM32F1xx_HAL_Driver/Src/stm32f1xx_hal_rcc.o
                0x0800738c                HAL_RCC_ClockConfig
 .text.HAL_RCC_GetSysClockFreq
                0x08007560       0xac ./Drivers/STM32F1xx_HAL_Driver/Src/stm32f1xx_hal_rcc.o
                0x08007560                HAL_RCC_GetSysClockFreq
 .text.HAL_RCC_GetHCLKFreq
                0x0800760c       0x14 ./Drivers/STM32F1xx_HAL_Driver/Src/stm32f1xx_hal_rcc.o
                0x0800760c                HAL_RCC_GetHCLKFreq
 .text.HAL_RCC_GetPCLK1Freq
                0x08007620       0x28 ./Drivers/STM32F1xx_HAL_Driver/Src/stm32f1xx_hal_rcc.o
                0x08007620                HAL_RCC_GetPCLK1Freq
 .text.HAL_RCC_GetPCLK2Freq
                0x08007648       0x28 ./Drivers/STM32F1xx_HAL_Driver/Src/stm32f1xx_hal_rcc.o
                0x08007648                HAL_RCC_GetPCLK2Freq
 .text.RCC_Delay
                0x08007670       0x3c ./Drivers/STM32F1xx_HAL_Driver/Src/stm32f1xx_hal_rcc.o
 .text.HAL_RCCEx_PeriphCLKConfig
                0x080076ac      0x16c ./Drivers/STM32F1xx_HAL_Driver/Src/stm32f1xx_hal_rcc_ex.o
                0x080076ac                HAL_RCCEx_PeriphCLKConfig
 .text.HAL_RCCEx_GetPeriphCLKFreq
                0x08007818      0x16c ./Drivers/STM32F1xx_HAL_Driver/Src/stm32f1xx_hal_rcc_ex.o
                0x08007818                HAL_RCCEx_GetPeriphCLKFreq
 .text.HAL_RTC_Init
                0x08007984      0x118 ./Drivers/STM32F1xx_HAL_Driver/Src/stm32f1xx_hal_rtc.o
                0x08007984                HAL_RTC_Init
 .text.HAL_RTC_SetTime
                0x08007a9c      0x12e ./Drivers/STM32F1xx_HAL_Driver/Src/stm32f1xx_hal_rtc.o
                0x08007a9c                HAL_RTC_SetTime
 *fill*         0x08007bca        0x2 
 .text.HAL_RTC_GetTime
                0x08007bcc      0x1b0 ./Drivers/STM32F1xx_HAL_Driver/Src/stm32f1xx_hal_rtc.o
                0x08007bcc                HAL_RTC_GetTime
 .text.HAL_RTC_SetDate
                0x08007d7c      0x16c ./Drivers/STM32F1xx_HAL_Driver/Src/stm32f1xx_hal_rtc.o
                0x08007d7c                HAL_RTC_SetDate
 .text.HAL_RTC_GetDate
                0x08007ee8       0xa8 ./Drivers/STM32F1xx_HAL_Driver/Src/stm32f1xx_hal_rtc.o
                0x08007ee8                HAL_RTC_GetDate
 .text.HAL_RTC_SetAlarm_IT
                0x08007f90      0x170 ./Drivers/STM32F1xx_HAL_Driver/Src/stm32f1xx_hal_rtc.o
                0x08007f90                HAL_RTC_SetAlarm_IT
 .text.HAL_RTC_AlarmIRQHandler
                0x08008100       0x54 ./Drivers/STM32F1xx_HAL_Driver/Src/stm32f1xx_hal_rtc.o
                0x08008100                HAL_RTC_AlarmIRQHandler
 .text.HAL_RTC_AlarmAEventCallback
                0x08008154       0x12 ./Drivers/STM32F1xx_HAL_Driver/Src/stm32f1xx_hal_rtc.o
                0x08008154                HAL_RTC_AlarmAEventCallback
 .text.HAL_RTC_WaitForSynchro
                0x08008166       0x5a ./Drivers/STM32F1xx_HAL_Driver/Src/stm32f1xx_hal_rtc.o
                0x08008166                HAL_RTC_WaitForSynchro
 .text.RTC_ReadTimeCounter
                0x080081c0       0x60 ./Drivers/STM32F1xx_HAL_Driver/Src/stm32f1xx_hal_rtc.o
 .text.RTC_WriteTimeCounter
                0x08008220       0x4e ./Drivers/STM32F1xx_HAL_Driver/Src/stm32f1xx_hal_rtc.o
 .text.RTC_ReadAlarmCounter
                0x0800826e       0x32 ./Drivers/STM32F1xx_HAL_Driver/Src/stm32f1xx_hal_rtc.o
 .text.RTC_WriteAlarmCounter
                0x080082a0       0x4e ./Drivers/STM32F1xx_HAL_Driver/Src/stm32f1xx_hal_rtc.o
 .text.RTC_EnterInitMode
                0x080082ee       0x50 ./Drivers/STM32F1xx_HAL_Driver/Src/stm32f1xx_hal_rtc.o
 .text.RTC_ExitInitMode
                0x0800833e       0x50 ./Drivers/STM32F1xx_HAL_Driver/Src/stm32f1xx_hal_rtc.o
 .text.RTC_ByteToBcd2
                0x0800838e       0x3a ./Drivers/STM32F1xx_HAL_Driver/Src/stm32f1xx_hal_rtc.o
 .text.RTC_Bcd2ToByte
                0x080083c8       0x3a ./Drivers/STM32F1xx_HAL_Driver/Src/stm32f1xx_hal_rtc.o
 .text.RTC_DateUpdate
                0x08008402      0x152 ./Drivers/STM32F1xx_HAL_Driver/Src/stm32f1xx_hal_rtc.o
 .text.RTC_IsLeapYear
                0x08008554       0x64 ./Drivers/STM32F1xx_HAL_Driver/Src/stm32f1xx_hal_rtc.o
 .text.RTC_WeekDayNum
                0x080085b8       0xf0 ./Drivers/STM32F1xx_HAL_Driver/Src/stm32f1xx_hal_rtc.o
 .text.HAL_RTCEx_RTCIRQHandler
                0x080086a8       0x6e ./Drivers/STM32F1xx_HAL_Driver/Src/stm32f1xx_hal_rtc_ex.o
                0x080086a8                HAL_RTCEx_RTCIRQHandler
 .text.HAL_RTCEx_RTCEventCallback
                0x08008716       0x12 ./Drivers/STM32F1xx_HAL_Driver/Src/stm32f1xx_hal_rtc_ex.o
                0x08008716                HAL_RTCEx_RTCEventCallback
 .text.HAL_RTCEx_RTCEventErrorCallback
                0x08008728       0x12 ./Drivers/STM32F1xx_HAL_Driver/Src/stm32f1xx_hal_rtc_ex.o
                0x08008728                HAL_RTCEx_RTCEventErrorCallback
 .text.HAL_TIM_Base_Init
                0x0800873a       0x9e ./Drivers/STM32F1xx_HAL_Driver/Src/stm32f1xx_hal_tim.o
                0x0800873a                HAL_TIM_Base_Init
 .text.HAL_TIM_Base_Start
                0x080087d8       0x94 ./Drivers/STM32F1xx_HAL_Driver/Src/stm32f1xx_hal_tim.o
                0x080087d8                HAL_TIM_Base_Start
 .text.HAL_TIM_Base_Stop
                0x0800886c       0x4c ./Drivers/STM32F1xx_HAL_Driver/Src/stm32f1xx_hal_tim.o
                0x0800886c                HAL_TIM_Base_Stop
 .text.HAL_TIM_Base_Start_IT
                0x080088b8       0xa4 ./Drivers/STM32F1xx_HAL_Driver/Src/stm32f1xx_hal_tim.o
                0x080088b8                HAL_TIM_Base_Start_IT
 .text.HAL_TIM_OC_Init
                0x0800895c       0x9e ./Drivers/STM32F1xx_HAL_Driver/Src/stm32f1xx_hal_tim.o
                0x0800895c                HAL_TIM_OC_Init
 .text.HAL_TIM_OC_MspInit
                0x080089fa       0x12 ./Drivers/STM32F1xx_HAL_Driver/Src/stm32f1xx_hal_tim.o
                0x080089fa                HAL_TIM_OC_MspInit
 .text.HAL_TIM_OC_Start_IT
                0x08008a0c      0x1e0 ./Drivers/STM32F1xx_HAL_Driver/Src/stm32f1xx_hal_tim.o
                0x08008a0c                HAL_TIM_OC_Start_IT
 .text.HAL_TIM_OC_Stop_IT
                0x08008bec      0x164 ./Drivers/STM32F1xx_HAL_Driver/Src/stm32f1xx_hal_tim.o
                0x08008bec                HAL_TIM_OC_Stop_IT
 .text.HAL_TIM_IRQHandler
                0x08008d50      0x1e0 ./Drivers/STM32F1xx_HAL_Driver/Src/stm32f1xx_hal_tim.o
                0x08008d50                HAL_TIM_IRQHandler
 .text.HAL_TIM_OC_ConfigChannel
                0x08008f30       0xb8 ./Drivers/STM32F1xx_HAL_Driver/Src/stm32f1xx_hal_tim.o
                0x08008f30                HAL_TIM_OC_ConfigChannel
 .text.HAL_TIM_ConfigClockSource
                0x08008fe8      0x18e ./Drivers/STM32F1xx_HAL_Driver/Src/stm32f1xx_hal_tim.o
                0x08008fe8                HAL_TIM_ConfigClockSource
 .text.HAL_TIM_PeriodElapsedCallback
                0x08009176       0x12 ./Drivers/STM32F1xx_HAL_Driver/Src/stm32f1xx_hal_tim.o
                0x08009176                HAL_TIM_PeriodElapsedCallback
 .text.HAL_TIM_IC_CaptureCallback
                0x08009188       0x12 ./Drivers/STM32F1xx_HAL_Driver/Src/stm32f1xx_hal_tim.o
                0x08009188                HAL_TIM_IC_CaptureCallback
 .text.HAL_TIM_PWM_PulseFinishedCallback
                0x0800919a       0x12 ./Drivers/STM32F1xx_HAL_Driver/Src/stm32f1xx_hal_tim.o
                0x0800919a                HAL_TIM_PWM_PulseFinishedCallback
 .text.HAL_TIM_TriggerCallback
                0x080091ac       0x12 ./Drivers/STM32F1xx_HAL_Driver/Src/stm32f1xx_hal_tim.o
                0x080091ac                HAL_TIM_TriggerCallback
 *fill*         0x080091be        0x2 
 .text.TIM_Base_SetConfig
                0x080091c0       0xdc ./Drivers/STM32F1xx_HAL_Driver/Src/stm32f1xx_hal_tim.o
                0x080091c0                TIM_Base_SetConfig
 .text.TIM_OC1_SetConfig
                0x0800929c       0xcc ./Drivers/STM32F1xx_HAL_Driver/Src/stm32f1xx_hal_tim.o
 .text.TIM_OC2_SetConfig
                0x08009368       0xd4 ./Drivers/STM32F1xx_HAL_Driver/Src/stm32f1xx_hal_tim.o
                0x08009368                TIM_OC2_SetConfig
 .text.TIM_OC3_SetConfig
                0x0800943c       0xd4 ./Drivers/STM32F1xx_HAL_Driver/Src/stm32f1xx_hal_tim.o
 .text.TIM_OC4_SetConfig
                0x08009510       0x9c ./Drivers/STM32F1xx_HAL_Driver/Src/stm32f1xx_hal_tim.o
 .text.TIM_TI1_ConfigInputStage
                0x080095ac       0x5c ./Drivers/STM32F1xx_HAL_Driver/Src/stm32f1xx_hal_tim.o
 .text.TIM_TI2_ConfigInputStage
                0x08009608       0x5e ./Drivers/STM32F1xx_HAL_Driver/Src/stm32f1xx_hal_tim.o
 .text.TIM_ITRx_SetConfig
                0x08009666       0x34 ./Drivers/STM32F1xx_HAL_Driver/Src/stm32f1xx_hal_tim.o
 .text.TIM_ETR_SetConfig
                0x0800969a       0x3e ./Drivers/STM32F1xx_HAL_Driver/Src/stm32f1xx_hal_tim.o
                0x0800969a                TIM_ETR_SetConfig
 .text.TIM_CCxChannelCmd
                0x080096d8       0x48 ./Drivers/STM32F1xx_HAL_Driver/Src/stm32f1xx_hal_tim.o
                0x080096d8                TIM_CCxChannelCmd
 .text.HAL_TIMEx_MasterConfigSynchronization
                0x08009720       0xbc ./Drivers/STM32F1xx_HAL_Driver/Src/stm32f1xx_hal_tim_ex.o
                0x08009720                HAL_TIMEx_MasterConfigSynchronization
 .text.HAL_TIMEx_CommutCallback
                0x080097dc       0x12 ./Drivers/STM32F1xx_HAL_Driver/Src/stm32f1xx_hal_tim_ex.o
                0x080097dc                HAL_TIMEx_CommutCallback
 .text.HAL_TIMEx_BreakCallback
                0x080097ee       0x12 ./Drivers/STM32F1xx_HAL_Driver/Src/stm32f1xx_hal_tim_ex.o
                0x080097ee                HAL_TIMEx_BreakCallback
 .text.HAL_UART_Init
                0x08009800       0xa0 ./Drivers/STM32F1xx_HAL_Driver/Src/stm32f1xx_hal_uart.o
                0x08009800                HAL_UART_Init
 .text.UART_SetConfig
                0x080098a0      0x11c ./Drivers/STM32F1xx_HAL_Driver/Src/stm32f1xx_hal_uart.o
 .text.USB_CoreInit
                0x080099bc       0x1a ./Drivers/STM32F1xx_HAL_Driver/Src/stm32f1xx_ll_usb.o
                0x080099bc                USB_CoreInit
 .text.USB_EnableGlobalInt
                0x080099d6       0x2c ./Drivers/STM32F1xx_HAL_Driver/Src/stm32f1xx_ll_usb.o
                0x080099d6                USB_EnableGlobalInt
 .text.USB_DisableGlobalInt
                0x08009a02       0x34 ./Drivers/STM32F1xx_HAL_Driver/Src/stm32f1xx_ll_usb.o
                0x08009a02                USB_DisableGlobalInt
 .text.USB_SetCurrentMode
                0x08009a36       0x18 ./Drivers/STM32F1xx_HAL_Driver/Src/stm32f1xx_ll_usb.o
                0x08009a36                USB_SetCurrentMode
 .text.USB_DevInit
                0x08009a4e       0x3a ./Drivers/STM32F1xx_HAL_Driver/Src/stm32f1xx_ll_usb.o
                0x08009a4e                USB_DevInit
 .text.USB_ActivateEndpoint
                0x08009a88      0x780 ./Drivers/STM32F1xx_HAL_Driver/Src/stm32f1xx_ll_usb.o
                0x08009a88                USB_ActivateEndpoint
 .text.USB_DeactivateEndpoint
                0x0800a208      0x3d8 ./Drivers/STM32F1xx_HAL_Driver/Src/stm32f1xx_ll_usb.o
                0x0800a208                USB_DeactivateEndpoint
 .text.USB_EPStartXfer
                0x0800a5e0     0x1762 ./Drivers/STM32F1xx_HAL_Driver/Src/stm32f1xx_ll_usb.o
                0x0800a5e0                USB_EPStartXfer
 .text.USB_EPSetStall
                0x0800bd42       0xa0 ./Drivers/STM32F1xx_HAL_Driver/Src/stm32f1xx_ll_usb.o
                0x0800bd42                USB_EPSetStall
 .text.USB_EPClearStall
                0x0800bde2      0x15a ./Drivers/STM32F1xx_HAL_Driver/Src/stm32f1xx_ll_usb.o
                0x0800bde2                USB_EPClearStall
 .text.USB_StopDevice
                0x0800bf3c       0x2c ./Drivers/STM32F1xx_HAL_Driver/Src/stm32f1xx_ll_usb.o
                0x0800bf3c                USB_StopDevice
 .text.USB_SetDevAddress
                0x0800bf68       0x26 ./Drivers/STM32F1xx_HAL_Driver/Src/stm32f1xx_ll_usb.o
                0x0800bf68                USB_SetDevAddress
 .text.USB_DevConnect
                0x0800bf8e       0x14 ./Drivers/STM32F1xx_HAL_Driver/Src/stm32f1xx_ll_usb.o
                0x0800bf8e                USB_DevConnect
 .text.USB_DevDisconnect
                0x0800bfa2       0x14 ./Drivers/STM32F1xx_HAL_Driver/Src/stm32f1xx_ll_usb.o
                0x0800bfa2                USB_DevDisconnect
 .text.USB_ReadInterrupts
                0x0800bfb6       0x1e ./Drivers/STM32F1xx_HAL_Driver/Src/stm32f1xx_ll_usb.o
                0x0800bfb6                USB_ReadInterrupts
 .text.USB_EP0_OutStart
                0x0800bfd4       0x16 ./Drivers/STM32F1xx_HAL_Driver/Src/stm32f1xx_ll_usb.o
                0x0800bfd4                USB_EP0_OutStart
 .text.USB_WritePMA
                0x0800bfea       0x8a ./Drivers/STM32F1xx_HAL_Driver/Src/stm32f1xx_ll_usb.o
                0x0800bfea                USB_WritePMA
 .text.USB_ReadPMA
                0x0800c074       0x9e ./Drivers/STM32F1xx_HAL_Driver/Src/stm32f1xx_ll_usb.o
                0x0800c074                USB_ReadPMA
 .text.USBD_CDC_Init
                0x0800c112       0xf4 ./Middlewares/ST/STM32_USB_Device_Library/Class/CDC/Src/usbd_cdc.o
 .text.USBD_CDC_DeInit
                0x0800c206       0x6e ./Middlewares/ST/STM32_USB_Device_Library/Class/CDC/Src/usbd_cdc.o
 .text.USBD_CDC_Setup
                0x0800c274      0x146 ./Middlewares/ST/STM32_USB_Device_Library/Class/CDC/Src/usbd_cdc.o
 .text.USBD_CDC_DataIn
                0x0800c3ba       0xa6 ./Middlewares/ST/STM32_USB_Device_Library/Class/CDC/Src/usbd_cdc.o
 .text.USBD_CDC_DataOut
                0x0800c460       0x56 ./Middlewares/ST/STM32_USB_Device_Library/Class/CDC/Src/usbd_cdc.o
 .text.USBD_CDC_EP0_RxReady
                0x0800c4b6       0x4e ./Middlewares/ST/STM32_USB_Device_Library/Class/CDC/Src/usbd_cdc.o
 .text.USBD_CDC_GetFSCfgDesc
                0x0800c504       0x20 ./Middlewares/ST/STM32_USB_Device_Library/Class/CDC/Src/usbd_cdc.o
 .text.USBD_CDC_GetHSCfgDesc
                0x0800c524       0x20 ./Middlewares/ST/STM32_USB_Device_Library/Class/CDC/Src/usbd_cdc.o
 .text.USBD_CDC_GetOtherSpeedCfgDesc
                0x0800c544       0x20 ./Middlewares/ST/STM32_USB_Device_Library/Class/CDC/Src/usbd_cdc.o
 .text.USBD_CDC_GetDeviceQualifierDescriptor
                0x0800c564       0x20 ./Middlewares/ST/STM32_USB_Device_Library/Class/CDC/Src/usbd_cdc.o
                0x0800c564                USBD_CDC_GetDeviceQualifierDescriptor
 .text.USBD_CDC_RegisterInterface
                0x0800c584       0x2c ./Middlewares/ST/STM32_USB_Device_Library/Class/CDC/Src/usbd_cdc.o
                0x0800c584                USBD_CDC_RegisterInterface
 .text.USBD_CDC_SetTxBuffer
                0x0800c5b0       0x32 ./Middlewares/ST/STM32_USB_Device_Library/Class/CDC/Src/usbd_cdc.o
                0x0800c5b0                USBD_CDC_SetTxBuffer
 .text.USBD_CDC_SetRxBuffer
                0x0800c5e2       0x26 ./Middlewares/ST/STM32_USB_Device_Library/Class/CDC/Src/usbd_cdc.o
                0x0800c5e2                USBD_CDC_SetRxBuffer
 .text.USBD_CDC_TransmitPacket
                0x0800c608       0x5e ./Middlewares/ST/STM32_USB_Device_Library/Class/CDC/Src/usbd_cdc.o
                0x0800c608                USBD_CDC_TransmitPacket
 .text.USBD_CDC_ReceivePacket
                0x0800c666       0x54 ./Middlewares/ST/STM32_USB_Device_Library/Class/CDC/Src/usbd_cdc.o
                0x0800c666                USBD_CDC_ReceivePacket
 .text.USBD_Init
                0x0800c6ba       0x56 ./Middlewares/ST/STM32_USB_Device_Library/Core/Src/usbd_core.o
                0x0800c6ba                USBD_Init
 .text.USBD_DeInit
                0x0800c710       0x3a ./Middlewares/ST/STM32_USB_Device_Library/Core/Src/usbd_core.o
                0x0800c710                USBD_DeInit
 .text.USBD_RegisterClass
                0x0800c74a       0x32 ./Middlewares/ST/STM32_USB_Device_Library/Core/Src/usbd_core.o
                0x0800c74a                USBD_RegisterClass
 .text.USBD_Start
                0x0800c77c       0x18 ./Middlewares/ST/STM32_USB_Device_Library/Core/Src/usbd_core.o
                0x0800c77c                USBD_Start
 .text.USBD_RunTestMode
                0x0800c794       0x14 ./Middlewares/ST/STM32_USB_Device_Library/Core/Src/usbd_core.o
                0x0800c794                USBD_RunTestMode
 .text.USBD_SetClassConfig
                0x0800c7a8       0x3e ./Middlewares/ST/STM32_USB_Device_Library/Core/Src/usbd_core.o
                0x0800c7a8                USBD_SetClassConfig
 .text.USBD_ClrClassConfig
                0x0800c7e6       0x26 ./Middlewares/ST/STM32_USB_Device_Library/Core/Src/usbd_core.o
                0x0800c7e6                USBD_ClrClassConfig
 .text.USBD_LL_SetupStage
                0x0800c80c       0x9a ./Middlewares/ST/STM32_USB_Device_Library/Core/Src/usbd_core.o
                0x0800c80c                USBD_LL_SetupStage
 .text.USBD_LL_DataOutStage
                0x0800c8a6       0xe2 ./Middlewares/ST/STM32_USB_Device_Library/Core/Src/usbd_core.o
                0x0800c8a6                USBD_LL_DataOutStage
 .text.USBD_LL_DataInStage
                0x0800c988      0x14a ./Middlewares/ST/STM32_USB_Device_Library/Core/Src/usbd_core.o
                0x0800c988                USBD_LL_DataInStage
 .text.USBD_LL_Reset
                0x0800cad2       0x82 ./Middlewares/ST/STM32_USB_Device_Library/Core/Src/usbd_core.o
                0x0800cad2                USBD_LL_Reset
 .text.USBD_LL_SetSpeed
                0x0800cb54       0x1e ./Middlewares/ST/STM32_USB_Device_Library/Core/Src/usbd_core.o
                0x0800cb54                USBD_LL_SetSpeed
 .text.USBD_LL_Suspend
                0x0800cb72       0x28 ./Middlewares/ST/STM32_USB_Device_Library/Core/Src/usbd_core.o
                0x0800cb72                USBD_LL_Suspend
 .text.USBD_LL_Resume
                0x0800cb9a       0x2a ./Middlewares/ST/STM32_USB_Device_Library/Core/Src/usbd_core.o
                0x0800cb9a                USBD_LL_Resume
 .text.USBD_LL_SOF
                0x0800cbc4       0x34 ./Middlewares/ST/STM32_USB_Device_Library/Core/Src/usbd_core.o
                0x0800cbc4                USBD_LL_SOF
 .text.USBD_StdDevReq
                0x0800cbf8       0xd4 ./Middlewares/ST/STM32_USB_Device_Library/Core/Src/usbd_ctlreq.o
                0x0800cbf8                USBD_StdDevReq
 .text.USBD_StdItfReq
                0x0800cccc       0x90 ./Middlewares/ST/STM32_USB_Device_Library/Core/Src/usbd_ctlreq.o
                0x0800cccc                USBD_StdItfReq
 .text.USBD_StdEPReq
                0x0800cd5c      0x2c6 ./Middlewares/ST/STM32_USB_Device_Library/Core/Src/usbd_ctlreq.o
                0x0800cd5c                USBD_StdEPReq
 *fill*         0x0800d022        0x2 
 .text.USBD_GetDescriptor
                0x0800d024      0x2d0 ./Middlewares/ST/STM32_USB_Device_Library/Core/Src/usbd_ctlreq.o
 .text.USBD_SetAddress
                0x0800d2f4       0x86 ./Middlewares/ST/STM32_USB_Device_Library/Core/Src/usbd_ctlreq.o
 *fill*         0x0800d37a        0x2 
 .text.USBD_SetConfig
                0x0800d37c      0x11c ./Middlewares/ST/STM32_USB_Device_Library/Core/Src/usbd_ctlreq.o
 .text.USBD_GetConfig
                0x0800d498       0x6a ./Middlewares/ST/STM32_USB_Device_Library/Core/Src/usbd_ctlreq.o
 .text.USBD_GetStatus
                0x0800d502       0x66 ./Middlewares/ST/STM32_USB_Device_Library/Core/Src/usbd_ctlreq.o
 .text.USBD_SetFeature
                0x0800d568       0x28 ./Middlewares/ST/STM32_USB_Device_Library/Core/Src/usbd_ctlreq.o
 .text.USBD_ClrFeature
                0x0800d590       0x42 ./Middlewares/ST/STM32_USB_Device_Library/Core/Src/usbd_ctlreq.o
 .text.USBD_ParseSetupRequest
                0x0800d5d2       0x72 ./Middlewares/ST/STM32_USB_Device_Library/Core/Src/usbd_ctlreq.o
                0x0800d5d2                USBD_ParseSetupRequest
 .text.USBD_CtlError
                0x0800d644       0x22 ./Middlewares/ST/STM32_USB_Device_Library/Core/Src/usbd_ctlreq.o
                0x0800d644                USBD_CtlError
 .text.USBD_GetString
                0x0800d666       0x84 ./Middlewares/ST/STM32_USB_Device_Library/Core/Src/usbd_ctlreq.o
                0x0800d666                USBD_GetString
 .text.USBD_GetLen
                0x0800d6ea       0x2e ./Middlewares/ST/STM32_USB_Device_Library/Core/Src/usbd_ctlreq.o
 .text.USBD_CtlSendData
                0x0800d718       0x38 ./Middlewares/ST/STM32_USB_Device_Library/Core/Src/usbd_ioreq.o
                0x0800d718                USBD_CtlSendData
 .text.USBD_CtlContinueSendData
                0x0800d750       0x24 ./Middlewares/ST/STM32_USB_Device_Library/Core/Src/usbd_ioreq.o
                0x0800d750                USBD_CtlContinueSendData
 .text.USBD_CtlPrepareRx
                0x0800d774       0x3c ./Middlewares/ST/STM32_USB_Device_Library/Core/Src/usbd_ioreq.o
                0x0800d774                USBD_CtlPrepareRx
 .text.USBD_CtlContinueRx
                0x0800d7b0       0x24 ./Middlewares/ST/STM32_USB_Device_Library/Core/Src/usbd_ioreq.o
                0x0800d7b0                USBD_CtlContinueRx
 .text.USBD_CtlSendStatus
                0x0800d7d4       0x26 ./Middlewares/ST/STM32_USB_Device_Library/Core/Src/usbd_ioreq.o
                0x0800d7d4                USBD_CtlSendStatus
 .text.USBD_CtlReceiveStatus
                0x0800d7fa       0x26 ./Middlewares/ST/STM32_USB_Device_Library/Core/Src/usbd_ioreq.o
                0x0800d7fa                USBD_CtlReceiveStatus
 .text.MX_USB_DEVICE_Deinit
                0x0800d820       0x1c ./USB_DEVICE/App/usb_device.o
                0x0800d820                MX_USB_DEVICE_Deinit
 .text.MX_USB_DEVICE_Init
                0x0800d83c       0x60 ./USB_DEVICE/App/usb_device.o
                0x0800d83c                MX_USB_DEVICE_Init
 .text.CDC_Init_FS
                0x0800d89c       0x28 ./USB_DEVICE/App/usbd_cdc_if.o
 .text.CDC_DeInit_FS
                0x0800d8c4        0xe ./USB_DEVICE/App/usbd_cdc_if.o
 *fill*         0x0800d8d2        0x2 
 .text.CDC_Control_FS
                0x0800d8d4       0xbc ./USB_DEVICE/App/usbd_cdc_if.o
 .text.CDC_Receive_FS
                0x0800d990       0x28 ./USB_DEVICE/App/usbd_cdc_if.o
 .text.CDC_Transmit_FS
                0x0800d9b8       0x4c ./USB_DEVICE/App/usbd_cdc_if.o
                0x0800d9b8                CDC_Transmit_FS
 .text.USBD_FS_DeviceDescriptor
                0x0800da04       0x24 ./USB_DEVICE/App/usbd_desc.o
                0x0800da04                USBD_FS_DeviceDescriptor
 .text.USBD_FS_LangIDStrDescriptor
                0x0800da28       0x24 ./USB_DEVICE/App/usbd_desc.o
                0x0800da28                USBD_FS_LangIDStrDescriptor
 .text.USBD_FS_ProductStrDescriptor
                0x0800da4c       0x3c ./USB_DEVICE/App/usbd_desc.o
                0x0800da4c                USBD_FS_ProductStrDescriptor
 .text.USBD_FS_ManufacturerStrDescriptor
                0x0800da88       0x28 ./USB_DEVICE/App/usbd_desc.o
                0x0800da88                USBD_FS_ManufacturerStrDescriptor
 .text.USBD_FS_SerialStrDescriptor
                0x0800dab0       0x24 ./USB_DEVICE/App/usbd_desc.o
                0x0800dab0                USBD_FS_SerialStrDescriptor
 .text.USBD_FS_ConfigStrDescriptor
                0x0800dad4       0x3c ./USB_DEVICE/App/usbd_desc.o
                0x0800dad4                USBD_FS_ConfigStrDescriptor
 .text.USBD_FS_InterfaceStrDescriptor
                0x0800db10       0x3c ./USB_DEVICE/App/usbd_desc.o
                0x0800db10                USBD_FS_InterfaceStrDescriptor
 .text.Get_SerialNum
                0x0800db4c       0x58 ./USB_DEVICE/App/usbd_desc.o
 .text.IntToUnicode
                0x0800dba4       0x7c ./USB_DEVICE/App/usbd_desc.o
 .text.HAL_PCD_MspInit
                0x0800dc20       0x5c ./USB_DEVICE/Target/usbd_conf.o
                0x0800dc20                HAL_PCD_MspInit
 .text.HAL_PCD_MspDeInit
                0x0800dc7c       0x3c ./USB_DEVICE/Target/usbd_conf.o
                0x0800dc7c                HAL_PCD_MspDeInit
 .text.HAL_PCD_SetupStageCallback
                0x0800dcb8       0x24 ./USB_DEVICE/Target/usbd_conf.o
                0x0800dcb8                HAL_PCD_SetupStageCallback
 .text.HAL_PCD_DataOutStageCallback
                0x0800dcdc       0x36 ./USB_DEVICE/Target/usbd_conf.o
                0x0800dcdc                HAL_PCD_DataOutStageCallback
 .text.HAL_PCD_DataInStageCallback
                0x0800dd12       0x34 ./USB_DEVICE/Target/usbd_conf.o
                0x0800dd12                HAL_PCD_DataInStageCallback
 .text.HAL_PCD_SOFCallback
                0x0800dd46       0x1c ./USB_DEVICE/Target/usbd_conf.o
                0x0800dd46                HAL_PCD_SOFCallback
 .text.HAL_PCD_ResetCallback
                0x0800dd62       0x3c ./USB_DEVICE/Target/usbd_conf.o
                0x0800dd62                HAL_PCD_ResetCallback
 *fill*         0x0800dd9e        0x2 
 .text.HAL_PCD_SuspendCallback
                0x0800dda0       0x34 ./USB_DEVICE/Target/usbd_conf.o
                0x0800dda0                HAL_PCD_SuspendCallback
 .text.HAL_PCD_ResumeCallback
                0x0800ddd4       0x1c ./USB_DEVICE/Target/usbd_conf.o
                0x0800ddd4                HAL_PCD_ResumeCallback
 .text.USBD_LL_Init
                0x0800ddf0       0xb4 ./USB_DEVICE/Target/usbd_conf.o
                0x0800ddf0                USBD_LL_Init
 .text.USBD_LL_DeInit
                0x0800dea4       0x36 ./USB_DEVICE/Target/usbd_conf.o
                0x0800dea4                USBD_LL_DeInit
 .text.USBD_LL_Start
                0x0800deda       0x36 ./USB_DEVICE/Target/usbd_conf.o
                0x0800deda                USBD_LL_Start
 .text.USBD_LL_Stop
                0x0800df10       0x36 ./USB_DEVICE/Target/usbd_conf.o
                0x0800df10                USBD_LL_Stop
 .text.USBD_LL_OpenEP
                0x0800df46       0x4c ./USB_DEVICE/Target/usbd_conf.o
                0x0800df46                USBD_LL_OpenEP
 .text.USBD_LL_CloseEP
                0x0800df92       0x3e ./USB_DEVICE/Target/usbd_conf.o
                0x0800df92                USBD_LL_CloseEP
 .text.USBD_LL_StallEP
                0x0800dfd0       0x3e ./USB_DEVICE/Target/usbd_conf.o
                0x0800dfd0                USBD_LL_StallEP
 .text.USBD_LL_ClearStallEP
                0x0800e00e       0x3e ./USB_DEVICE/Target/usbd_conf.o
                0x0800e00e                USBD_LL_ClearStallEP
 .text.USBD_LL_IsStallEP
                0x0800e04c       0x56 ./USB_DEVICE/Target/usbd_conf.o
                0x0800e04c                USBD_LL_IsStallEP
 .text.USBD_LL_SetUSBAddress
                0x0800e0a2       0x3e ./USB_DEVICE/Target/usbd_conf.o
                0x0800e0a2                USBD_LL_SetUSBAddress
 .text.USBD_LL_Transmit
                0x0800e0e0       0x46 ./USB_DEVICE/Target/usbd_conf.o
                0x0800e0e0                USBD_LL_Transmit
 .text.USBD_LL_PrepareReceive
                0x0800e126       0x46 ./USB_DEVICE/Target/usbd_conf.o
                0x0800e126                USBD_LL_PrepareReceive
 .text.USBD_LL_GetRxDataSize
                0x0800e16c       0x26 ./USB_DEVICE/Target/usbd_conf.o
                0x0800e16c                USBD_LL_GetRxDataSize
 *fill*         0x0800e192        0x2 
 .text.USBD_static_malloc
                0x0800e194       0x18 ./USB_DEVICE/Target/usbd_conf.o
                0x0800e194                USBD_static_malloc
 .text.USBD_static_free
                0x0800e1ac       0x12 ./USB_DEVICE/Target/usbd_conf.o
                0x0800e1ac                USBD_static_free
 .text.HAL_PCDEx_SetConnectionState
                0x0800e1be       0x16 ./USB_DEVICE/Target/usbd_conf.o
                0x0800e1be                HAL_PCDEx_SetConnectionState
 .text.USBD_Get_USB_Status
                0x0800e1d4       0x58 ./USB_DEVICE/Target/usbd_conf.o
 .text.malloc   0x0800e22c       0x10 C:/ST/STM32CubeIDE_1.16.0/STM32CubeIDE/plugins/com.st.stm32cube.ide.mcu.externaltools.gnu-tools-for-stm32.12.3.rel1.win32_1.0.200.202406191623/tools/bin/../lib/gcc/arm-none-eabi/12.3.1/../../../../arm-none-eabi/lib/thumb/v7-m/nofp\libc_nano.a(libc_a-malloc.o)
                0x0800e22c                malloc
 .text.sbrk_aligned
                0x0800e23c       0x44 C:/ST/STM32CubeIDE_1.16.0/STM32CubeIDE/plugins/com.st.stm32cube.ide.mcu.externaltools.gnu-tools-for-stm32.12.3.rel1.win32_1.0.200.202406191623/tools/bin/../lib/gcc/arm-none-eabi/12.3.1/../../../../arm-none-eabi/lib/thumb/v7-m/nofp\libc_nano.a(libc_a-mallocr.o)
 .text._malloc_r
                0x0800e280      0x100 C:/ST/STM32CubeIDE_1.16.0/STM32CubeIDE/plugins/com.st.stm32cube.ide.mcu.externaltools.gnu-tools-for-stm32.12.3.rel1.win32_1.0.200.202406191623/tools/bin/../lib/gcc/arm-none-eabi/12.3.1/../../../../arm-none-eabi/lib/thumb/v7-m/nofp\libc_nano.a(libc_a-mallocr.o)
                0x0800e280                _malloc_r
 .text.__malloc_lock
                0x0800e380        0xc C:/ST/STM32CubeIDE_1.16.0/STM32CubeIDE/plugins/com.st.stm32cube.ide.mcu.externaltools.gnu-tools-for-stm32.12.3.rel1.win32_1.0.200.202406191623/tools/bin/../lib/gcc/arm-none-eabi/12.3.1/../../../../arm-none-eabi/lib/thumb/v7-m/nofp\libc_nano.a(libc_a-mlock.o)
                0x0800e380                __malloc_lock
 .text.__malloc_unlock
                0x0800e38c        0xc C:/ST/STM32CubeIDE_1.16.0/STM32CubeIDE/plugins/com.st.stm32cube.ide.mcu.externaltools.gnu-tools-for-stm32.12.3.rel1.win32_1.0.200.202406191623/tools/bin/../lib/gcc/arm-none-eabi/12.3.1/../../../../arm-none-eabi/lib/thumb/v7-m/nofp\libc_nano.a(libc_a-mlock.o)
                0x0800e38c                __malloc_unlock
 .text.__cvt    0x0800e398       0xc8 C:/ST/STM32CubeIDE_1.16.0/STM32CubeIDE/plugins/com.st.stm32cube.ide.mcu.externaltools.gnu-tools-for-stm32.12.3.rel1.win32_1.0.200.202406191623/tools/bin/../lib/gcc/arm-none-eabi/12.3.1/../../../../arm-none-eabi/lib/thumb/v7-m/nofp\libc_nano.a(libc_a-nano-vfprintf_float.o)
                0x0800e398                __cvt
 .text.__exponent
                0x0800e460       0x74 C:/ST/STM32CubeIDE_1.16.0/STM32CubeIDE/plugins/com.st.stm32cube.ide.mcu.externaltools.gnu-tools-for-stm32.12.3.rel1.win32_1.0.200.202406191623/tools/bin/../lib/gcc/arm-none-eabi/12.3.1/../../../../arm-none-eabi/lib/thumb/v7-m/nofp\libc_nano.a(libc_a-nano-vfprintf_float.o)
                0x0800e460                __exponent
 .text._printf_float
                0x0800e4d4      0x458 C:/ST/STM32CubeIDE_1.16.0/STM32CubeIDE/plugins/com.st.stm32cube.ide.mcu.externaltools.gnu-tools-for-stm32.12.3.rel1.win32_1.0.200.202406191623/tools/bin/../lib/gcc/arm-none-eabi/12.3.1/../../../../arm-none-eabi/lib/thumb/v7-m/nofp\libc_nano.a(libc_a-nano-vfprintf_float.o)
                0x0800e4d4                _printf_float
 .text._printf_common
                0x0800e92c       0xe4 C:/ST/STM32CubeIDE_1.16.0/STM32CubeIDE/plugins/com.st.stm32cube.ide.mcu.externaltools.gnu-tools-for-stm32.12.3.rel1.win32_1.0.200.202406191623/tools/bin/../lib/gcc/arm-none-eabi/12.3.1/../../../../arm-none-eabi/lib/thumb/v7-m/nofp\libc_nano.a(libc_a-nano-vfprintf_i.o)
                0x0800e92c                _printf_common
 .text._printf_i
                0x0800ea10      0x240 C:/ST/STM32CubeIDE_1.16.0/STM32CubeIDE/plugins/com.st.stm32cube.ide.mcu.externaltools.gnu-tools-for-stm32.12.3.rel1.win32_1.0.200.202406191623/tools/bin/../lib/gcc/arm-none-eabi/12.3.1/../../../../arm-none-eabi/lib/thumb/v7-m/nofp\libc_nano.a(libc_a-nano-vfprintf_i.o)
                0x0800ea10                _printf_i
 .text.std      0x0800ec50       0x6c C:/ST/STM32CubeIDE_1.16.0/STM32CubeIDE/plugins/com.st.stm32cube.ide.mcu.externaltools.gnu-tools-for-stm32.12.3.rel1.win32_1.0.200.202406191623/tools/bin/../lib/gcc/arm-none-eabi/12.3.1/../../../../arm-none-eabi/lib/thumb/v7-m/nofp\libc_nano.a(libc_a-findfp.o)
 .text.stdio_exit_handler
                0x0800ecbc       0x18 C:/ST/STM32CubeIDE_1.16.0/STM32CubeIDE/plugins/com.st.stm32cube.ide.mcu.externaltools.gnu-tools-for-stm32.12.3.rel1.win32_1.0.200.202406191623/tools/bin/../lib/gcc/arm-none-eabi/12.3.1/../../../../arm-none-eabi/lib/thumb/v7-m/nofp\libc_nano.a(libc_a-findfp.o)
 .text.cleanup_stdio
                0x0800ecd4       0x40 C:/ST/STM32CubeIDE_1.16.0/STM32CubeIDE/plugins/com.st.stm32cube.ide.mcu.externaltools.gnu-tools-for-stm32.12.3.rel1.win32_1.0.200.202406191623/tools/bin/../lib/gcc/arm-none-eabi/12.3.1/../../../../arm-none-eabi/lib/thumb/v7-m/nofp\libc_nano.a(libc_a-findfp.o)
 .text.global_stdio_init.part.0
                0x0800ed14       0x3c C:/ST/STM32CubeIDE_1.16.0/STM32CubeIDE/plugins/com.st.stm32cube.ide.mcu.externaltools.gnu-tools-for-stm32.12.3.rel1.win32_1.0.200.202406191623/tools/bin/../lib/gcc/arm-none-eabi/12.3.1/../../../../arm-none-eabi/lib/thumb/v7-m/nofp\libc_nano.a(libc_a-findfp.o)
 .text.__sfp_lock_acquire
                0x0800ed50        0xc C:/ST/STM32CubeIDE_1.16.0/STM32CubeIDE/plugins/com.st.stm32cube.ide.mcu.externaltools.gnu-tools-for-stm32.12.3.rel1.win32_1.0.200.202406191623/tools/bin/../lib/gcc/arm-none-eabi/12.3.1/../../../../arm-none-eabi/lib/thumb/v7-m/nofp\libc_nano.a(libc_a-findfp.o)
                0x0800ed50                __sfp_lock_acquire
 .text.__sfp_lock_release
                0x0800ed5c        0xc C:/ST/STM32CubeIDE_1.16.0/STM32CubeIDE/plugins/com.st.stm32cube.ide.mcu.externaltools.gnu-tools-for-stm32.12.3.rel1.win32_1.0.200.202406191623/tools/bin/../lib/gcc/arm-none-eabi/12.3.1/../../../../arm-none-eabi/lib/thumb/v7-m/nofp\libc_nano.a(libc_a-findfp.o)
                0x0800ed5c                __sfp_lock_release
 .text.__sinit  0x0800ed68       0x30 C:/ST/STM32CubeIDE_1.16.0/STM32CubeIDE/plugins/com.st.stm32cube.ide.mcu.externaltools.gnu-tools-for-stm32.12.3.rel1.win32_1.0.200.202406191623/tools/bin/../lib/gcc/arm-none-eabi/12.3.1/../../../../arm-none-eabi/lib/thumb/v7-m/nofp\libc_nano.a(libc_a-findfp.o)
                0x0800ed68                __sinit
 .text._fwalk_sglue
                0x0800ed98       0x3c C:/ST/STM32CubeIDE_1.16.0/STM32CubeIDE/plugins/com.st.stm32cube.ide.mcu.externaltools.gnu-tools-for-stm32.12.3.rel1.win32_1.0.200.202406191623/tools/bin/../lib/gcc/arm-none-eabi/12.3.1/../../../../arm-none-eabi/lib/thumb/v7-m/nofp\libc_nano.a(libc_a-fwalk.o)
                0x0800ed98                _fwalk_sglue
 .text.snprintf
                0x0800edd4       0x68 C:/ST/STM32CubeIDE_1.16.0/STM32CubeIDE/plugins/com.st.stm32cube.ide.mcu.externaltools.gnu-tools-for-stm32.12.3.rel1.win32_1.0.200.202406191623/tools/bin/../lib/gcc/arm-none-eabi/12.3.1/../../../../arm-none-eabi/lib/thumb/v7-m/nofp\libc_nano.a(libc_a-snprintf.o)
                0x0800edd4                sniprintf
                0x0800edd4                snprintf
 .text.__sread  0x0800ee3c       0x22 C:/ST/STM32CubeIDE_1.16.0/STM32CubeIDE/plugins/com.st.stm32cube.ide.mcu.externaltools.gnu-tools-for-stm32.12.3.rel1.win32_1.0.200.202406191623/tools/bin/../lib/gcc/arm-none-eabi/12.3.1/../../../../arm-none-eabi/lib/thumb/v7-m/nofp\libc_nano.a(libc_a-stdio.o)
                0x0800ee3c                __sread
 .text.__swrite
                0x0800ee5e       0x38 C:/ST/STM32CubeIDE_1.16.0/STM32CubeIDE/plugins/com.st.stm32cube.ide.mcu.externaltools.gnu-tools-for-stm32.12.3.rel1.win32_1.0.200.202406191623/tools/bin/../lib/gcc/arm-none-eabi/12.3.1/../../../../arm-none-eabi/lib/thumb/v7-m/nofp\libc_nano.a(libc_a-stdio.o)
                0x0800ee5e                __swrite
 .text.__sseek  0x0800ee96       0x24 C:/ST/STM32CubeIDE_1.16.0/STM32CubeIDE/plugins/com.st.stm32cube.ide.mcu.externaltools.gnu-tools-for-stm32.12.3.rel1.win32_1.0.200.202406191623/tools/bin/../lib/gcc/arm-none-eabi/12.3.1/../../../../arm-none-eabi/lib/thumb/v7-m/nofp\libc_nano.a(libc_a-stdio.o)
                0x0800ee96                __sseek
 .text.__sclose
                0x0800eeba        0x8 C:/ST/STM32CubeIDE_1.16.0/STM32CubeIDE/plugins/com.st.stm32cube.ide.mcu.externaltools.gnu-tools-for-stm32.12.3.rel1.win32_1.0.200.202406191623/tools/bin/../lib/gcc/arm-none-eabi/12.3.1/../../../../arm-none-eabi/lib/thumb/v7-m/nofp\libc_nano.a(libc_a-stdio.o)
                0x0800eeba                __sclose
 .text.memset   0x0800eec2       0x10 C:/ST/STM32CubeIDE_1.16.0/STM32CubeIDE/plugins/com.st.stm32cube.ide.mcu.externaltools.gnu-tools-for-stm32.12.3.rel1.win32_1.0.200.202406191623/tools/bin/../lib/gcc/arm-none-eabi/12.3.1/../../../../arm-none-eabi/lib/thumb/v7-m/nofp\libc_nano.a(libc_a-memset.o)
                0x0800eec2                memset
 *fill*         0x0800eed2        0x2 
 .text._localeconv_r
                0x0800eed4        0x8 C:/ST/STM32CubeIDE_1.16.0/STM32CubeIDE/plugins/com.st.stm32cube.ide.mcu.externaltools.gnu-tools-for-stm32.12.3.rel1.win32_1.0.200.202406191623/tools/bin/../lib/gcc/arm-none-eabi/12.3.1/../../../../arm-none-eabi/lib/thumb/v7-m/nofp\libc_nano.a(libc_a-localeconv.o)
                0x0800eed4                _localeconv_r
 .text._close_r
                0x0800eedc       0x20 C:/ST/STM32CubeIDE_1.16.0/STM32CubeIDE/plugins/com.st.stm32cube.ide.mcu.externaltools.gnu-tools-for-stm32.12.3.rel1.win32_1.0.200.202406191623/tools/bin/../lib/gcc/arm-none-eabi/12.3.1/../../../../arm-none-eabi/lib/thumb/v7-m/nofp\libc_nano.a(libc_a-closer.o)
                0x0800eedc                _close_r
 .text._lseek_r
                0x0800eefc       0x24 C:/ST/STM32CubeIDE_1.16.0/STM32CubeIDE/plugins/com.st.stm32cube.ide.mcu.externaltools.gnu-tools-for-stm32.12.3.rel1.win32_1.0.200.202406191623/tools/bin/../lib/gcc/arm-none-eabi/12.3.1/../../../../arm-none-eabi/lib/thumb/v7-m/nofp\libc_nano.a(libc_a-lseekr.o)
                0x0800eefc                _lseek_r
 .text._read_r  0x0800ef20       0x24 C:/ST/STM32CubeIDE_1.16.0/STM32CubeIDE/plugins/com.st.stm32cube.ide.mcu.externaltools.gnu-tools-for-stm32.12.3.rel1.win32_1.0.200.202406191623/tools/bin/../lib/gcc/arm-none-eabi/12.3.1/../../../../arm-none-eabi/lib/thumb/v7-m/nofp\libc_nano.a(libc_a-readr.o)
                0x0800ef20                _read_r
 .text._sbrk_r  0x0800ef44       0x20 C:/ST/STM32CubeIDE_1.16.0/STM32CubeIDE/plugins/com.st.stm32cube.ide.mcu.externaltools.gnu-tools-for-stm32.12.3.rel1.win32_1.0.200.202406191623/tools/bin/../lib/gcc/arm-none-eabi/12.3.1/../../../../arm-none-eabi/lib/thumb/v7-m/nofp\libc_nano.a(libc_a-sbrkr.o)
                0x0800ef44                _sbrk_r
 .text._write_r
                0x0800ef64       0x24 C:/ST/STM32CubeIDE_1.16.0/STM32CubeIDE/plugins/com.st.stm32cube.ide.mcu.externaltools.gnu-tools-for-stm32.12.3.rel1.win32_1.0.200.202406191623/tools/bin/../lib/gcc/arm-none-eabi/12.3.1/../../../../arm-none-eabi/lib/thumb/v7-m/nofp\libc_nano.a(libc_a-writer.o)
                0x0800ef64                _write_r
 .text.__errno  0x0800ef88        0xc C:/ST/STM32CubeIDE_1.16.0/STM32CubeIDE/plugins/com.st.stm32cube.ide.mcu.externaltools.gnu-tools-for-stm32.12.3.rel1.win32_1.0.200.202406191623/tools/bin/../lib/gcc/arm-none-eabi/12.3.1/../../../../arm-none-eabi/lib/thumb/v7-m/nofp\libc_nano.a(libc_a-errno.o)
                0x0800ef88                __errno
 .text.__libc_init_array
                0x0800ef94       0x48 C:/ST/STM32CubeIDE_1.16.0/STM32CubeIDE/plugins/com.st.stm32cube.ide.mcu.externaltools.gnu-tools-for-stm32.12.3.rel1.win32_1.0.200.202406191623/tools/bin/../lib/gcc/arm-none-eabi/12.3.1/../../../../arm-none-eabi/lib/thumb/v7-m/nofp\libc_nano.a(libc_a-init.o)
                0x0800ef94                __libc_init_array
 .text.__retarget_lock_init_recursive
                0x0800efdc        0x2 C:/ST/STM32CubeIDE_1.16.0/STM32CubeIDE/plugins/com.st.stm32cube.ide.mcu.externaltools.gnu-tools-for-stm32.12.3.rel1.win32_1.0.200.202406191623/tools/bin/../lib/gcc/arm-none-eabi/12.3.1/../../../../arm-none-eabi/lib/thumb/v7-m/nofp\libc_nano.a(libc_a-lock.o)
                0x0800efdc                __retarget_lock_init_recursive
 .text.__retarget_lock_acquire_recursive
                0x0800efde        0x2 C:/ST/STM32CubeIDE_1.16.0/STM32CubeIDE/plugins/com.st.stm32cube.ide.mcu.externaltools.gnu-tools-for-stm32.12.3.rel1.win32_1.0.200.202406191623/tools/bin/../lib/gcc/arm-none-eabi/12.3.1/../../../../arm-none-eabi/lib/thumb/v7-m/nofp\libc_nano.a(libc_a-lock.o)
                0x0800efde                __retarget_lock_acquire_recursive
 .text.__retarget_lock_release_recursive
                0x0800efe0        0x2 C:/ST/STM32CubeIDE_1.16.0/STM32CubeIDE/plugins/com.st.stm32cube.ide.mcu.externaltools.gnu-tools-for-stm32.12.3.rel1.win32_1.0.200.202406191623/tools/bin/../lib/gcc/arm-none-eabi/12.3.1/../../../../arm-none-eabi/lib/thumb/v7-m/nofp\libc_nano.a(libc_a-lock.o)
                0x0800efe0                __retarget_lock_release_recursive
 .text.memchr   0x0800efe2       0x1c C:/ST/STM32CubeIDE_1.16.0/STM32CubeIDE/plugins/com.st.stm32cube.ide.mcu.externaltools.gnu-tools-for-stm32.12.3.rel1.win32_1.0.200.202406191623/tools/bin/../lib/gcc/arm-none-eabi/12.3.1/../../../../arm-none-eabi/lib/thumb/v7-m/nofp\libc_nano.a(libc_a-memchr-stub.o)
                0x0800efe2                memchr
 .text.quorem   0x0800effe      0x110 C:/ST/STM32CubeIDE_1.16.0/STM32CubeIDE/plugins/com.st.stm32cube.ide.mcu.externaltools.gnu-tools-for-stm32.12.3.rel1.win32_1.0.200.202406191623/tools/bin/../lib/gcc/arm-none-eabi/12.3.1/../../../../arm-none-eabi/lib/thumb/v7-m/nofp\libc_nano.a(libc_a-dtoa.o)
 *fill*         0x0800f10e        0x2 
 .text._dtoa_r  0x0800f110      0xb90 C:/ST/STM32CubeIDE_1.16.0/STM32CubeIDE/plugins/com.st.stm32cube.ide.mcu.externaltools.gnu-tools-for-stm32.12.3.rel1.win32_1.0.200.202406191623/tools/bin/../lib/gcc/arm-none-eabi/12.3.1/../../../../arm-none-eabi/lib/thumb/v7-m/nofp\libc_nano.a(libc_a-dtoa.o)
                0x0800f110                _dtoa_r
 .text._free_r  0x0800fca0       0x90 C:/ST/STM32CubeIDE_1.16.0/STM32CubeIDE/plugins/com.st.stm32cube.ide.mcu.externaltools.gnu-tools-for-stm32.12.3.rel1.win32_1.0.200.202406191623/tools/bin/../lib/gcc/arm-none-eabi/12.3.1/../../../../arm-none-eabi/lib/thumb/v7-m/nofp\libc_nano.a(libc_a-freer.o)
                0x0800fca0                _free_r
 .text._Balloc  0x0800fd30       0x80 C:/ST/STM32CubeIDE_1.16.0/STM32CubeIDE/plugins/com.st.stm32cube.ide.mcu.externaltools.gnu-tools-for-stm32.12.3.rel1.win32_1.0.200.202406191623/tools/bin/../lib/gcc/arm-none-eabi/12.3.1/../../../../arm-none-eabi/lib/thumb/v7-m/nofp\libc_nano.a(libc_a-mprec.o)
                0x0800fd30                _Balloc
 .text._Bfree   0x0800fdb0       0x44 C:/ST/STM32CubeIDE_1.16.0/STM32CubeIDE/plugins/com.st.stm32cube.ide.mcu.externaltools.gnu-tools-for-stm32.12.3.rel1.win32_1.0.200.202406191623/tools/bin/../lib/gcc/arm-none-eabi/12.3.1/../../../../arm-none-eabi/lib/thumb/v7-m/nofp\libc_nano.a(libc_a-mprec.o)
                0x0800fdb0                _Bfree
 .text.__multadd
                0x0800fdf4       0x8c C:/ST/STM32CubeIDE_1.16.0/STM32CubeIDE/plugins/com.st.stm32cube.ide.mcu.externaltools.gnu-tools-for-stm32.12.3.rel1.win32_1.0.200.202406191623/tools/bin/../lib/gcc/arm-none-eabi/12.3.1/../../../../arm-none-eabi/lib/thumb/v7-m/nofp\libc_nano.a(libc_a-mprec.o)
                0x0800fdf4                __multadd
 .text.__hi0bits
                0x0800fe80       0x3e C:/ST/STM32CubeIDE_1.16.0/STM32CubeIDE/plugins/com.st.stm32cube.ide.mcu.externaltools.gnu-tools-for-stm32.12.3.rel1.win32_1.0.200.202406191623/tools/bin/../lib/gcc/arm-none-eabi/12.3.1/../../../../arm-none-eabi/lib/thumb/v7-m/nofp\libc_nano.a(libc_a-mprec.o)
                0x0800fe80                __hi0bits
 .text.__lo0bits
                0x0800febe       0x5a C:/ST/STM32CubeIDE_1.16.0/STM32CubeIDE/plugins/com.st.stm32cube.ide.mcu.externaltools.gnu-tools-for-stm32.12.3.rel1.win32_1.0.200.202406191623/tools/bin/../lib/gcc/arm-none-eabi/12.3.1/../../../../arm-none-eabi/lib/thumb/v7-m/nofp\libc_nano.a(libc_a-mprec.o)
                0x0800febe                __lo0bits
 .text.__i2b    0x0800ff18       0x2c C:/ST/STM32CubeIDE_1.16.0/STM32CubeIDE/plugins/com.st.stm32cube.ide.mcu.externaltools.gnu-tools-for-stm32.12.3.rel1.win32_1.0.200.202406191623/tools/bin/../lib/gcc/arm-none-eabi/12.3.1/../../../../arm-none-eabi/lib/thumb/v7-m/nofp\libc_nano.a(libc_a-mprec.o)
                0x0800ff18                __i2b
 .text.__multiply
                0x0800ff44      0x150 C:/ST/STM32CubeIDE_1.16.0/STM32CubeIDE/plugins/com.st.stm32cube.ide.mcu.externaltools.gnu-tools-for-stm32.12.3.rel1.win32_1.0.200.202406191623/tools/bin/../lib/gcc/arm-none-eabi/12.3.1/../../../../arm-none-eabi/lib/thumb/v7-m/nofp\libc_nano.a(libc_a-mprec.o)
                0x0800ff44                __multiply
 .text.__pow5mult
                0x08010094       0xb4 C:/ST/STM32CubeIDE_1.16.0/STM32CubeIDE/plugins/com.st.stm32cube.ide.mcu.externaltools.gnu-tools-for-stm32.12.3.rel1.win32_1.0.200.202406191623/tools/bin/../lib/gcc/arm-none-eabi/12.3.1/../../../../arm-none-eabi/lib/thumb/v7-m/nofp\libc_nano.a(libc_a-mprec.o)
                0x08010094                __pow5mult
 .text.__lshift
                0x08010148       0xd8 C:/ST/STM32CubeIDE_1.16.0/STM32CubeIDE/plugins/com.st.stm32cube.ide.mcu.externaltools.gnu-tools-for-stm32.12.3.rel1.win32_1.0.200.202406191623/tools/bin/../lib/gcc/arm-none-eabi/12.3.1/../../../../arm-none-eabi/lib/thumb/v7-m/nofp\libc_nano.a(libc_a-mprec.o)
                0x08010148                __lshift
 .text.__mcmp   0x08010220       0x36 C:/ST/STM32CubeIDE_1.16.0/STM32CubeIDE/plugins/com.st.stm32cube.ide.mcu.externaltools.gnu-tools-for-stm32.12.3.rel1.win32_1.0.200.202406191623/tools/bin/../lib/gcc/arm-none-eabi/12.3.1/../../../../arm-none-eabi/lib/thumb/v7-m/nofp\libc_nano.a(libc_a-mprec.o)
                0x08010220                __mcmp
 *fill*         0x08010256        0x2 
 .text.__mdiff  0x08010258      0x128 C:/ST/STM32CubeIDE_1.16.0/STM32CubeIDE/plugins/com.st.stm32cube.ide.mcu.externaltools.gnu-tools-for-stm32.12.3.rel1.win32_1.0.200.202406191623/tools/bin/../lib/gcc/arm-none-eabi/12.3.1/../../../../arm-none-eabi/lib/thumb/v7-m/nofp\libc_nano.a(libc_a-mprec.o)
                0x08010258                __mdiff
 .text.__d2b    0x08010380       0xb0 C:/ST/STM32CubeIDE_1.16.0/STM32CubeIDE/plugins/com.st.stm32cube.ide.mcu.externaltools.gnu-tools-for-stm32.12.3.rel1.win32_1.0.200.202406191623/tools/bin/../lib/gcc/arm-none-eabi/12.3.1/../../../../arm-none-eabi/lib/thumb/v7-m/nofp\libc_nano.a(libc_a-mprec.o)
                0x08010380                __d2b
 .text.__ssputs_r
                0x08010430       0xb6 C:/ST/STM32CubeIDE_1.16.0/STM32CubeIDE/plugins/com.st.stm32cube.ide.mcu.externaltools.gnu-tools-for-stm32.12.3.rel1.win32_1.0.200.202406191623/tools/bin/../lib/gcc/arm-none-eabi/12.3.1/../../../../arm-none-eabi/lib/thumb/v7-m/nofp\libc_nano.a(libc_a-nano-svfprintf.o)
                0x08010430                __ssputs_r
 *fill*         0x080104e6        0x2 
 .text._svfprintf_r
                0x080104e8      0x1f8 C:/ST/STM32CubeIDE_1.16.0/STM32CubeIDE/plugins/com.st.stm32cube.ide.mcu.externaltools.gnu-tools-for-stm32.12.3.rel1.win32_1.0.200.202406191623/tools/bin/../lib/gcc/arm-none-eabi/12.3.1/../../../../arm-none-eabi/lib/thumb/v7-m/nofp\libc_nano.a(libc_a-nano-svfprintf.o)
                0x080104e8                _svfiprintf_r
                0x080104e8                _svfprintf_r
 .text.__sflush_r
                0x080106e0      0x100 C:/ST/STM32CubeIDE_1.16.0/STM32CubeIDE/plugins/com.st.stm32cube.ide.mcu.externaltools.gnu-tools-for-stm32.12.3.rel1.win32_1.0.200.202406191623/tools/bin/../lib/gcc/arm-none-eabi/12.3.1/../../../../arm-none-eabi/lib/thumb/v7-m/nofp\libc_nano.a(libc_a-fflush.o)
                0x080106e0                __sflush_r
 .text._fflush_r
                0x080107e0       0x50 C:/ST/STM32CubeIDE_1.16.0/STM32CubeIDE/plugins/com.st.stm32cube.ide.mcu.externaltools.gnu-tools-for-stm32.12.3.rel1.win32_1.0.200.202406191623/tools/bin/../lib/gcc/arm-none-eabi/12.3.1/../../../../arm-none-eabi/lib/thumb/v7-m/nofp\libc_nano.a(libc_a-fflush.o)
                0x080107e0                _fflush_r
 .text.memmove  0x08010830       0x34 C:/ST/STM32CubeIDE_1.16.0/STM32CubeIDE/plugins/com.st.stm32cube.ide.mcu.externaltools.gnu-tools-for-stm32.12.3.rel1.win32_1.0.200.202406191623/tools/bin/../lib/gcc/arm-none-eabi/12.3.1/../../../../arm-none-eabi/lib/thumb/v7-m/nofp\libc_nano.a(libc_a-memmove.o)
                0x08010830                memmove
 .text.memcpy   0x08010864       0x1c C:/ST/STM32CubeIDE_1.16.0/STM32CubeIDE/plugins/com.st.stm32cube.ide.mcu.externaltools.gnu-tools-for-stm32.12.3.rel1.win32_1.0.200.202406191623/tools/bin/../lib/gcc/arm-none-eabi/12.3.1/../../../../arm-none-eabi/lib/thumb/v7-m/nofp\libc_nano.a(libc_a-memcpy-stub.o)
                0x08010864                memcpy
 .text.__assert_func
                0x08010880       0x3c C:/ST/STM32CubeIDE_1.16.0/STM32CubeIDE/plugins/com.st.stm32cube.ide.mcu.externaltools.gnu-tools-for-stm32.12.3.rel1.win32_1.0.200.202406191623/tools/bin/../lib/gcc/arm-none-eabi/12.3.1/../../../../arm-none-eabi/lib/thumb/v7-m/nofp\libc_nano.a(libc_a-assert.o)
                0x08010880                __assert_func
 .text._calloc_r
                0x080108bc       0x28 C:/ST/STM32CubeIDE_1.16.0/STM32CubeIDE/plugins/com.st.stm32cube.ide.mcu.externaltools.gnu-tools-for-stm32.12.3.rel1.win32_1.0.200.202406191623/tools/bin/../lib/gcc/arm-none-eabi/12.3.1/../../../../arm-none-eabi/lib/thumb/v7-m/nofp\libc_nano.a(libc_a-callocr.o)
                0x080108bc                _calloc_r
 .text.__ascii_mbtowc
                0x080108e4       0x24 C:/ST/STM32CubeIDE_1.16.0/STM32CubeIDE/plugins/com.st.stm32cube.ide.mcu.externaltools.gnu-tools-for-stm32.12.3.rel1.win32_1.0.200.202406191623/tools/bin/../lib/gcc/arm-none-eabi/12.3.1/../../../../arm-none-eabi/lib/thumb/v7-m/nofp\libc_nano.a(libc_a-mbtowc_r.o)
                0x080108e4                __ascii_mbtowc
 .text._realloc_r
                0x08010908       0x5c C:/ST/STM32CubeIDE_1.16.0/STM32CubeIDE/plugins/com.st.stm32cube.ide.mcu.externaltools.gnu-tools-for-stm32.12.3.rel1.win32_1.0.200.202406191623/tools/bin/../lib/gcc/arm-none-eabi/12.3.1/../../../../arm-none-eabi/lib/thumb/v7-m/nofp\libc_nano.a(libc_a-reallocr.o)
                0x08010908                _realloc_r
 .text.__ascii_wctomb
                0x08010964       0x1a C:/ST/STM32CubeIDE_1.16.0/STM32CubeIDE/plugins/com.st.stm32cube.ide.mcu.externaltools.gnu-tools-for-stm32.12.3.rel1.win32_1.0.200.202406191623/tools/bin/../lib/gcc/arm-none-eabi/12.3.1/../../../../arm-none-eabi/lib/thumb/v7-m/nofp\libc_nano.a(libc_a-wctomb_r.o)
                0x08010964                __ascii_wctomb
 *fill*         0x0801097e        0x2 
 .text.fprintf  0x08010980       0x24 C:/ST/STM32CubeIDE_1.16.0/STM32CubeIDE/plugins/com.st.stm32cube.ide.mcu.externaltools.gnu-tools-for-stm32.12.3.rel1.win32_1.0.200.202406191623/tools/bin/../lib/gcc/arm-none-eabi/12.3.1/../../../../arm-none-eabi/lib/thumb/v7-m/nofp\libc_nano.a(libc_a-fprintf.o)
                0x08010980                fiprintf
                0x08010980                fprintf
 .text.abort    0x080109a4        0xe C:/ST/STM32CubeIDE_1.16.0/STM32CubeIDE/plugins/com.st.stm32cube.ide.mcu.externaltools.gnu-tools-for-stm32.12.3.rel1.win32_1.0.200.202406191623/tools/bin/../lib/gcc/arm-none-eabi/12.3.1/../../../../arm-none-eabi/lib/thumb/v7-m/nofp\libc_nano.a(libc_a-abort.o)
                0x080109a4                abort
 .text._malloc_usable_size_r
                0x080109b2       0x10 C:/ST/STM32CubeIDE_1.16.0/STM32CubeIDE/plugins/com.st.stm32cube.ide.mcu.externaltools.gnu-tools-for-stm32.12.3.rel1.win32_1.0.200.202406191623/tools/bin/../lib/gcc/arm-none-eabi/12.3.1/../../../../arm-none-eabi/lib/thumb/v7-m/nofp\libc_nano.a(libc_a-msizer.o)
                0x080109b2                _malloc_usable_size_r
 .text.__sfputc_r
                0x080109c2       0x2a C:/ST/STM32CubeIDE_1.16.0/STM32CubeIDE/plugins/com.st.stm32cube.ide.mcu.externaltools.gnu-tools-for-stm32.12.3.rel1.win32_1.0.200.202406191623/tools/bin/../lib/gcc/arm-none-eabi/12.3.1/../../../../arm-none-eabi/lib/thumb/v7-m/nofp\libc_nano.a(libc_a-nano-vfprintf.o)
 .text.__sfputs_r
                0x080109ec       0x24 C:/ST/STM32CubeIDE_1.16.0/STM32CubeIDE/plugins/com.st.stm32cube.ide.mcu.externaltools.gnu-tools-for-stm32.12.3.rel1.win32_1.0.200.202406191623/tools/bin/../lib/gcc/arm-none-eabi/12.3.1/../../../../arm-none-eabi/lib/thumb/v7-m/nofp\libc_nano.a(libc_a-nano-vfprintf.o)
                0x080109ec                __sfputs_r
 .text._vfprintf_r
                0x08010a10      0x230 C:/ST/STM32CubeIDE_1.16.0/STM32CubeIDE/plugins/com.st.stm32cube.ide.mcu.externaltools.gnu-tools-for-stm32.12.3.rel1.win32_1.0.200.202406191623/tools/bin/../lib/gcc/arm-none-eabi/12.3.1/../../../../arm-none-eabi/lib/thumb/v7-m/nofp\libc_nano.a(libc_a-nano-vfprintf.o)
                0x08010a10                _vfprintf_r
                0x08010a10                _vfiprintf_r
 .text.__swbuf_r
                0x08010c40       0x7c C:/ST/STM32CubeIDE_1.16.0/STM32CubeIDE/plugins/com.st.stm32cube.ide.mcu.externaltools.gnu-tools-for-stm32.12.3.rel1.win32_1.0.200.202406191623/tools/bin/../lib/gcc/arm-none-eabi/12.3.1/../../../../arm-none-eabi/lib/thumb/v7-m/nofp\libc_nano.a(libc_a-wbuf.o)
                0x08010c40                __swbuf_r
 .text.__swsetup_r
                0x08010cbc       0xac C:/ST/STM32CubeIDE_1.16.0/STM32CubeIDE/plugins/com.st.stm32cube.ide.mcu.externaltools.gnu-tools-for-stm32.12.3.rel1.win32_1.0.200.202406191623/tools/bin/../lib/gcc/arm-none-eabi/12.3.1/../../../../arm-none-eabi/lib/thumb/v7-m/nofp\libc_nano.a(libc_a-wsetup.o)
                0x08010cbc                __swsetup_r
 .text._raise_r
                0x08010d68       0x50 C:/ST/STM32CubeIDE_1.16.0/STM32CubeIDE/plugins/com.st.stm32cube.ide.mcu.externaltools.gnu-tools-for-stm32.12.3.rel1.win32_1.0.200.202406191623/tools/bin/../lib/gcc/arm-none-eabi/12.3.1/../../../../arm-none-eabi/lib/thumb/v7-m/nofp\libc_nano.a(libc_a-signal.o)
                0x08010d68                _raise_r
 .text.raise    0x08010db8       0x10 C:/ST/STM32CubeIDE_1.16.0/STM32CubeIDE/plugins/com.st.stm32cube.ide.mcu.externaltools.gnu-tools-for-stm32.12.3.rel1.win32_1.0.200.202406191623/tools/bin/../lib/gcc/arm-none-eabi/12.3.1/../../../../arm-none-eabi/lib/thumb/v7-m/nofp\libc_nano.a(libc_a-signal.o)
                0x08010db8                raise
 .text._kill_r  0x08010dc8       0x24 C:/ST/STM32CubeIDE_1.16.0/STM32CubeIDE/plugins/com.st.stm32cube.ide.mcu.externaltools.gnu-tools-for-stm32.12.3.rel1.win32_1.0.200.202406191623/tools/bin/../lib/gcc/arm-none-eabi/12.3.1/../../../../arm-none-eabi/lib/thumb/v7-m/nofp\libc_nano.a(libc_a-signalr.o)
                0x08010dc8                _kill_r
 .text._getpid_r