../Core/Src/MyDriversSrc/ajsr04m.c:41:8:ajsr04m_init	16	static
../Core/Src/MyDriversSrc/ajsr04m.c:57:8:ajsr04m_read_tof_blocking	16	static
../Core/Src/MyDriversSrc/ajsr04m.c:79:8:ajsr04m_read_tof_exti	8	static
../Core/Src/MyDriversSrc/ajsr04m.c:84:7:ajsr04m_get_tof_ms	16	static
../Core/Src/MyDriversSrc/ajsr04m.c:96:6:ajsr04m_callback_handler_echo_start	4	static
../Core/Src/MyDriversSrc/ajsr04m.c:105:6:ajsr04m_callback_handler_echo_finish	4	static
../Core/Src/MyDriversSrc/ajsr04m.c:139:13:ajsr04m_trigger_measurement	8	static
