../Core/Src/main.c:86:5:main	8	static
../Core/Src/main.c:160:6:SystemClock_Config	88	static
../Core/Src/main.c:204:13:MX_I2C1_Init	8	static
../Core/Src/main.c:238:13:MX_RTC_Init	24	static
../Core/Src/main.c:308:13:MX_TIM2_Init	64	static
../Core/Src/main.c:370:13:MX_TIM3_Init	32	static
../Core/Src/main.c:415:13:MX_TIM4_Init	32	static
../Core/Src/main.c:460:13:MX_USART1_UART_Init	8	static
../Core/Src/main.c:493:13:MX_GPIO_Init	40	static
../Core/Src/main.c:557:6:Error_Handler	4	static,ignoring_inline_asm
