../Core/Src/main.c:89:5:main	8	static
../Core/Src/main.c:166:6:SystemClock_Config	88	static
../Core/Src/main.c:215:13:MX_I2C1_Init	8	static
../Core/Src/main.c:249:13:MX_RTC_Init	24	static
../Core/Src/main.c:319:13:MX_TIM2_Init	64	static
../Core/Src/main.c:381:13:MX_TIM3_Init	32	static
../Core/Src/main.c:426:13:MX_TIM4_Init	32	static
../Core/Src/main.c:471:13:MX_USART1_UART_Init	8	static
../Core/Src/main.c:504:13:MX_USART2_UART_Init	8	static
../Core/Src/main.c:537:13:MX_GPIO_Init	40	static
../Core/Src/main.c:601:6:Error_Handler	4	static,ignoring_inline_asm
