../Core/Src/MyServicesSrc/state_machine.c:69:6:state_machine_init	24	static
../Core/Src/MyServicesSrc/state_machine.c:91:6:state_machine_run	8	static
../Core/Src/MyServicesSrc/state_machine.c:128:13:state_machine_run_s0_wakeup	56	static
../Core/Src/MyServicesSrc/state_machine.c:154:13:state_machine_run_s1_measure	16	static
../Core/Src/MyServicesSrc/state_machine.c:168:13:state_machine_run_s2_analyze	16	static
../Core/Src/MyServicesSrc/state_machine.c:186:13:state_machine_run_s3_transmit	16	static
../Core/Src/MyServicesSrc/state_machine.c:204:13:state_machine_run_s4_sleep	16	static
../Core/Src/MyServicesSrc/state_machine.c:221:13:state_machine_run_s5_fail_safe	16	static
